None
step: 0
step: 1
calling dft
updating gp
step: 2
calling dft
updating gp
step: 3
calling dft
updating gp
step: 4
calling dft
updating gp
