2022-01-27 16:12:54.201088
python 3.8.5 (default, Sep  4 2020, 02:22:02) 
[Clang 10.0.0 ]
numpy 1.20.3
ase 3.21.1
flare 0.2.4

Number of cpu cores: 1
Kernel: ['twobody', 'threebody']
Training points: 20
Cutoffs: {'twobody': 10.0, 'threebody': 6.0}
Number of hyperparameters: 5
Hyperparameter array: [1.24917971e-02 1.83576712e+00 6.30676593e-04 5.64987563e-01
 6.78815802e-02]
sig2: 0.012491797115993505 
ls2: 1.8357671229990962 
sig3: 0.0006306765930455734 
ls3: 0.5649875625811804 
noise: 0.06788158020294645 

Uncertainty tolerance: 1.0 times noise hyperparameter 
Timestep (ps): 0.001
Number of frames: 8
Number of atoms: 4
System species: {'H', 'He'}
Periodic cell (A): 
[[ 9.99138634e+00  1.12024111e-03 -1.06497691e-03]
 [ 0.00000000e+00  4.99506936e+00 -8.55976136e-04]
 [ 0.00000000e+00  0.00000000e+00  4.99470642e+00]]
Restart: 5 

Previous positions (A):
H        0.3112   -0.2531    0.2194
He       2.0507    2.4611    2.4376
H        5.3457   -0.0312   -0.3875
He       7.7835    2.8983    2.0295
--------------------------------------------------------------------------------
--------------------------------------------------------------------------------
-Frame: 5 
Simulation Time:      0.005 ps 
El            Position (A)                    GP Force (ev/A)                   Std. Dev (ev/A)                  Velocities (A/ps)       
H        0.3112   -0.2531    0.2194        0.0000    0.0000    0.0000        0.0000    0.0000    0.0000        0.0000    0.0000    0.0000
He       2.0507    2.4611    2.4376       -0.9289    0.0093    0.0220        0.0000    0.0000    0.0000      -35.4324    5.5450   13.9750
H        5.3457   -0.0312   -0.3875        0.4747   -0.2340    0.0758        0.0000    0.0000    0.0000       38.8780  -23.9817   13.7977
He       7.7835    2.8983    2.0295        0.4500    0.2881   -0.1377        0.0000    0.0000    0.0000       25.3719    1.2095  -16.8011

Periodic cell (A): 
[[ 9.99138634e+00  1.12024111e-03 -1.06497691e-03]
 [ 0.00000000e+00  4.99506936e+00 -8.55976136e-04]
 [ 0.00000000e+00  0.00000000e+00  4.99470642e+00]]

Stress tensor (GPa):
       xx        yy        zz        yz        xz        xy
     1.017     1.012     1.217     0.228     0.008    -0.181

Pressure (GPa): 1.081918 
Temperature (K): 1595.26 
Kinetic energy (eV): 0.618611 
Potential energy (eV): -0.610668 
Total energy (eV): 0.007943 

Wall time from start: 0.00 s
--------------------------------------------------------------------------------
-Frame: 6 
Simulation Time:      0.006 ps 
El            Position (A)                    GP Force (ev/A)                   Std. Dev (ev/A)                  Velocities (A/ps)       
H        0.3112   -0.2531    0.2194        0.0000    0.0000    0.0000        0.0000    0.0000    0.0000        0.0000    0.0000    0.0000
He       2.0142    2.4667    2.4516       -0.9758    0.0091    0.0173        0.0000    0.0000    0.0000      -37.7293    5.5676   14.0229
H        5.3868   -0.0563   -0.3733        0.5105   -0.2417    0.0949        0.0000    0.0000    0.0000       43.5944  -26.2600   14.6160
He       7.8094    2.8999    2.0126        0.4805    0.2944   -0.1496        0.0000    0.0000    0.0000       26.4942    1.9116  -17.1482

Periodic cell (A): 
[[ 9.99138634e+00  1.12024111e-03 -1.06497691e-03]
 [ 0.00000000e+00  4.99506936e+00 -8.55976136e-04]
 [ 0.00000000e+00  0.00000000e+00  4.99470642e+00]]

Stress tensor (GPa):
       xx        yy        zz        yz        xz        xy
    -1.102    -0.241     0.192    -0.013    -1.323    -1.114

Pressure (GPa): -0.383740 
Temperature (K): 1795.56 
Kinetic energy (eV): 0.696282 
Potential energy (eV): -0.688242 
Total energy (eV): 0.008040 

Wall time from start: 0.39 s
--------------------------------------------------------------------------------
-Frame: 7 
Simulation Time:      0.007 ps 
El            Position (A)                    GP Force (ev/A)                   Std. Dev (ev/A)                  Velocities (A/ps)       
H        0.3112   -0.2531    0.2194        0.0000    0.0000    0.0000        0.0000    0.0000    0.0000        0.0000    0.0000    0.0000
He       1.9752    2.4720    2.4652       -1.0125    0.0037    0.0150        0.0000    0.0000    0.0000      -40.1169    5.5872   14.0670
H        5.4326   -0.0837   -0.3583        0.5442   -0.2467    0.1126        0.0000    0.0000    0.0000       48.6312  -28.6009   15.6017
He       7.8361    2.9019    1.9947        0.4999    0.2978   -0.1578        0.0000    0.0000    0.0000       27.6696    2.6219  -17.5220

Periodic cell (A): 
[[ 9.99089424e+00  1.20997626e-03 -1.32662010e-03]
 [ 0.00000000e+00  4.99448899e+00 -9.96969461e-04]
 [ 0.00000000e+00  0.00000000e+00  4.99405856e+00]]

Stress tensor (GPa):
       xx        yy        zz        yz        xz        xy
    -1.161    -0.262     0.201    -0.018    -1.429    -1.220

Pressure (GPa): -0.407411 
Temperature (K): 2022.35 
Kinetic energy (eV): 0.784227 
Potential energy (eV): -0.776371 
Total energy (eV): 0.007856 

Wall time from start: 0.78 s
--------------------
Run complete.
