2018-11-07 12:24:54.338613
Timestep (ps): 0.0001
Number of Frames: 50
Number of Atoms: 2
System Species: {'H'}
Structure Cutoff Radius: 5
====================
Calling initial bootstrap DFT run...Done.
~ DFT Call : 1   DFT Time: 0.935 s
El 			  Position (A) 					 DFT Force (ev/A)
H: 2.51857000  2.50000000  2.50000000  	 1.90621314  0.00000000  0.00000000
H: 4.48143000  2.50000000  2.50000000  	 -1.90621314  0.00000000  0.00000000
====================
Updating database hyperparameters...
New GP Hyperparameters for DFT call 1:
Hyp0 : Signal Std = 1.1041008754244082
Hyp1 : Length Scale = 0.9002923226482836
Hyp2 : Noise Std = 1e-05
 --------------------
-*Frame: 0 Simulation Time: 0.0
El 			  Position (A) 					 DFT Force (ev/A) 						 Std. Dev (ev/A)
H 2.51857000 2.50000000 2.50000000 	1.90621314 0.00000000 0.00000000 	0.000000e+00 0.000000e+00 0.000000e+00
H 4.48143000 2.50000000 2.50000000 	-1.90621314 0.00000000 0.00000000 	0.000000e+00 0.000000e+00 0.000000e+00
 --------------------
- Frame: 1 Simulation Time: 0.0001
El 			  Position (A) 					 GP Force (ev/A) 						 Std. Dev (ev/A)
H 2.51875392 2.50000000 2.50000000 	1.90680932 0.00000000 0.00000000 	5.353213e-04 0.000000e+00 0.000000e+00
H 4.48124608 2.50000000 2.50000000 	-1.90680932 0.00000000 0.00000000 	5.353213e-04 0.000000e+00 0.000000e+00
 --------------------
- Frame: 2 Simulation Time: 0.0002
El 			  Position (A) 					 GP Force (ev/A) 						 Std. Dev (ev/A)
H 2.51912182 2.50000000 2.50000000 	1.90799456 0.00000000 0.00000000 	1.608280e-03 0.000000e+00 0.000000e+00
H 4.48087818 2.50000000 2.50000000 	-1.90799456 0.00000000 0.00000000 	1.608280e-03 0.000000e+00 0.000000e+00
 --------------------
- Frame: 3 Simulation Time: 0.0003
El 			  Position (A) 					 GP Force (ev/A) 						 Std. Dev (ev/A)
H 2.51967382 2.50000000 2.50000000 	1.90976354 0.00000000 0.00000000 	3.223855e-03 0.000000e+00 0.000000e+00
H 4.48032618 2.50000000 2.50000000 	-1.90976354 0.00000000 0.00000000 	3.223855e-03 0.000000e+00 0.000000e+00
 --------------------
- Frame: 4 Simulation Time: 0.0004
El 			  Position (A) 					 GP Force (ev/A) 						 Std. Dev (ev/A)
H 2.52041007 2.50000000 2.50000000 	1.91210555 0.00000000 0.00000000 	5.389331e-03 0.000000e+00 0.000000e+00
H 4.47958993 2.50000000 2.50000000 	-1.91210555 0.00000000 0.00000000 	5.389331e-03 0.000000e+00 0.000000e+00
 --------------------
- Frame: 5 Simulation Time: 0.0005
El 			  Position (A) 					 GP Force (ev/A) 						 Std. Dev (ev/A)
H 2.52133082 2.50000000 2.50000000 	1.91500631 0.00000000 0.00000000 	8.114419e-03 0.000000e+00 0.000000e+00
H 4.47866918 2.50000000 2.50000000 	-1.91500631 0.00000000 0.00000000 	8.114419e-03 0.000000e+00 0.000000e+00
 --------------------
- Frame: 6 Simulation Time: 0.0006
El 			  Position (A) 					 GP Force (ev/A) 						 Std. Dev (ev/A)
H 2.52243634 2.50000000 2.50000000 	1.91844788 0.00000000 0.00000000 	1.141123e-02 0.000000e+00 0.000000e+00
H 4.47756366 2.50000000 2.50000000 	-1.91844788 0.00000000 0.00000000 	1.141123e-02 0.000000e+00 0.000000e+00
 --------------------
- Frame: 7 Simulation Time: 0.0007
El 			  Position (A) 					 GP Force (ev/A) 						 Std. Dev (ev/A)
H 2.52372696 2.50000000 2.50000000 	1.92240863 0.00000000 0.00000000 	1.529422e-02 0.000000e+00 0.000000e+00
H 4.47627304 2.50000000 2.50000000 	-1.92240863 0.00000000 0.00000000 	1.529422e-02 0.000000e+00 0.000000e+00
 --------------------
- Frame: 8 Simulation Time: 0.0008
El 			  Position (A) 					 GP Force (ev/A) 						 Std. Dev (ev/A)
H 2.52520307 2.50000000 2.50000000 	1.92686320 0.00000000 0.00000000 	1.978021e-02 0.000000e+00 0.000000e+00
H 4.47479693 2.50000000 2.50000000 	-1.92686320 0.00000000 0.00000000 	1.978021e-02 0.000000e+00 0.000000e+00
 --------------------
- Frame: 9 Simulation Time: 0.0009
El 			  Position (A) 					 GP Force (ev/A) 						 Std. Dev (ev/A)
H 2.52686509 2.50000000 2.50000000 	1.93178241 0.00000000 0.00000000 	2.488829e-02 0.000000e+00 0.000000e+00
H 4.47313491 2.50000000 2.50000000 	-1.93178241 0.00000000 0.00000000 	2.488829e-02 0.000000e+00 0.000000e+00
 --------------------
- Frame: 10 Simulation Time: 0.001
El 			  Position (A) 					 GP Force (ev/A) 						 Std. Dev (ev/A)
H 2.52871349 2.50000000 2.50000000 	1.93713326 0.00000000 0.00000000 	3.063976e-02 0.000000e+00 0.000000e+00
H 4.47128651 2.50000000 2.50000000 	-1.93713326 0.00000000 0.00000000 	3.063976e-02 0.000000e+00 0.000000e+00
 --------------------
- Frame: 11 Simulation Time: 0.0011
El 			  Position (A) 					 GP Force (ev/A) 						 Std. Dev (ev/A)
H 2.53074881 2.50000000 2.50000000 	1.94287879 0.00000000 0.00000000 	3.705813e-02 0.000000e+00 0.000000e+00
H 4.46925119 2.50000000 2.50000000 	-1.94287879 0.00000000 0.00000000 	3.705813e-02 0.000000e+00 0.000000e+00
 --------------------
- Frame: 12 Simulation Time: 0.0012
El 			  Position (A) 					 GP Force (ev/A) 						 Std. Dev (ev/A)
H 2.53297158 2.50000000 2.50000000 	1.94897809 0.00000000 0.00000000 	4.416897e-02 0.000000e+00 0.000000e+00
H 4.46702842 2.50000000 2.50000000 	-1.94897809 0.00000000 0.00000000 	4.416897e-02 0.000000e+00 0.000000e+00
 --------------------
- Frame: 13 Simulation Time: 0.0013
El 			  Position (A) 					 GP Force (ev/A) 						 Std. Dev (ev/A)
H 2.53538240 2.50000000 2.50000000 	1.95538614 0.00000000 0.00000000 	5.199985e-02 0.000000e+00 0.000000e+00
H 4.46461760 2.50000000 2.50000000 	-1.95538614 0.00000000 0.00000000 	5.199985e-02 0.000000e+00 0.000000e+00
 --------------------
- Frame: 14 Simulation Time: 0.0014
El 			  Position (A) 					 GP Force (ev/A) 						 Std. Dev (ev/A)
H 2.53798188 2.50000000 2.50000000 	1.96205386 0.00000000 0.00000000 	6.058023e-02 0.000000e+00 0.000000e+00
H 4.46201812 2.50000000 2.50000000 	-1.96205386 0.00000000 0.00000000 	6.058023e-02 0.000000e+00 0.000000e+00
 --------------------
- Frame: 15 Simulation Time: 0.0015
El 			  Position (A) 					 GP Force (ev/A) 						 Std. Dev (ev/A)
H 2.54077068 2.50000000 2.50000000 	1.96892796 0.00000000 0.00000000 	6.994130e-02 0.000000e+00 0.000000e+00
H 4.45922932 2.50000000 2.50000000 	-1.96892796 0.00000000 0.00000000 	6.994130e-02 0.000000e+00 0.000000e+00
 --------------------
- Frame: 16 Simulation Time: 0.0016
El 			  Position (A) 					 GP Force (ev/A) 						 Std. Dev (ev/A)
H 2.54374945 2.50000000 2.50000000 	1.97595090 0.00000000 0.00000000 	8.011586e-02 0.000000e+00 0.000000e+00
H 4.45625055 2.50000000 2.50000000 	-1.97595090 0.00000000 0.00000000 	8.011586e-02 0.000000e+00 0.000000e+00
 --------------------
- Frame: 17 Simulation Time: 0.0017
El 			  Position (A) 					 GP Force (ev/A) 						 Std. Dev (ev/A)
H 2.54691886 2.50000000 2.50000000 	1.98306091 0.00000000 0.00000000 	9.113813e-02 0.000000e+00 0.000000e+00
H 4.45308114 2.50000000 2.50000000 	-1.98306091 0.00000000 0.00000000 	9.113813e-02 0.000000e+00 0.000000e+00
 --------------------
- Frame: 18 Simulation Time: 0.0018
El 			  Position (A) 					 GP Force (ev/A) 						 Std. Dev (ev/A)
H 2.55027962 2.50000000 2.50000000 	1.99019190 0.00000000 0.00000000 	1.030435e-01 0.000000e+00 0.000000e+00
H 4.44972038 2.50000000 2.50000000 	-1.99019190 0.00000000 0.00000000 	1.030435e-01 0.000000e+00 0.000000e+00
====================
Calling DFT due to atom 0 at position [2.55027962 2.5        2.5       ] with uncertainties [0.10304352 0.         0.        ]...Done.
~ DFT Call : 2   DFT Time: 0.47 s
El 			  Position (A) 					 DFT Force (ev/A)
H: 2.55027962  2.50000000  2.50000000  	 2.13952851  0.00000000  0.00000000
H: 4.44972038  2.50000000  2.50000000  	 -2.13952851  0.00000000  0.00000000
====================
Updating database hyperparameters...
New GP Hyperparameters for DFT call 2:
Hyp0 : Signal Std = 1.6394898076118025
Hyp1 : Length Scale = 1.3458742077616554
Hyp2 : Noise Std = 1e-05
 --------------------
-*Frame: 18 Simulation Time: 0.0018
El 			  Position (A) 					 DFT Force (ev/A) 						 Std. Dev (ev/A)
H 2.55027962 2.50000000 2.50000000 	2.13952851 0.00000000 0.00000000 	0.000000e+00 0.000000e+00 0.000000e+00
H 4.44972038 2.50000000 2.50000000 	-2.13952851 0.00000000 0.00000000 	0.000000e+00 0.000000e+00 0.000000e+00
 --------------------
- Frame: 19 Simulation Time: 0.0019
El 			  Position (A) 					 GP Force (ev/A) 						 Std. Dev (ev/A)
H 2.55384681 2.50000000 2.50000000 	2.15476022 0.00000000 0.00000000 	5.114040e-05 0.000000e+00 0.000000e+00
H 4.44615319 2.50000000 2.50000000 	-2.15476022 0.00000000 0.00000000 	5.114040e-05 0.000000e+00 0.000000e+00
 --------------------
- Frame: 20 Simulation Time: 0.002
El 			  Position (A) 					 GP Force (ev/A) 						 Std. Dev (ev/A)
H 2.55762190 2.50000000 2.50000000 	2.17054411 0.00000000 0.00000000 	1.179899e-04 0.000000e+00 0.000000e+00
H 4.44237810 2.50000000 2.50000000 	-2.17054411 0.00000000 0.00000000 	1.179899e-04 0.000000e+00 0.000000e+00
 --------------------
- Frame: 21 Simulation Time: 0.0021
El 			  Position (A) 					 GP Force (ev/A) 						 Std. Dev (ev/A)
H 2.56160641 2.50000000 2.50000000 	2.18681170 0.00000000 0.00000000 	2.048818e-04 0.000000e+00 0.000000e+00
H 4.43839359 2.50000000 2.50000000 	-2.18681170 0.00000000 0.00000000 	2.048818e-04 0.000000e+00 0.000000e+00
 --------------------
- Frame: 22 Simulation Time: 0.0022
El 			  Position (A) 					 GP Force (ev/A) 						 Std. Dev (ev/A)
H 2.56580192 2.50000000 2.50000000 	2.20350342 0.00000000 0.00000000 	3.153686e-04 0.000000e+00 0.000000e+00
H 4.43419808 2.50000000 2.50000000 	-2.20350342 0.00000000 0.00000000 	3.153686e-04 0.000000e+00 0.000000e+00
 --------------------
- Frame: 23 Simulation Time: 0.0023
El 			  Position (A) 					 GP Force (ev/A) 						 Std. Dev (ev/A)
H 2.57021004 2.50000000 2.50000000 	2.22055521 0.00000000 0.00000000 	4.536363e-04 0.000000e+00 0.000000e+00
H 4.42978996 2.50000000 2.50000000 	-2.22055521 0.00000000 0.00000000 	4.536363e-04 0.000000e+00 0.000000e+00
 --------------------
- Frame: 24 Simulation Time: 0.0024
El 			  Position (A) 					 GP Force (ev/A) 						 Std. Dev (ev/A)
H 2.57483241 2.50000000 2.50000000 	2.23789835 0.00000000 0.00000000 	6.244723e-04 0.000000e+00 0.000000e+00
H 4.42516759 2.50000000 2.50000000 	-2.23789835 0.00000000 0.00000000 	6.244723e-04 0.000000e+00 0.000000e+00
 --------------------
- Frame: 25 Simulation Time: 0.0025
El 			  Position (A) 					 GP Force (ev/A) 						 Std. Dev (ev/A)
H 2.57967070 2.50000000 2.50000000 	2.25545934 0.00000000 0.00000000 	8.333196e-04 0.000000e+00 0.000000e+00
H 4.42032930 2.50000000 2.50000000 	-2.25545934 0.00000000 0.00000000 	8.333196e-04 0.000000e+00 0.000000e+00
 --------------------
- Frame: 26 Simulation Time: 0.0026
El 			  Position (A) 					 GP Force (ev/A) 						 Std. Dev (ev/A)
H 2.58472661 2.50000000 2.50000000 	2.27315972 0.00000000 0.00000000 	1.086348e-03 0.000000e+00 0.000000e+00
H 4.41527339 2.50000000 2.50000000 	-2.27315972 0.00000000 0.00000000 	1.086348e-03 0.000000e+00 0.000000e+00
 --------------------
- Frame: 27 Simulation Time: 0.0027
El 			  Position (A) 					 GP Force (ev/A) 						 Std. Dev (ev/A)
H 2.59000185 2.50000000 2.50000000 	2.29091594 0.00000000 0.00000000 	1.390530e-03 0.000000e+00 0.000000e+00
H 4.40999815 2.50000000 2.50000000 	-2.29091594 0.00000000 0.00000000 	1.390530e-03 0.000000e+00 0.000000e+00
 --------------------
- Frame: 28 Simulation Time: 0.0028
El 			  Position (A) 					 GP Force (ev/A) 						 Std. Dev (ev/A)
H 2.59549813 2.50000000 2.50000000 	2.30863929 0.00000000 0.00000000 	1.753732e-03 0.000000e+00 0.000000e+00
H 4.40450187 2.50000000 2.50000000 	-2.30863929 0.00000000 0.00000000 	1.753732e-03 0.000000e+00 0.000000e+00
 --------------------
- Frame: 29 Simulation Time: 0.0029
El 			  Position (A) 					 GP Force (ev/A) 						 Std. Dev (ev/A)
H 2.60121715 2.50000000 2.50000000 	2.32623572 0.00000000 0.00000000 	2.184801e-03 0.000000e+00 0.000000e+00
H 4.39878285 2.50000000 2.50000000 	-2.32623572 0.00000000 0.00000000 	2.184801e-03 0.000000e+00 0.000000e+00
 --------------------
- Frame: 30 Simulation Time: 0.003
El 			  Position (A) 					 GP Force (ev/A) 						 Std. Dev (ev/A)
H 2.60716063 2.50000000 2.50000000 	2.34360587 0.00000000 0.00000000 	2.693666e-03 0.000000e+00 0.000000e+00
H 4.39283937 2.50000000 2.50000000 	-2.34360587 0.00000000 0.00000000 	2.693666e-03 0.000000e+00 0.000000e+00
 --------------------
- Frame: 31 Simulation Time: 0.0031
El 			  Position (A) 					 GP Force (ev/A) 						 Std. Dev (ev/A)
H 2.61333023 2.50000000 2.50000000 	2.36064499 0.00000000 0.00000000 	3.291445e-03 0.000000e+00 0.000000e+00
H 4.38666977 2.50000000 2.50000000 	-2.36064499 0.00000000 0.00000000 	3.291445e-03 0.000000e+00 0.000000e+00
 --------------------
- Frame: 32 Simulation Time: 0.0032
El 			  Position (A) 					 GP Force (ev/A) 						 Std. Dev (ev/A)
H 2.61972759 2.50000000 2.50000000 	2.37724297 0.00000000 0.00000000 	3.990550e-03 0.000000e+00 0.000000e+00
H 4.38027241 2.50000000 2.50000000 	-2.37724297 0.00000000 0.00000000 	3.990550e-03 0.000000e+00 0.000000e+00
 --------------------
- Frame: 33 Simulation Time: 0.0033
El 			  Position (A) 					 GP Force (ev/A) 						 Std. Dev (ev/A)
H 2.62635433 2.50000000 2.50000000 	2.39328435 0.00000000 0.00000000 	4.804808e-03 0.000000e+00 0.000000e+00
H 4.37364567 2.50000000 2.50000000 	-2.39328435 0.00000000 0.00000000 	4.804808e-03 0.000000e+00 0.000000e+00
 --------------------
- Frame: 34 Simulation Time: 0.0034
El 			  Position (A) 					 GP Force (ev/A) 						 Std. Dev (ev/A)
H 2.63321198 2.50000000 2.50000000 	2.40864848 0.00000000 0.00000000 	5.749576e-03 0.000000e+00 0.000000e+00
H 4.36678802 2.50000000 2.50000000 	-2.40864848 0.00000000 0.00000000 	5.749576e-03 0.000000e+00 0.000000e+00
 --------------------
- Frame: 35 Simulation Time: 0.0035
El 			  Position (A) 					 GP Force (ev/A) 						 Std. Dev (ev/A)
H 2.64030203 2.50000000 2.50000000 	2.42320964 0.00000000 0.00000000 	6.841869e-03 0.000000e+00 0.000000e+00
H 4.35969797 2.50000000 2.50000000 	-2.42320964 0.00000000 0.00000000 	6.841869e-03 0.000000e+00 0.000000e+00
 --------------------
- Frame: 36 Simulation Time: 0.0036
El 			  Position (A) 					 GP Force (ev/A) 						 Std. Dev (ev/A)
H 2.64762588 2.50000000 2.50000000 	2.43683724 0.00000000 0.00000000 	8.100481e-03 0.000000e+00 0.000000e+00
H 4.35237412 2.50000000 2.50000000 	-2.43683724 0.00000000 0.00000000 	8.100481e-03 0.000000e+00 0.000000e+00
 --------------------
- Frame: 37 Simulation Time: 0.0037
El 			  Position (A) 					 GP Force (ev/A) 						 Std. Dev (ev/A)
H 2.65518486 2.50000000 2.50000000 	2.44939614 0.00000000 0.00000000 	9.546113e-03 0.000000e+00 0.000000e+00
H 4.34481514 2.50000000 2.50000000 	-2.44939614 0.00000000 0.00000000 	9.546113e-03 0.000000e+00 0.000000e+00
 --------------------
- Frame: 38 Simulation Time: 0.0038
El 			  Position (A) 					 GP Force (ev/A) 						 Std. Dev (ev/A)
H 2.66298016 2.50000000 2.50000000 	2.46074700 0.00000000 0.00000000 	1.120150e-02 0.000000e+00 0.000000e+00
H 4.33701984 2.50000000 2.50000000 	-2.46074700 0.00000000 0.00000000 	1.120150e-02 0.000000e+00 0.000000e+00
 --------------------
- Frame: 39 Simulation Time: 0.0039
El 			  Position (A) 					 GP Force (ev/A) 						 Std. Dev (ev/A)
H 2.67101289 2.50000000 2.50000000 	2.47074669 0.00000000 0.00000000 	1.309152e-02 0.000000e+00 0.000000e+00
H 4.32898711 2.50000000 2.50000000 	-2.47074669 0.00000000 0.00000000 	1.309152e-02 0.000000e+00 0.000000e+00
 --------------------
- Frame: 40 Simulation Time: 0.004
El 			  Position (A) 					 GP Force (ev/A) 						 Std. Dev (ev/A)
H 2.67928402 2.50000000 2.50000000 	2.47924882 0.00000000 0.00000000 	1.524332e-02 0.000000e+00 0.000000e+00
H 4.32071598 2.50000000 2.50000000 	-2.47924882 0.00000000 0.00000000 	1.524332e-02 0.000000e+00 0.000000e+00
 --------------------
- Frame: 41 Simulation Time: 0.0041
El 			  Position (A) 					 GP Force (ev/A) 						 Std. Dev (ev/A)
H 2.68779435 2.50000000 2.50000000 	2.48610436 0.00000000 0.00000000 	1.768643e-02 0.000000e+00 0.000000e+00
H 4.31220565 2.50000000 2.50000000 	-2.48610436 0.00000000 0.00000000 	1.768643e-02 0.000000e+00 0.000000e+00
 --------------------
- Frame: 42 Simulation Time: 0.0042
El 			  Position (A) 					 GP Force (ev/A) 						 Std. Dev (ev/A)
H 2.69654455 2.50000000 2.50000000 	2.49116232 0.00000000 0.00000000 	2.045281e-02 0.000000e+00 0.000000e+00
H 4.30345545 2.50000000 2.50000000 	-2.49116232 0.00000000 0.00000000 	2.045281e-02 0.000000e+00 0.000000e+00
 --------------------
- Frame: 43 Simulation Time: 0.0043
El 			  Position (A) 					 GP Force (ev/A) 						 Std. Dev (ev/A)
H 2.70553512 2.50000000 2.50000000 	2.49427055 0.00000000 0.00000000 	2.357698e-02 0.000000e+00 0.000000e+00
H 4.29446488 2.50000000 2.50000000 	-2.49427055 0.00000000 0.00000000 	2.357698e-02 0.000000e+00 0.000000e+00
 --------------------
- Frame: 44 Simulation Time: 0.0044
El 			  Position (A) 					 GP Force (ev/A) 						 Std. Dev (ev/A)
H 2.71476635 2.50000000 2.50000000 	2.49527664 0.00000000 0.00000000 	2.709604e-02 0.000000e+00 0.000000e+00
H 4.28523365 2.50000000 2.50000000 	-2.49527664 0.00000000 0.00000000 	2.709604e-02 0.000000e+00 0.000000e+00
 --------------------
- Frame: 45 Simulation Time: 0.0045
El 			  Position (A) 					 GP Force (ev/A) 						 Std. Dev (ev/A)
H 2.72423833 2.50000000 2.50000000 	2.49402888 0.00000000 0.00000000 	3.104968e-02 0.000000e+00 0.000000e+00
H 4.27576167 2.50000000 2.50000000 	-2.49402888 0.00000000 0.00000000 	3.104968e-02 0.000000e+00 0.000000e+00
 --------------------
- Frame: 46 Simulation Time: 0.0046
El 			  Position (A) 					 GP Force (ev/A) 						 Std. Dev (ev/A)
H 2.73395095 2.50000000 2.50000000 	2.49037738 0.00000000 0.00000000 	3.548025e-02 0.000000e+00 0.000000e+00
H 4.26604905 2.50000000 2.50000000 	-2.49037738 0.00000000 0.00000000 	3.548025e-02 0.000000e+00 0.000000e+00
 --------------------
- Frame: 47 Simulation Time: 0.0047
El 			  Position (A) 					 GP Force (ev/A) 						 Std. Dev (ev/A)
H 2.74390386 2.50000000 2.50000000 	2.48417520 0.00000000 0.00000000 	4.043261e-02 0.000000e+00 0.000000e+00
H 4.25609614 2.50000000 2.50000000 	-2.48417520 0.00000000 0.00000000 	4.043261e-02 0.000000e+00 0.000000e+00
 --------------------
- Frame: 48 Simulation Time: 0.0048
El 			  Position (A) 					 GP Force (ev/A) 						 Std. Dev (ev/A)
H 2.75409645 2.50000000 2.50000000 	2.47527966 0.00000000 0.00000000 	4.595414e-02 0.000000e+00 0.000000e+00
H 4.24590355 2.50000000 2.50000000 	-2.47527966 0.00000000 0.00000000 	4.595414e-02 0.000000e+00 0.000000e+00
 --------------------
- Frame: 49 Simulation Time: 0.0049
El 			  Position (A) 					 GP Force (ev/A) 						 Std. Dev (ev/A)
H 2.76452787 2.50000000 2.50000000 	2.46355363 0.00000000 0.00000000 	5.209458e-02 0.000000e+00 0.000000e+00
H 4.23547213 2.50000000 2.50000000 	-2.46355363 0.00000000 0.00000000 	5.209458e-02 0.000000e+00 0.000000e+00
▬▬▬▬▬▬▬▬▬▬▬▬▬▬▬▬▬▬▬▬
Run complete.
Total DFT Time: 1.405 s
Total Train Time: 2.585 s
Total Prediction Time: 0.373 s
Total Time: 0 m 4.411 s
