2018-10-19 13:42:30.760356
Timestep (ps): 0.0001
Number of Frames: 5
Number of Atoms: 2
System Species: {'H'}
====================
Calling initial bootstrap DFT run...Done.
~ DFT Call : 1   DFT Time: 0.512 s 
El 			  Position (A) 					 DFT Force (ev/A) 
H: 2.51857000  2.50000000  2.50000000  	 1.90621314  0.00000000  0.00000000  
H: 4.48143000  2.50000000  2.50000000  	 -1.90621314  0.00000000  0.00000000  
====================
Updating database hyperparameters...
New GP Hyperparameters for DFT call 1: 
Hyp0 : Length Sca 1 = 1.1041008754244082
Hyp1 : Signal Std 1 = 0.9002923226482836
Hyp2 : Noise Sigma = 1e-05
 -------------------- 
- Frame: 0 Simulation Time: 0.0
El 			  Position (A) 					 GP Force (ev/A) 						Std. Dev (ev/A) 
H 2.51857000 2.50000000 2.50000000 	1.90621493 0.00000000 0.00000000 	7.071068e-06 0.000000e+00 0.000000e+00 
H 4.48143000 2.50000000 2.50000000 	-1.90621493 0.00000000 0.00000000 	7.071068e-06 0.000000e+00 0.000000e+00 
 -------------------- 
- Frame: 1 Simulation Time: 0.0001
El 			  Position (A) 					 GP Force (ev/A) 						Std. Dev (ev/A) 
H 2.51875392 2.50000000 2.50000000 	1.90680933 0.00000000 0.00000000 	5.353218e-04 0.000000e+00 0.000000e+00 
H 4.48124608 2.50000000 2.50000000 	-1.90680933 0.00000000 0.00000000 	5.353218e-04 0.000000e+00 0.000000e+00 
 -------------------- 
- Frame: 2 Simulation Time: 0.0002
El 			  Position (A) 					 GP Force (ev/A) 						Std. Dev (ev/A) 
H 2.51912182 2.50000000 2.50000000 	1.90799456 0.00000000 0.00000000 	1.608281e-03 0.000000e+00 0.000000e+00 
H 4.48087818 2.50000000 2.50000000 	-1.90799456 0.00000000 0.00000000 	1.608281e-03 0.000000e+00 0.000000e+00 
 -------------------- 
- Frame: 3 Simulation Time: 0.0003
El 			  Position (A) 					 GP Force (ev/A) 						Std. Dev (ev/A) 
H 2.51967382 2.50000000 2.50000000 	1.90976354 0.00000000 0.00000000 	3.223857e-03 0.000000e+00 0.000000e+00 
H 4.48032618 2.50000000 2.50000000 	-1.90976354 0.00000000 0.00000000 	3.223857e-03 0.000000e+00 0.000000e+00 
 -------------------- 
- Frame: 4 Simulation Time: 0.0004
El 			  Position (A) 					 GP Force (ev/A) 						Std. Dev (ev/A) 
H 2.52041008 2.50000000 2.50000000 	1.91210555 0.00000000 0.00000000 	5.389333e-03 0.000000e+00 0.000000e+00 
H 4.47958992 2.50000000 2.50000000 	-1.91210555 0.00000000 0.00000000 	5.389333e-03 0.000000e+00 0.000000e+00 
▬▬▬▬▬▬▬▬▬▬▬▬▬▬▬▬▬▬▬▬
Run complete. 
Total DFT Time: 0.512 s 
Total Train Time: 1.243 s 
Total Time: 0 m 1.814 s 
