2019-03-27 13:28:11.974122
number of cpu cores: 4
cutoffs: [5]
kernel: two_body
number of hyperparameters: 3
hyperparameters: [1 1 1]
hyperparameter optimization algorithm: L-BFGS-B
uncertainty tolerance: 0.1 eV/A
timestep (ps): 0.0001
number of frames: 20
number of atoms: 2
system species: {'H'}
periodic cell: 
[[5. 0. 0.]
 [0. 5. 0.]
 [0. 0. 5.]]
previous positions (A):
H 2.30000000 2.50000000 2.50000000 
H 2.80000000 2.50000000 2.50000000 
--------------------------------------------------------------------------------

Calling Quantum Espresso...
QE run complete.
number of DFT calls: 1 
wall time from start: 0.53 s 

*-Frame: 0
Simulation Time: 0.000 ps 
El 			  Position (A) 					 DFT Force (ev/A) 						 Std. Dev (ev/A) 							 Velocities (A/ps) 
H 2.30000000 2.50000000 2.50000000 	-22.29815461 0.00000000 0.00000000 	0.00000000e+00 0.00000000e+00 0.00000000e+00 	-1.07572244e+01 0.00000000e+00 0.00000000e+00 
H 2.80000000 2.50000000 2.50000000 	22.29815461 0.00000000 0.00000000 	0.00000000e+00 0.00000000e+00 0.00000000e+00 	1.07572244e+01 0.00000000e+00 0.00000000e+00 

temperature: 46.39 K 
kinetic energy: 0.011993 eV 
potential energy: 0.000000 eV 
total energy: 0.011993 eV 
wall time from start: 0.53 s 

Adding atom 0 to the training set.
Uncertainty: [0. 0. 0.].

GP hyperparameters: 
Hyp0 : Signal Std = 1.003045609360523
Hyp1 : Length Scale = 0.9975383300189093
Hyp2 : Noise Std = 1e-06
likelihood: 21.269701591854922
likelihood gradient: [-9.90859427e-05  8.29682155e-05 -2.00000000e+06]
wall time from start: 0.54 s 
--------------------------------------------------------------------------------
-Frame: 1
Simulation Time: 0.000 ps 
El 			  Position (A) 					 GP Force (ev/A) 						 Std. Dev (ev/A) 							 Velocities (A/ps) 
H 2.29784856 2.50000000 2.50000000 	-22.25905884 0.00000000 0.00000000 	1.62346655e-01 0.00000000e+00 0.00000000e+00 	-3.22528122e+01 0.00000000e+00 0.00000000e+00 
H 2.80215144 2.50000000 2.50000000 	22.25905884 0.00000000 0.00000000 	1.62346655e-01 0.00000000e+00 0.00000000e+00 	3.22528122e+01 0.00000000e+00 0.00000000e+00 

temperature: 417.04 K 
kinetic energy: 0.107814 eV 
potential energy: 8.114370 eV 
total energy: 8.222184 eV 
wall time from start: 0.54 s 

Calling Quantum Espresso...
QE run complete.
number of DFT calls: 2 
wall time from start: 0.83 s 

*-Frame: 1
Simulation Time: 0.000 ps 
El 			  Position (A) 					 DFT Force (ev/A) 						 Std. Dev (ev/A) 							 Velocities (A/ps) 
H 2.29784856 2.50000000 2.50000000 	-21.50849288 0.00000000 0.00000000 	1.62346655e-01 0.00000000e+00 0.00000000e+00 	-3.18907192e+01 0.00000000e+00 0.00000000e+00 
H 2.80215144 2.50000000 2.50000000 	21.50849288 0.00000000 0.00000000 	1.62346655e-01 0.00000000e+00 0.00000000e+00 	3.18907192e+01 0.00000000e+00 0.00000000e+00 

temperature: 407.73 K 
kinetic energy: 0.105406 eV 
potential energy: 8.114370 eV 
total energy: 8.219777 eV 
wall time from start: 0.83 s 

Adding atom 0 to the training set.
Uncertainty: [0.16234665 0.         0.        ].

GP hyperparameters: 
Hyp0 : Signal Std = 0.2346192387097103
Hyp1 : Length Scale = 0.21777953786979576
Hyp2 : Noise Std = 1e-06
likelihood: 45.95208848954375
likelihood gradient: [ 1.34337054e-04 -3.24601320e-04 -4.00000000e+06]
wall time from start: 0.85 s 
--------------------------------------------------------------------------------
-Frame: 2
Simulation Time: 0.000 ps 
El 			  Position (A) 					 GP Force (ev/A) 						 Std. Dev (ev/A) 							 Velocities (A/ps) 
H 2.29362186 2.50000000 2.50000000 	-19.89495491 0.00000000 0.00000000 	6.06330720e-02 0.00000000e+00 0.00000000e+00 	-5.18648464e+01 0.00000000e+00 0.00000000e+00 
H 2.80637814 2.50000000 2.50000000 	19.89495491 0.00000000 0.00000000 	6.06330720e-02 0.00000000e+00 0.00000000e+00 	5.18648464e+01 0.00000000e+00 0.00000000e+00 

temperature: 1078.43 K 
kinetic energy: 0.278795 eV 
potential energy: -2.508449 eV 
total energy: -2.229654 eV 
wall time from start: 0.85 s 
--------------------------------------------------------------------------------
-Frame: 3
Simulation Time: 0.000 ps 
El 			  Position (A) 					 GP Force (ev/A) 						 Std. Dev (ev/A) 							 Velocities (A/ps) 
H 2.28747559 2.50000000 2.50000000 	-17.42382815 0.00000000 0.00000000 	2.89212327e-01 0.00000000e+00 0.00000000e+00 	-6.98684224e+01 0.00000000e+00 0.00000000e+00 
H 2.81252441 2.50000000 2.50000000 	17.42382815 0.00000000 0.00000000 	2.89212327e-01 0.00000000e+00 0.00000000e+00 	6.98684224e+01 0.00000000e+00 0.00000000e+00 

temperature: 1957.07 K 
kinetic energy: 0.505942 eV 
potential energy: -2.737955 eV 
total energy: -2.232014 eV 
wall time from start: 0.86 s 

Calling Quantum Espresso...
QE run complete.
number of DFT calls: 3 
wall time from start: 1.15 s 

*-Frame: 3
Simulation Time: 0.000 ps 
El 			  Position (A) 					 DFT Force (ev/A) 						 Std. Dev (ev/A) 							 Velocities (A/ps) 
H 2.28747559 2.50000000 2.50000000 	-18.03172916 0.00000000 0.00000000 	2.89212327e-01 0.00000000e+00 0.00000000e+00 	-7.01616901e+01 0.00000000e+00 0.00000000e+00 
H 2.81252441 2.50000000 2.50000000 	18.03172916 0.00000000 0.00000000 	2.89212327e-01 0.00000000e+00 0.00000000e+00 	7.01616901e+01 0.00000000e+00 0.00000000e+00 

temperature: 1973.53 K 
kinetic energy: 0.510198 eV 
potential energy: -2.737955 eV 
total energy: -2.227757 eV 
wall time from start: 1.15 s 

Adding atom 0 to the training set.
Uncertainty: [0.28921233 0.         0.        ].

GP hyperparameters: 
Hyp0 : Signal Std = 0.5022193370750618
Hyp1 : Length Scale = 0.26639409559781896
Hyp2 : Noise Std = 1e-06
likelihood: 70.48416603521527
likelihood gradient: [ 1.77469046e-05 -8.33117520e-05 -6.00000000e+06]
wall time from start: 1.17 s 
--------------------------------------------------------------------------------
-Frame: 4
Simulation Time: 0.000 ps 
El 			  Position (A) 					 GP Force (ev/A) 						 Std. Dev (ev/A) 							 Velocities (A/ps) 
H 2.27958952 2.50000000 2.50000000 	-15.78693728 0.00000000 0.00000000 	4.24687933e-02 0.00000000e+00 0.00000000e+00 	-8.64767165e+01 0.00000000e+00 0.00000000e+00 
H 2.82041048 2.50000000 2.50000000 	15.78693728 0.00000000 0.00000000 	4.24687933e-02 0.00000000e+00 0.00000000e+00 	8.64767165e+01 0.00000000e+00 0.00000000e+00 

temperature: 2998.08 K 
kinetic energy: 0.775063 eV 
potential energy: -2.366793 eV 
total energy: -1.591729 eV 
wall time from start: 1.17 s 
--------------------------------------------------------------------------------
-Frame: 5
Simulation Time: 0.001 ps 
El 			  Position (A) 					 GP Force (ev/A) 						 Std. Dev (ev/A) 							 Velocities (A/ps) 
H 2.27018024 2.50000000 2.50000000 	-13.58630435 0.00000000 0.00000000 	2.01991651e-01 0.00000000e+00 0.00000000e+00 	-1.00647152e+02 0.00000000e+00 0.00000000e+00 
H 2.82981976 2.50000000 2.50000000 	13.58630435 0.00000000 0.00000000 	2.01991651e-01 0.00000000e+00 0.00000000e+00 	1.00647152e+02 0.00000000e+00 0.00000000e+00 

temperature: 4061.14 K 
kinetic energy: 1.049885 eV 
potential energy: -2.642350 eV 
total energy: -1.592465 eV 
wall time from start: 1.18 s 

Calling Quantum Espresso...
QE run complete.
number of DFT calls: 4 
wall time from start: 1.48 s 

*-Frame: 5
Simulation Time: 0.001 ps 
El 			  Position (A) 					 DFT Force (ev/A) 						 Std. Dev (ev/A) 							 Velocities (A/ps) 
H 2.27018024 2.50000000 2.50000000 	-13.26095564 0.00000000 0.00000000 	2.01991651e-01 0.00000000e+00 0.00000000e+00 	-1.00490195e+02 0.00000000e+00 0.00000000e+00 
H 2.82981976 2.50000000 2.50000000 	13.26095564 0.00000000 0.00000000 	2.01991651e-01 0.00000000e+00 0.00000000e+00 	1.00490195e+02 0.00000000e+00 0.00000000e+00 

temperature: 4048.48 K 
kinetic energy: 1.046613 eV 
potential energy: -2.642350 eV 
total energy: -1.595737 eV 
wall time from start: 1.48 s 

Adding atom 0 to the training set.
Uncertainty: [0.20199165 0.         0.        ].

GP hyperparameters: 
Hyp0 : Signal Std = 0.5932251466696253
Hyp1 : Length Scale = 0.2662654760571111
Hyp2 : Noise Std = 1e-06
likelihood: 95.78697093614304
likelihood gradient: [ 1.14197610e-05  1.70641579e-06 -7.99999998e+06]
wall time from start: 1.50 s 
--------------------------------------------------------------------------------
-Frame: 6
Simulation Time: 0.001 ps 
El 			  Position (A) 					 GP Force (ev/A) 						 Std. Dev (ev/A) 							 Velocities (A/ps) 
H 2.25949148 2.50000000 2.50000000 	-10.75629544 0.00000000 0.00000000 	2.88391937e-02 0.00000000e+00 0.00000000e+00 	-1.12076757e+02 0.00000000e+00 0.00000000e+00 
H 2.84050852 2.50000000 2.50000000 	10.75629544 0.00000000 0.00000000 	2.88391937e-02 0.00000000e+00 0.00000000e+00 	1.12076757e+02 0.00000000e+00 0.00000000e+00 

temperature: 5035.89 K 
kinetic energy: 1.301877 eV 
potential energy: -8.970773 eV 
total energy: -7.668896 eV 
wall time from start: 1.50 s 
--------------------------------------------------------------------------------
-Frame: 7
Simulation Time: 0.001 ps 
El 			  Position (A) 					 GP Force (ev/A) 						 Std. Dev (ev/A) 							 Velocities (A/ps) 
H 2.24776489 2.50000000 2.50000000 	-8.19461799 0.00000000 0.00000000 	1.39547296e-01 0.00000000e+00 0.00000000e+00 	-1.21219183e+02 0.00000000e+00 0.00000000e+00 
H 2.85223511 2.50000000 2.50000000 	8.19461799 0.00000000 0.00000000 	1.39547296e-01 0.00000000e+00 0.00000000e+00 	1.21219183e+02 0.00000000e+00 0.00000000e+00 

temperature: 5890.98 K 
kinetic energy: 1.522935 eV 
potential energy: -9.192796 eV 
total energy: -7.669861 eV 
wall time from start: 1.51 s 

Calling Quantum Espresso...
QE run complete.
number of DFT calls: 5 
wall time from start: 1.80 s 

*-Frame: 7
Simulation Time: 0.001 ps 
El 			  Position (A) 					 DFT Force (ev/A) 						 Std. Dev (ev/A) 							 Velocities (A/ps) 
H 2.24776489 2.50000000 2.50000000 	-8.55628393 0.00000000 0.00000000 	1.39547296e-01 0.00000000e+00 0.00000000e+00 	-1.21393660e+02 0.00000000e+00 0.00000000e+00 
H 2.85223511 2.50000000 2.50000000 	8.55628393 0.00000000 0.00000000 	1.39547296e-01 0.00000000e+00 0.00000000e+00 	1.21393660e+02 0.00000000e+00 0.00000000e+00 

temperature: 5907.95 K 
kinetic energy: 1.527322 eV 
potential energy: -9.192796 eV 
total energy: -7.665474 eV 
wall time from start: 1.80 s 

Adding atom 0 to the training set.
Uncertainty: [0.1395473 0.        0.       ].

GP hyperparameters: 
Hyp0 : Signal Std = 0.7488010324851496
Hyp1 : Length Scale = 0.25345394980438773
Hyp2 : Noise Std = 1e-06
likelihood: 120.23726726439672
likelihood gradient: [ 2.64991598e-06  9.99062877e-08 -9.99999958e+06]
wall time from start: 1.84 s 
--------------------------------------------------------------------------------
-Frame: 8
Simulation Time: 0.001 ps 
El 			  Position (A) 					 GP Force (ev/A) 						 Std. Dev (ev/A) 							 Velocities (A/ps) 
H 2.23521275 2.50000000 2.50000000 	-6.56778242 0.00000000 0.00000000 	3.75799426e-02 0.00000000e+00 0.00000000e+00 	-1.28689913e+02 0.00000000e+00 0.00000000e+00 
H 2.86478725 2.50000000 2.50000000 	6.56778242 0.00000000 0.00000000 	3.75799426e-02 0.00000000e+00 0.00000000e+00 	1.28689913e+02 0.00000000e+00 0.00000000e+00 

temperature: 6639.47 K 
kinetic energy: 1.716436 eV 
potential energy: -5.109118 eV 
total energy: -3.392682 eV 
wall time from start: 1.84 s 
--------------------------------------------------------------------------------
-Frame: 9
Simulation Time: 0.001 ps 
El 			  Position (A) 					 GP Force (ev/A) 						 Std. Dev (ev/A) 							 Velocities (A/ps) 
H 2.22202691 2.50000000 2.50000000 	-5.01529677 0.00000000 0.00000000 	1.77185109e-01 0.00000000e+00 0.00000000e+00 	-1.34277899e+02 0.00000000e+00 0.00000000e+00 
H 2.87797309 2.50000000 2.50000000 	5.01529677 0.00000000 0.00000000 	1.77185109e-01 0.00000000e+00 0.00000000e+00 	1.34277899e+02 0.00000000e+00 0.00000000e+00 

temperature: 7228.59 K 
kinetic energy: 1.868735 eV 
potential energy: -5.260571 eV 
total energy: -3.391836 eV 
wall time from start: 1.85 s 

Calling Quantum Espresso...
QE run complete.
number of DFT calls: 6 
wall time from start: 2.14 s 

*-Frame: 9
Simulation Time: 0.001 ps 
El 			  Position (A) 					 DFT Force (ev/A) 						 Std. Dev (ev/A) 							 Velocities (A/ps) 
H 2.22202691 2.50000000 2.50000000 	-4.65786373 0.00000000 0.00000000 	1.77185109e-01 0.00000000e+00 0.00000000e+00 	-1.34105464e+02 0.00000000e+00 0.00000000e+00 
H 2.87797309 2.50000000 2.50000000 	4.65786373 0.00000000 0.00000000 	1.77185109e-01 0.00000000e+00 0.00000000e+00 	1.34105464e+02 0.00000000e+00 0.00000000e+00 

temperature: 7210.04 K 
kinetic energy: 1.863939 eV 
potential energy: -5.260571 eV 
total energy: -3.396633 eV 
wall time from start: 2.15 s 

Adding atom 0 to the training set.
Uncertainty: [0.17718511 0.         0.        ].

GP hyperparameters: 
Hyp0 : Signal Std = 0.6903253092367262
Hyp1 : Length Scale = 0.23366309430603635
Hyp2 : Noise Std = 1e-06
likelihood: 145.16385200500358
likelihood gradient: [ 1.72690987e-04 -1.33291540e-03 -1.19999978e+07]
wall time from start: 2.31 s 
--------------------------------------------------------------------------------
-Frame: 10
Simulation Time: 0.001 ps 
El 			  Position (A) 					 GP Force (ev/A) 						 Std. Dev (ev/A) 							 Velocities (A/ps) 
H 2.20839165 2.50000000 2.50000000 	-2.95872618 0.00000000 0.00000000 	3.96886918e-02 0.00000000e+00 0.00000000e+00 	-1.37779910e+02 0.00000000e+00 0.00000000e+00 
H 2.89160835 2.50000000 2.50000000 	2.95872618 0.00000000 0.00000000 	3.96886918e-02 0.00000000e+00 0.00000000e+00 	1.37779910e+02 0.00000000e+00 0.00000000e+00 

temperature: 7610.56 K 
kinetic energy: 1.967481 eV 
potential energy: -10.911645 eV 
total energy: -8.944165 eV 
wall time from start: 2.31 s 
--------------------------------------------------------------------------------
-Frame: 11
Simulation Time: 0.001 ps 
El 			  Position (A) 					 GP Force (ev/A) 						 Std. Dev (ev/A) 							 Velocities (A/ps) 
H 2.19447093 2.50000000 2.50000000 	-1.20828754 0.00000000 0.00000000 	1.91530535e-01 0.00000000e+00 0.00000000e+00 	-1.39790189e+02 0.00000000e+00 0.00000000e+00 
H 2.90552907 2.50000000 2.50000000 	1.20828754 0.00000000 0.00000000 	1.91530535e-01 0.00000000e+00 0.00000000e+00 	1.39790189e+02 0.00000000e+00 0.00000000e+00 

temperature: 7834.26 K 
kinetic energy: 2.025313 eV 
potential energy: -10.970000 eV 
total energy: -8.944687 eV 
wall time from start: 2.31 s 

Calling Quantum Espresso...
QE run complete.
number of DFT calls: 7 
wall time from start: 2.62 s 

*-Frame: 11
Simulation Time: 0.001 ps 
El 			  Position (A) 					 DFT Force (ev/A) 						 Std. Dev (ev/A) 							 Velocities (A/ps) 
H 2.19447093 2.50000000 2.50000000 	-1.72731595 0.00000000 0.00000000 	1.91530535e-01 0.00000000e+00 0.00000000e+00 	-1.40040582e+02 0.00000000e+00 0.00000000e+00 
H 2.90552907 2.50000000 2.50000000 	1.72731595 0.00000000 0.00000000 	1.91530535e-01 0.00000000e+00 0.00000000e+00 	1.40040582e+02 0.00000000e+00 0.00000000e+00 

temperature: 7862.35 K 
kinetic energy: 2.032575 eV 
potential energy: -10.970000 eV 
total energy: -8.937425 eV 
wall time from start: 2.62 s 

Adding atom 0 to the training set.
Uncertainty: [0.19153053 0.         0.        ].

GP hyperparameters: 
Hyp0 : Signal Std = 0.6722229937491956
Hyp1 : Length Scale = 0.21432900793877177
Hyp2 : Noise Std = 1e-06
likelihood: 169.04922920128905
likelihood gradient: [ 3.85913533e-03 -4.02108237e-02 -1.39999918e+07]
wall time from start: 2.95 s 
--------------------------------------------------------------------------------
-Frame: 12
Simulation Time: 0.001 ps 
El 			  Position (A) 					 GP Force (ev/A) 						 Std. Dev (ev/A) 							 Velocities (A/ps) 
H 2.18038354 2.50000000 2.50000000 	-0.71278767 0.00000000 0.00000000 	5.94666197e-02 0.00000000e+00 0.00000000e+00 	-1.41217753e+02 0.00000000e+00 0.00000000e+00 
H 2.91961646 2.50000000 2.50000000 	0.71278767 0.00000000 0.00000000 	5.94666197e-02 0.00000000e+00 0.00000000e+00 	1.41217753e+02 0.00000000e+00 0.00000000e+00 

temperature: 7995.09 K 
kinetic energy: 2.066890 eV 
potential energy: -5.411510 eV 
total energy: -3.344620 eV 
wall time from start: 2.96 s 
--------------------------------------------------------------------------------
-Frame: 13
Simulation Time: 0.001 ps 
El 			  Position (A) 					 GP Force (ev/A) 						 Std. Dev (ev/A) 							 Velocities (A/ps) 
H 2.16622738 2.50000000 2.50000000 	-0.16245782 0.00000000 0.00000000 	2.81064421e-01 0.00000000e+00 0.00000000e+00 	-1.41639995e+02 0.00000000e+00 0.00000000e+00 
H 2.93377262 2.50000000 2.50000000 	0.16245782 0.00000000 0.00000000 	2.81064421e-01 0.00000000e+00 0.00000000e+00 	1.41639995e+02 0.00000000e+00 0.00000000e+00 

temperature: 8042.97 K 
kinetic energy: 2.079268 eV 
potential energy: -5.422594 eV 
total energy: -3.343326 eV 
wall time from start: 2.96 s 

Calling Quantum Espresso...
QE run complete.
number of DFT calls: 8 
wall time from start: 3.28 s 

*-Frame: 13
Simulation Time: 0.001 ps 
El 			  Position (A) 					 DFT Force (ev/A) 						 Std. Dev (ev/A) 							 Velocities (A/ps) 
H 2.16622738 2.50000000 2.50000000 	0.35890045 0.00000000 0.00000000 	2.81064421e-01 0.00000000e+00 0.00000000e+00 	-1.41388478e+02 0.00000000e+00 0.00000000e+00 
H 2.93377262 2.50000000 2.50000000 	-0.35890045 0.00000000 0.00000000 	2.81064421e-01 0.00000000e+00 0.00000000e+00 	1.41388478e+02 0.00000000e+00 0.00000000e+00 

temperature: 8014.43 K 
kinetic energy: 2.071890 eV 
potential energy: -5.422594 eV 
total energy: -3.350704 eV 
wall time from start: 3.29 s 

Adding atom 0 to the training set.
Uncertainty: [0.28106442 0.         0.        ].

GP hyperparameters: 
Hyp0 : Signal Std = 0.6135437808331591
Hyp1 : Length Scale = 0.203655060772726
Hyp2 : Noise Std = 1e-06
likelihood: 193.68981271180203
likelihood gradient: [ 5.36596781e-06  2.18074484e-03 -1.59999804e+07]
wall time from start: 3.45 s 
--------------------------------------------------------------------------------
-Frame: 14
Simulation Time: 0.001 ps 
El 			  Position (A) 					 GP Force (ev/A) 						 Std. Dev (ev/A) 							 Velocities (A/ps) 
H 2.15210584 2.50000000 2.50000000 	1.29786863 0.00000000 0.00000000 	6.14627752e-02 0.00000000e+00 0.00000000e+00 	-1.40589208e+02 0.00000000e+00 0.00000000e+00 
H 2.94789416 2.50000000 2.50000000 	-1.29786863 0.00000000 0.00000000 	6.14627752e-02 0.00000000e+00 0.00000000e+00 	1.40589208e+02 0.00000000e+00 0.00000000e+00 

temperature: 7924.08 K 
kinetic energy: 2.048532 eV 
potential energy: -9.297425 eV 
total energy: -7.248894 eV 
wall time from start: 3.46 s 
--------------------------------------------------------------------------------
-Frame: 15
Simulation Time: 0.002 ps 
El 			  Position (A) 					 GP Force (ev/A) 						 Std. Dev (ev/A) 							 Velocities (A/ps) 
H 2.13810953 2.50000000 2.50000000 	2.44756072 0.00000000 0.00000000 	2.83940636e-01 0.00000000e+00 0.00000000e+00 	-1.38782313e+02 0.00000000e+00 0.00000000e+00 
H 2.96189047 2.50000000 2.50000000 	-2.44756072 0.00000000 0.00000000 	2.83940636e-01 0.00000000e+00 0.00000000e+00 	1.38782313e+02 0.00000000e+00 0.00000000e+00 

temperature: 7721.70 K 
kinetic energy: 1.996213 eV 
potential energy: -9.245857 eV 
total energy: -7.249643 eV 
wall time from start: 3.46 s 

Calling Quantum Espresso...
QE run complete.
number of DFT calls: 9 
wall time from start: 3.76 s 

*-Frame: 15
Simulation Time: 0.002 ps 
El 			  Position (A) 					 DFT Force (ev/A) 						 Std. Dev (ev/A) 							 Velocities (A/ps) 
H 2.13810953 2.50000000 2.50000000 	1.79968920 0.00000000 0.00000000 	2.83940636e-01 0.00000000e+00 0.00000000e+00 	-1.39094863e+02 0.00000000e+00 0.00000000e+00 
H 2.96189047 2.50000000 2.50000000 	-1.79968920 0.00000000 0.00000000 	2.83940636e-01 0.00000000e+00 0.00000000e+00 	1.39094863e+02 0.00000000e+00 0.00000000e+00 

temperature: 7756.52 K 
kinetic energy: 2.005215 eV 
potential energy: -9.245857 eV 
total energy: -7.240642 eV 
wall time from start: 3.76 s 

Adding atom 0 to the training set.
Uncertainty: [0.28394064 0.         0.        ].

GP hyperparameters: 
Hyp0 : Signal Std = 0.6139631193331591
Hyp1 : Length Scale = 0.1953777406468574
Hyp2 : Noise Std = 1e-06
likelihood: 217.62699455117973
likelihood gradient: [-7.02229307e-02  1.47060823e-01 -1.79999540e+07]
wall time from start: 3.83 s 
--------------------------------------------------------------------------------
-Frame: 16
Simulation Time: 0.002 ps 
El 			  Position (A) 					 GP Force (ev/A) 						 Std. Dev (ev/A) 							 Velocities (A/ps) 
H 2.12428687 2.50000000 2.50000000 	2.22015714 0.00000000 0.00000000 	8.55137492e-02 0.00000000e+00 0.00000000e+00 	-1.37155582e+02 0.00000000e+00 0.00000000e+00 
H 2.97571313 2.50000000 2.50000000 	-2.22015714 0.00000000 0.00000000 	8.55137492e-02 0.00000000e+00 0.00000000e+00 	1.37155582e+02 0.00000000e+00 0.00000000e+00 

temperature: 7541.74 K 
kinetic energy: 1.949691 eV 
potential energy: -5.110980 eV 
total energy: -3.161290 eV 
wall time from start: 3.84 s 
--------------------------------------------------------------------------------
-Frame: 17
Simulation Time: 0.002 ps 
El 			  Position (A) 					 GP Force (ev/A) 						 Std. Dev (ev/A) 							 Velocities (A/ps) 
H 2.11067842 2.50000000 2.50000000 	2.29128803 0.00000000 0.00000000 	3.07047050e-01 0.00000000e+00 0.00000000e+00 	-1.34979141e+02 0.00000000e+00 0.00000000e+00 
H 2.98932158 2.50000000 2.50000000 	-2.29128803 0.00000000 0.00000000 	3.07047050e-01 0.00000000e+00 0.00000000e+00 	1.34979141e+02 0.00000000e+00 0.00000000e+00 

temperature: 7304.29 K 
kinetic energy: 1.888304 eV 
potential energy: -5.048620 eV 
total energy: -3.160315 eV 
wall time from start: 3.84 s 

Calling Quantum Espresso...
QE run complete.
number of DFT calls: 10 
wall time from start: 4.14 s 

*-Frame: 17
Simulation Time: 0.002 ps 
El 			  Position (A) 					 DFT Force (ev/A) 						 Std. Dev (ev/A) 							 Velocities (A/ps) 
H 2.11067842 2.50000000 2.50000000 	2.77309952 0.00000000 0.00000000 	3.07047050e-01 0.00000000e+00 0.00000000e+00 	-1.34746702e+02 0.00000000e+00 0.00000000e+00 
H 2.98932158 2.50000000 2.50000000 	-2.77309952 0.00000000 0.00000000 	3.07047050e-01 0.00000000e+00 0.00000000e+00 	1.34746702e+02 0.00000000e+00 0.00000000e+00 

temperature: 7279.16 K 
kinetic energy: 1.881807 eV 
potential energy: -5.048620 eV 
total energy: -3.166813 eV 
wall time from start: 4.14 s 

Adding atom 0 to the training set.
Uncertainty: [0.30704705 0.         0.        ].

GP hyperparameters: 
Hyp0 : Signal Std = 0.5970821445733326
Hyp1 : Length Scale = 0.19178633730189426
Hyp2 : Noise Std = 1e-06
likelihood: 242.51432923681924
likelihood gradient: [-5.01303119e-04  1.02466528e-02 -1.99999068e+07]
wall time from start: 4.67 s 
--------------------------------------------------------------------------------
-Frame: 18
Simulation Time: 0.002 ps 
El 			  Position (A) 					 GP Force (ev/A) 						 Std. Dev (ev/A) 							 Velocities (A/ps) 
H 2.09733753 2.50000000 2.50000000 	3.23766717 0.00000000 0.00000000 	7.37365630e-02 0.00000000e+00 0.00000000e+00 	-1.31846948e+02 0.00000000e+00 0.00000000e+00 
H 3.00266247 2.50000000 2.50000000 	-3.23766717 0.00000000 0.00000000 	7.37365630e-02 0.00000000e+00 0.00000000e+00 	1.31846948e+02 0.00000000e+00 0.00000000e+00 

temperature: 6969.23 K 
kinetic energy: 1.801685 eV 
potential energy: -8.102697 eV 
total energy: -6.301012 eV 
wall time from start: 4.68 s 
--------------------------------------------------------------------------------
-Frame: 19
Simulation Time: 0.002 ps 
El 			  Position (A) 					 GP Force (ev/A) 						 Std. Dev (ev/A) 							 Velocities (A/ps) 
H 2.08430903 2.50000000 2.50000000 	3.88162641 0.00000000 0.00000000 	2.42300526e-01 0.00000000e+00 0.00000000e+00 	-1.28412411e+02 0.00000000e+00 0.00000000e+00 
H 3.01569097 2.50000000 2.50000000 	-3.88162641 0.00000000 0.00000000 	2.42300526e-01 0.00000000e+00 0.00000000e+00 	1.28412411e+02 0.00000000e+00 0.00000000e+00 

temperature: 6610.87 K 
kinetic energy: 1.709042 eV 
potential energy: -8.010581 eV 
total energy: -6.301539 eV 
wall time from start: 4.68 s 

Calling Quantum Espresso...
QE run complete.
number of DFT calls: 11 
wall time from start: 4.99 s 

*-Frame: 19
Simulation Time: 0.002 ps 
El 			  Position (A) 					 DFT Force (ev/A) 						 Std. Dev (ev/A) 							 Velocities (A/ps) 
H 2.08430903 2.50000000 2.50000000 	3.41128181 0.00000000 0.00000000 	2.42300526e-01 0.00000000e+00 0.00000000e+00 	-1.28639318e+02 0.00000000e+00 0.00000000e+00 
H 3.01569097 2.50000000 2.50000000 	-3.41128181 0.00000000 0.00000000 	2.42300526e-01 0.00000000e+00 0.00000000e+00 	1.28639318e+02 0.00000000e+00 0.00000000e+00 

temperature: 6634.26 K 
kinetic energy: 1.715087 eV 
potential energy: -8.010581 eV 
total energy: -6.295494 eV 
wall time from start: 4.99 s 

Adding atom 0 to the training set.
Uncertainty: [0.24230053 0.         0.        ].

GP hyperparameters: 
Hyp0 : Signal Std = 0.6320491423472174
Hyp1 : Length Scale = 0.18981126348532526
Hyp2 : Noise Std = 1e-06
likelihood: 267.07308254650366
likelihood gradient: [ 9.53156519e-03 -1.67587681e-01 -2.19997936e+07]
wall time from start: 5.93 s 
▬▬▬▬▬▬▬▬▬▬▬▬▬▬▬▬▬▬▬▬
Run complete. 
