
     Program PWSCF v.6.0 (svn rev. 13079) starts on  8Nov2018 at  1: 5:42 

     This program is part of the open-source Quantum ESPRESSO suite
     for quantum simulation of materials; please cite
         "P. Giannozzi et al., J. Phys.:Condens. Matter 21 395502 (2009);
          URL http://www.quantum-espresso.org", 
     in publications or presentations arising from this work. More details at
     http://www.quantum-espresso.org/quote

     Serial version
     Waiting for input...
     Reading input from standard input
Warning: card &IONS ignored
Warning: card / ignored
Warning: card &CELL ignored
Warning: card / ignored

     Current dimensions of program PWSCF are:
     Max number of different atomic species (ntypx) = 10
     Max number of k-points (npk) =  40000
     Max angular momentum in pseudopotentials (lmaxx) =  3
               file H.pbe-kjpaw.UPF: wavefunction(s)  1S renormalized

     gamma-point specific algorithms are used

     G-vector sticks info
     --------------------
     sticks:   dense  smooth     PW     G-vecs:    dense   smooth      PW
     Sum         717     717    357                14243    14243    5041



     bravais-lattice index     =            0
     lattice parameter (alat)  =       9.4486  a.u.
     unit-cell volume          =     843.5418 (a.u.)^3
     number of atoms/cell      =            2
     number of atomic types    =            1
     number of electrons       =         2.00
     number of Kohn-Sham states=            1
     kinetic-energy cutoff     =      50.0000  Ry
     charge density cutoff     =     100.0000  Ry
     convergence threshold     =      1.0E-07
     mixing beta               =       0.5000
     number of iterations used =            8  plain     mixing
     Exchange-correlation      =  SLA  PW   PBX  PBC ( 1  4  3  4 0 0)

     celldm(1)=   9.448631  celldm(2)=   0.000000  celldm(3)=   0.000000
     celldm(4)=   0.000000  celldm(5)=   0.000000  celldm(6)=   0.000000

     crystal axes: (cart. coord. in units of alat)
               a(1) = (   1.000000   0.000000   0.000000 )  
               a(2) = (   0.000000   1.000000   0.000000 )  
               a(3) = (   0.000000   0.000000   1.000000 )  

     reciprocal axes: (cart. coord. in units 2 pi/alat)
               b(1) = (  1.000000  0.000000  0.000000 )  
               b(2) = (  0.000000  1.000000  0.000000 )  
               b(3) = (  0.000000  0.000000  1.000000 )  


     PseudoPot. # 1 for  H read from file:
     ./test_files/pseudos/H.pbe-kjpaw.UPF
     MD5 check sum: f0c5446d8b45f1c04d25babcc032f843
     Pseudo is Projector augmented-wave, Zval =  1.0
     Generated using "atomic" code by A. Dal Corso  (Quantum ESPRESSO distribution)
     Shape of augmentation charge: PSQ
     Using radial grid of  929 points,  2 beta functions with: 
                l(1) =   0
                l(2) =   0
     Q(r) pseudized with 0 coefficients 


     atomic species   valence    mass     pseudopotential
        H              1.00     1.00000      H( 1.00)

      8 Sym. Ops. (no inversion) found



   Cartesian axes

     site n.     atom                  positions (alat units)
         1           H   tau(   1) = (   0.5100559   0.5000000   0.5000000  )
         2           H   tau(   2) = (   0.8899441   0.5000000   0.5000000  )

     number of k points=     1
                       cart. coord. in units 2pi/alat
        k(    1) = (   0.0000000   0.0000000   0.0000000), wk =   2.0000000

     Dense  grid:     7122 G-vectors     FFT dimensions: (  32,  32,  32)

     Estimated max dynamical RAM per process >       5.60Mb

     Initial potential from superposition of free atoms
     Check: negative starting charge=   -0.000369

     starting charge    1.99998, renormalised to    2.00000

     negative rho (up, down):  3.687E-04 0.000E+00
     Starting wfc are    2 randomized atomic wfcs

     total cpu time spent up to now is        0.1 secs

     Self-consistent Calculation

     iteration #  1     ecut=    50.00 Ry     beta=0.50
     Davidson diagonalization with overlap
     ethr =  1.00E-02,  avg # of iterations =  1.0

     Threshold (ethr) on eigenvalues was too large:
     Diagonalizing with lowered threshold

     Davidson diagonalization with overlap
     ethr =  4.07E-04,  avg # of iterations =  1.0

     negative rho (up, down):  6.739E-05 0.000E+00

     total cpu time spent up to now is        0.1 secs

     total energy              =      -2.05888884 Ry
     Harris-Foulkes estimate   =      -2.05933108 Ry
     estimated scf accuracy    <       0.00756152 Ry

     iteration #  2     ecut=    50.00 Ry     beta=0.50
     Davidson diagonalization with overlap
     ethr =  3.78E-04,  avg # of iterations =  1.0

     negative rho (up, down):  2.364E-05 0.000E+00

     total cpu time spent up to now is        0.2 secs

     total energy              =      -2.05907543 Ry
     Harris-Foulkes estimate   =      -2.05915918 Ry
     estimated scf accuracy    <       0.00163655 Ry

     iteration #  3     ecut=    50.00 Ry     beta=0.50
     Davidson diagonalization with overlap
     ethr =  8.18E-05,  avg # of iterations =  1.0

     negative rho (up, down):  2.533E-05 0.000E+00

     total cpu time spent up to now is        0.2 secs

     total energy              =      -2.05917626 Ry
     Harris-Foulkes estimate   =      -2.05917262 Ry
     estimated scf accuracy    <       0.00000806 Ry

     iteration #  4     ecut=    50.00 Ry     beta=0.50
     Davidson diagonalization with overlap
     ethr =  4.03E-07,  avg # of iterations =  3.0

     negative rho (up, down):  2.900E-05 0.000E+00

     total cpu time spent up to now is        0.2 secs

     total energy              =      -2.05918513 Ry
     Harris-Foulkes estimate   =      -2.05918641 Ry
     estimated scf accuracy    <       0.00000512 Ry

     iteration #  5     ecut=    50.00 Ry     beta=0.50
     Davidson diagonalization with overlap
     ethr =  2.56E-07,  avg # of iterations =  2.0

     negative rho (up, down):  2.916E-05 0.000E+00

     total cpu time spent up to now is        0.2 secs

     total energy              =      -2.05918578 Ry
     Harris-Foulkes estimate   =      -2.05918586 Ry
     estimated scf accuracy    <       0.00000115 Ry

     iteration #  6     ecut=    50.00 Ry     beta=0.50
     Davidson diagonalization with overlap
     ethr =  5.74E-08,  avg # of iterations =  1.0

     negative rho (up, down):  2.892E-05 0.000E+00

     total cpu time spent up to now is        0.2 secs

     total energy              =      -2.05918551 Ry
     Harris-Foulkes estimate   =      -2.05918582 Ry
     estimated scf accuracy    <       0.00000069 Ry

     iteration #  7     ecut=    50.00 Ry     beta=0.50
     Davidson diagonalization with overlap
     ethr =  3.43E-08,  avg # of iterations =  2.0

     negative rho (up, down):  2.890E-05 0.000E+00

     total cpu time spent up to now is        0.3 secs

     total energy              =      -2.05918570 Ry
     Harris-Foulkes estimate   =      -2.05918575 Ry
     estimated scf accuracy    <       0.00000041 Ry

     iteration #  8     ecut=    50.00 Ry     beta=0.50
     Davidson diagonalization with overlap
     ethr =  2.05E-08,  avg # of iterations =  1.0

     negative rho (up, down):  2.886E-05 0.000E+00

     total cpu time spent up to now is        0.3 secs

     total energy              =      -2.05918566 Ry
     Harris-Foulkes estimate   =      -2.05918571 Ry
     estimated scf accuracy    <       0.00000032 Ry

     iteration #  9     ecut=    50.00 Ry     beta=0.50
     Davidson diagonalization with overlap
     ethr =  1.59E-08,  avg # of iterations =  1.0

     negative rho (up, down):  2.877E-05 0.000E+00

     total cpu time spent up to now is        0.3 secs

     total energy              =      -2.05918559 Ry
     Harris-Foulkes estimate   =      -2.05918567 Ry
     estimated scf accuracy    <       0.00000017 Ry

     iteration # 10     ecut=    50.00 Ry     beta=0.50
     Davidson diagonalization with overlap
     ethr =  8.74E-09,  avg # of iterations =  3.0

     negative rho (up, down):  2.882E-05 0.000E+00

     total cpu time spent up to now is        0.3 secs

     total energy              =      -2.05918569 Ry
     Harris-Foulkes estimate   =      -2.05918573 Ry
     estimated scf accuracy    <       0.00000030 Ry

     iteration # 11     ecut=    50.00 Ry     beta=0.50
     Davidson diagonalization with overlap
     ethr =  8.74E-09,  avg # of iterations =  1.0

     negative rho (up, down):  2.884E-05 0.000E+00

     total cpu time spent up to now is        0.4 secs

     total energy              =      -2.05918568 Ry
     Harris-Foulkes estimate   =      -2.05918569 Ry
     estimated scf accuracy    <       0.00000013 Ry

     iteration # 12     ecut=    50.00 Ry     beta=0.50
     Davidson diagonalization with overlap
     ethr =  6.63E-09,  avg # of iterations =  1.0

     negative rho (up, down):  2.888E-05 0.000E+00

     total cpu time spent up to now is        0.4 secs

     End of self-consistent calculation

          k = 0.0000 0.0000 0.0000 (  2521 PWs)   bands (ev):

    -7.8644

     highest occupied level (ev):    -7.8644

!    total energy              =      -2.05918562 Ry
     Harris-Foulkes estimate   =      -2.05918568 Ry
     estimated scf accuracy    <       0.00000010 Ry

     total all-electron energy =        -2.059177 Ry

     The total energy is the sum of the following terms:

     one-electron contribution =      -1.12384425 Ry
     hartree contribution      =       0.61262381 Ry
     xc contribution           =      -0.98211555 Ry
     ewald contribution        =      -0.56559008 Ry
     one-center paw contrib.   =      -0.00025955 Ry

     convergence has been achieved in  12 iterations

     Forces acting on atoms (Ry/au):

     atom    1 type  1   force =     0.08321438    0.00000000    0.00000000
     atom    2 type  1   force =    -0.08321438    0.00000000    0.00000000

     Total force =     0.117683     Total SCF correction =     0.000030

     Writing output data file pwscf.save

     init_run     :      0.05s CPU      0.05s WALL (       1 calls)
     electrons    :      0.25s CPU      0.26s WALL (       1 calls)
     forces       :      0.01s CPU      0.01s WALL (       1 calls)

     Called by init_run:
     wfcinit      :      0.00s CPU      0.00s WALL (       1 calls)
     potinit      :      0.02s CPU      0.02s WALL (       1 calls)

     Called by electrons:
     c_bands      :      0.03s CPU      0.03s WALL (      13 calls)
     sum_band     :      0.03s CPU      0.03s WALL (      13 calls)
     v_of_rho     :      0.16s CPU      0.17s WALL (      13 calls)
     newd         :      0.01s CPU      0.01s WALL (      13 calls)
     PAW_pot      :      0.01s CPU      0.01s WALL (      13 calls)
     mix_rho      :      0.02s CPU      0.02s WALL (      13 calls)

     Called by c_bands:
     init_us_2    :      0.00s CPU      0.00s WALL (      27 calls)
     regterg      :      0.03s CPU      0.03s WALL (      13 calls)

     Called by sum_band:
     sum_band:bec :      0.00s CPU      0.00s WALL (      13 calls)
     addusdens    :      0.01s CPU      0.01s WALL (      13 calls)

     Called by *egterg:
     h_psi        :      0.03s CPU      0.03s WALL (      33 calls)
     s_psi        :      0.00s CPU      0.00s WALL (      33 calls)
     g_psi        :      0.00s CPU      0.00s WALL (      19 calls)
     rdiaghg      :      0.00s CPU      0.00s WALL (      31 calls)

     Called by h_psi:
     h_psi:pot    :      0.02s CPU      0.03s WALL (      33 calls)
     h_psi:calbec :      0.00s CPU      0.00s WALL (      33 calls)
     vloc_psi     :      0.02s CPU      0.02s WALL (      33 calls)
     add_vuspsi   :      0.00s CPU      0.00s WALL (      33 calls)

     General routines
     calbec       :      0.00s CPU      0.00s WALL (      50 calls)
     fft          :      0.07s CPU      0.07s WALL (     173 calls)
     fftw         :      0.02s CPU      0.02s WALL (      79 calls)
     davcio       :      0.00s CPU      0.00s WALL (       1 calls)


     PWSCF        :     0.39s CPU         0.42s WALL


   This run was terminated on:   1: 5:42   8Nov2018            

=------------------------------------------------------------------------------=
   JOB DONE.
=------------------------------------------------------------------------------=
