
     Program PWSCF v.6.0 (svn rev. 13079) starts on 25Nov2018 at 13:46:32 

     This program is part of the open-source Quantum ESPRESSO suite
     for quantum simulation of materials; please cite
         "P. Giannozzi et al., J. Phys.:Condens. Matter 21 395502 (2009);
          URL http://www.quantum-espresso.org", 
     in publications or presentations arising from this work. More details at
     http://www.quantum-espresso.org/quote

     Parallel version (MPI), running on     2 processors
     R & G space division:  proc/nbgrp/npool/nimage =       2
     Waiting for input...
     Reading input from standard input
Warning: card &IONS ignored
Warning: card / ignored
Warning: card &CELL ignored
Warning: card / ignored

     Current dimensions of program PWSCF are:
     Max number of different atomic species (ntypx) = 10
     Max number of k-points (npk) =  40000
     Max angular momentum in pseudopotentials (lmaxx) =  3
               file H.pbe-kjpaw.UPF: wavefunction(s)  1S renormalized

     gamma-point specific algorithms are used

     Subspace diagonalization in iterative solution of the eigenvalue problem:
     a serial algorithm will be used


     Parallelization info
     --------------------
     sticks:   dense  smooth     PW     G-vecs:    dense   smooth      PW
     Min         358     358    178                 7121     7121    2519
     Max         359     359    179                 7122     7122    2522
     Sum         717     717    357                14243    14243    5041



     bravais-lattice index     =            0
     lattice parameter (alat)  =       9.4486  a.u.
     unit-cell volume          =     843.5418 (a.u.)^3
     number of atoms/cell      =            2
     number of atomic types    =            1
     number of electrons       =         2.00
     number of Kohn-Sham states=            1
     kinetic-energy cutoff     =      50.0000  Ry
     charge density cutoff     =     100.0000  Ry
     convergence threshold     =      1.0E-07
     mixing beta               =       0.5000
     number of iterations used =            8  plain     mixing
     Exchange-correlation      =  SLA  PW   PBX  PBC ( 1  4  3  4 0 0)

     celldm(1)=   9.448631  celldm(2)=   0.000000  celldm(3)=   0.000000
     celldm(4)=   0.000000  celldm(5)=   0.000000  celldm(6)=   0.000000

     crystal axes: (cart. coord. in units of alat)
               a(1) = (   1.000000   0.000000   0.000000 )  
               a(2) = (   0.000000   1.000000   0.000000 )  
               a(3) = (   0.000000   0.000000   1.000000 )  

     reciprocal axes: (cart. coord. in units 2 pi/alat)
               b(1) = (  1.000000  0.000000  0.000000 )  
               b(2) = (  0.000000  1.000000  0.000000 )  
               b(3) = (  0.000000  0.000000  1.000000 )  


     PseudoPot. # 1 for  H read from file:
     ./test_files/pseudos/H.pbe-kjpaw.UPF
     MD5 check sum: f0c5446d8b45f1c04d25babcc032f843
     Pseudo is Projector augmented-wave, Zval =  1.0
     Generated using "atomic" code by A. Dal Corso  (Quantum ESPRESSO distribution)
     Shape of augmentation charge: PSQ
     Using radial grid of  929 points,  2 beta functions with: 
                l(1) =   0
                l(2) =   0
     Q(r) pseudized with 0 coefficients 


     atomic species   valence    mass     pseudopotential
        H              1.00     1.00000      H( 1.00)

      8 Sym. Ops. (no inversion) found



   Cartesian axes

     site n.     atom                  positions (alat units)
         1           H   tau(   1) = (   0.5037140   0.5000000   0.5000000  )
         2           H   tau(   2) = (   0.8962860   0.5000000   0.5000000  )

     number of k points=     1
                       cart. coord. in units 2pi/alat
        k(    1) = (   0.0000000   0.0000000   0.0000000), wk =   2.0000000

     Dense  grid:     7122 G-vectors     FFT dimensions: (  32,  32,  32)

     Estimated max dynamical RAM per process >       2.80Mb

     Estimated total allocated dynamical RAM >       5.60Mb

     Initial potential from superposition of free atoms
     Check: negative starting charge=   -0.000360

     starting charge    1.99998, renormalised to    2.00000

     negative rho (up, down):  3.601E-04 0.000E+00
     Starting wfc are    2 randomized atomic wfcs
     Checking if some PAW data can be deallocated... 

     total cpu time spent up to now is        0.1 secs

     Self-consistent Calculation

     iteration #  1     ecut=    50.00 Ry     beta=0.50
     Davidson diagonalization with overlap
     ethr =  1.00E-02,  avg # of iterations =  1.0

     Threshold (ethr) on eigenvalues was too large:
     Diagonalizing with lowered threshold

     Davidson diagonalization with overlap
     ethr =  4.17E-04,  avg # of iterations =  1.0

     negative rho (up, down):  6.203E-05 0.000E+00

     total cpu time spent up to now is        0.1 secs

     total energy              =      -2.04934775 Ry
     Harris-Foulkes estimate   =      -2.04987212 Ry
     estimated scf accuracy    <       0.00754838 Ry

     iteration #  2     ecut=    50.00 Ry     beta=0.50
     Davidson diagonalization with overlap
     ethr =  3.77E-04,  avg # of iterations =  1.0

     negative rho (up, down):  1.790E-05 0.000E+00

     total cpu time spent up to now is        0.1 secs

     total energy              =      -2.04963992 Ry
     Harris-Foulkes estimate   =      -2.04967753 Ry
     estimated scf accuracy    <       0.00151588 Ry

     iteration #  3     ecut=    50.00 Ry     beta=0.50
     Davidson diagonalization with overlap
     ethr =  7.58E-05,  avg # of iterations =  1.0

     negative rho (up, down):  1.891E-05 0.000E+00

     total cpu time spent up to now is        0.1 secs

     total energy              =      -2.04974441 Ry
     Harris-Foulkes estimate   =      -2.04973808 Ry
     estimated scf accuracy    <       0.00001087 Ry

     iteration #  4     ecut=    50.00 Ry     beta=0.50
     Davidson diagonalization with overlap
     ethr =  5.44E-07,  avg # of iterations =  3.0

     negative rho (up, down):  2.507E-05 0.000E+00

     total cpu time spent up to now is        0.1 secs

     total energy              =      -2.04975667 Ry
     Harris-Foulkes estimate   =      -2.04975836 Ry
     estimated scf accuracy    <       0.00000614 Ry

     iteration #  5     ecut=    50.00 Ry     beta=0.50
     Davidson diagonalization with overlap
     ethr =  3.07E-07,  avg # of iterations =  2.0

     negative rho (up, down):  2.467E-05 0.000E+00

     total cpu time spent up to now is        0.1 secs

     total energy              =      -2.04975718 Ry
     Harris-Foulkes estimate   =      -2.04975744 Ry
     estimated scf accuracy    <       0.00000149 Ry

     iteration #  6     ecut=    50.00 Ry     beta=0.50
     Davidson diagonalization with overlap
     ethr =  7.43E-08,  avg # of iterations =  1.0

     negative rho (up, down):  2.390E-05 0.000E+00

     total cpu time spent up to now is        0.2 secs

     total energy              =      -2.04975699 Ry
     Harris-Foulkes estimate   =      -2.04975722 Ry
     estimated scf accuracy    <       0.00000055 Ry

     iteration #  7     ecut=    50.00 Ry     beta=0.50
     Davidson diagonalization with overlap
     ethr =  2.77E-08,  avg # of iterations =  2.0

     negative rho (up, down):  2.385E-05 0.000E+00

     total cpu time spent up to now is        0.2 secs

     total energy              =      -2.04975709 Ry
     Harris-Foulkes estimate   =      -2.04975711 Ry
     estimated scf accuracy    <       0.00000013 Ry

     iteration #  8     ecut=    50.00 Ry     beta=0.50
     Davidson diagonalization with overlap
     ethr =  6.31E-09,  avg # of iterations =  1.0

     negative rho (up, down):  2.390E-05 0.000E+00

     total cpu time spent up to now is        0.2 secs

     End of self-consistent calculation

          k = 0.0000 0.0000 0.0000 (  2521 PWs)   bands (ev):

    -7.8263

     highest occupied level (ev):    -7.8263

!    total energy              =      -2.04975703 Ry
     Harris-Foulkes estimate   =      -2.04975709 Ry
     estimated scf accuracy    <       0.00000009 Ry

     total all-electron energy =        -2.049748 Ry

     The total energy is the sum of the following terms:

     one-electron contribution =      -1.09248097 Ry
     hartree contribution      =       0.59489236 Ry
     xc contribution           =      -0.97476125 Ry
     ewald contribution        =      -0.57714796 Ry
     one-center paw contrib.   =      -0.00025922 Ry

     convergence has been achieved in   8 iterations

     Forces acting on atoms (Ry/au):

     atom    1 type  1   force =     0.07414221    0.00000000    0.00000000
     atom    2 type  1   force =    -0.07414221    0.00000000    0.00000000

     Total force =     0.104853     Total SCF correction =     0.000026

     Writing output data file pwscf.save

     init_run     :      0.03s CPU      0.03s WALL (       1 calls)
     electrons    :      0.08s CPU      0.10s WALL (       1 calls)
     forces       :      0.00s CPU      0.00s WALL (       1 calls)

     Called by init_run:
     wfcinit      :      0.00s CPU      0.00s WALL (       1 calls)
     potinit      :      0.01s CPU      0.01s WALL (       1 calls)

     Called by electrons:
     c_bands      :      0.01s CPU      0.01s WALL (       9 calls)
     sum_band     :      0.01s CPU      0.01s WALL (       9 calls)
     v_of_rho     :      0.06s CPU      0.06s WALL (       9 calls)
     newd         :      0.00s CPU      0.00s WALL (       9 calls)
     PAW_pot      :      0.00s CPU      0.01s WALL (       9 calls)
     mix_rho      :      0.00s CPU      0.01s WALL (       9 calls)

     Called by c_bands:
     init_us_2    :      0.00s CPU      0.00s WALL (      19 calls)
     regterg      :      0.01s CPU      0.01s WALL (       9 calls)

     Called by sum_band:
     sum_band:bec :      0.00s CPU      0.00s WALL (       9 calls)
     addusdens    :      0.00s CPU      0.00s WALL (       9 calls)

     Called by *egterg:
     h_psi        :      0.01s CPU      0.01s WALL (      23 calls)
     s_psi        :      0.00s CPU      0.00s WALL (      23 calls)
     g_psi        :      0.00s CPU      0.00s WALL (      13 calls)
     rdiaghg      :      0.00s CPU      0.00s WALL (      21 calls)

     Called by h_psi:
     h_psi:pot    :      0.01s CPU      0.01s WALL (      23 calls)
     h_psi:calbec :      0.00s CPU      0.00s WALL (      23 calls)
     vloc_psi     :      0.01s CPU      0.01s WALL (      23 calls)
     add_vuspsi   :      0.00s CPU      0.00s WALL (      23 calls)

     General routines
     calbec       :      0.00s CPU      0.00s WALL (      36 calls)
     fft          :      0.02s CPU      0.02s WALL (     121 calls)
     fftw         :      0.01s CPU      0.01s WALL (      55 calls)
     davcio       :      0.00s CPU      0.00s WALL (       1 calls)

     Parallel routines
     fft_scatter  :      0.01s CPU      0.01s WALL (     176 calls)

     PWSCF        :     0.19s CPU         0.22s WALL


   This run was terminated on:  13:46:32  25Nov2018            

=------------------------------------------------------------------------------=
   JOB DONE.
=------------------------------------------------------------------------------=
