2022-01-27 16:12:50.738414
python 3.8.5 (default, Sep  4 2020, 02:22:02) 
[Clang 10.0.0 ]
numpy 1.20.3
ase 3.21.1
flare 0.2.4

Number of cpu cores: 1
Kernel: ['twobody', 'threebody']
Training points: 20
Cutoffs: {'twobody': 10.0, 'threebody': 6.0}
Number of hyperparameters: 5
Hyperparameter array: [1.26139003e-02 1.83487121e+00 6.75725290e-04 5.75460457e-01
 6.67258675e-02]
sig2: 0.012613900347414306 
ls2: 1.8348712118437158 
sig3: 0.0006757252903773871 
ls3: 0.5754604572110065 
noise: 0.06672586745932896 

Uncertainty tolerance: 1.0 times noise hyperparameter 
Timestep (ps): 0.001
Number of frames: 8
Number of atoms: 4
System species: {'H', 'He'}
Periodic cell (A): 
[[10.  0.  0.]
 [ 0.  5.  0.]
 [ 0.  0.  5.]]
Restart: 5 

Previous positions (A):
H        0.3112   -0.2531    0.2194
He       2.0489    2.4745    2.4561
H        5.3384    0.0130   -0.3255
He       7.7873    2.9116    2.0482
--------------------------------------------------------------------------------
--------------------------------------------------------------------------------
-Frame: 5 
Simulation Time:      0.005 ps 
El            Position (A)                    GP Force (ev/A)                   Std. Dev (ev/A)                  Velocities (A/ps)       
H        0.3112   -0.2531    0.2194        0.0000    0.0000    0.0000        0.0000    0.0000    0.0000        0.0000    0.0000    0.0000
He       2.0489    2.4745    2.4561       -0.9261    0.0096    0.0165        0.0000    0.0000    0.0000      -36.5120    8.4991   17.6620
H        5.3384    0.0130   -0.3255        0.4612   -0.2199    0.0977        0.0000    0.0000    0.0000       35.4956  -11.9017   29.0921
He       7.7873    2.9116    2.0482        0.4592    0.2780   -0.1534        0.0000    0.0000    0.0000       24.5610    4.1730  -13.2022

Periodic cell (A): 
[[10.  0.  0.]
 [ 0.  5.  0.]
 [ 0.  0.  5.]]

Stress tensor (GPa):
       xx        yy        zz        yz        xz        xy
     0.917     0.901     1.056     0.211     0.033    -0.163

Pressure (GPa): 0.958380 
Temperature (K): 1646.60 
Kinetic energy (eV): 0.638516 
Potential energy (eV): -0.524451 
Total energy (eV): 0.114065 

Wall time from start: 0.01 s
--------------------------------------------------------------------------------
-Frame: 6 
Simulation Time:      0.006 ps 
El            Position (A)                    GP Force (ev/A)                   Std. Dev (ev/A)                  Velocities (A/ps)       
H        0.3112   -0.2531    0.2194        0.0000    0.0000    0.0000        0.0000    0.0000    0.0000        0.0000    0.0000    0.0000
He       2.0112    2.4830    2.4738       -0.9733    0.0102    0.0122        0.0000    0.0000    0.0000      -38.8012    8.5230   17.6965
H        5.3761    0.0001   -0.2959        0.4955   -0.2256    0.1198        0.0000    0.0000    0.0000       40.0742  -14.0336   30.1329
He       7.8124    2.9162    2.0348        0.4910    0.2820   -0.1692        0.0000    0.0000    0.0000       25.7062    4.8479  -13.5910

Periodic cell (A): 
[[10.  0.  0.]
 [ 0.  5.  0.]
 [ 0.  0.  5.]]

Stress tensor (GPa):
       xx        yy        zz        yz        xz        xy
     1.007     1.008     1.152     0.222     0.046    -0.168

Pressure (GPa): 1.055804 
Temperature (K): 1841.67 
Kinetic energy (eV): 0.714161 
Potential energy (eV): -0.600070 
Total energy (eV): 0.114092 

Wall time from start: 0.02 s
--------------------------------------------------------------------------------
-Frame: 7 
Simulation Time:      0.007 ps 
El            Position (A)                    GP Force (ev/A)                   Std. Dev (ev/A)                  Velocities (A/ps)       
H        0.3112   -0.2531    0.2194        0.0000    0.0000    0.0000        0.0000    0.0000    0.0000        0.0000    0.0000    0.0000
He       1.9713    2.4916    2.4915       -1.0107    0.0067    0.0093        0.0000    0.0000    0.0000      -41.1925    8.5434   17.7224
H        5.4186   -0.0150   -0.2652        0.5282   -0.2292    0.1400        0.0000    0.0000    0.0000       44.9737  -16.2104   31.3764
He       7.8387    2.9213    2.0210        0.5133    0.2842   -0.1827        0.0000    0.0000    0.0000       26.9166    5.5304  -14.0152

Periodic cell (A): 
[[10.  0.  0.]
 [ 0.  5.  0.]
 [ 0.  0.  5.]]

Stress tensor (GPa):
       xx        yy        zz        yz        xz        xy
    -1.076    -0.238     0.172    -0.059    -1.248    -1.119

Pressure (GPa): -0.380594 
Temperature (K): 2064.08 
Kinetic energy (eV): 0.800410 
Potential energy (eV): -0.685862 
Total energy (eV): 0.114548 

Wall time from start: 0.39 s
--------------------
Run complete.
