2019-03-20 11:25:57.571051
number of cpu cores: 4
cutoffs: [3.9 3.9]
kernel: three_body
number of hyperparameters: 3
hyperparameters: [0.1  1.   0.01]
hyperparameter optimization algorithm: L-BFGS-B
uncertainty tolerance: 0.01 eV/A
timestep (ps): 0.001
number of frames: 100
number of atoms: 4
system species: {'Al'}
periodic cell: 
[[3.9 0.  0. ]
 [0.  3.9 0. ]
 [0.  0.  3.9]]
previous positions (A):
Al 0.20000000 0.00000000 0.10000000 
Al 0.00000000 1.90000000 1.80000000 
Al 1.70000000 0.00000000 1.80000000 
Al 1.90000000 1.70000000 0.00000000 
--------------------------------------------------------------------------------

Calling Quantum Espresso...
QE run complete.
number of DFT calls: 1 
wall time from start: 0.37 s 

*-Frame: 0
Simulation Time: 0.000 ps 
El 			  Position (A) 					 DFT Force (ev/A) 						 Std. Dev (ev/A) 
Al 0.20000000 0.00000000 0.10000000 	-2.42777604 -1.38999787 -2.08466783 	0.00000000e+00 0.00000000e+00 0.00000000e+00 
Al 0.00000000 1.90000000 1.80000000 	-0.90424762 0.87861371 1.15955056 	0.00000000e+00 0.00000000e+00 0.00000000e+00 
Al 1.70000000 0.00000000 1.80000000 	2.16782480 -1.23292294 2.03236745 	0.00000000e+00 0.00000000e+00 0.00000000e+00 
Al 1.90000000 1.70000000 0.00000000 	1.16419886 1.74430710 -1.10725018 	0.00000000e+00 0.00000000e+00 0.00000000e+00 

temperature: 2.69 K 
kinetic energy: 0.001389 eV 
potential energy: 0.000000 eV 
total energy: 0.001389 eV 
wall time from start: 0.37 s 

Adding atom 0 to the training set.
Uncertainty: [0. 0. 0.].

Adding atom 1 to the training set.
Uncertainty: [0.98076441 0.76256371 0.42218208].

Adding atom 3 to the training set.
Uncertainty: [0.01547202 0.04261884 0.03876458].

Adding atom 2 to the training set.
Uncertainty: [0.01183159 0.01205734 0.01603878].
--------------------------------------------------------------------------------
-Frame: 2
Simulation Time: 0.002 ps 
El 			  Position (A) 					 GP Force (ev/A) 						 Std. Dev (ev/A) 
Al 0.19741442 -0.00147067 0.09778189 	-2.28234885 -1.26937710 -1.95153704 	1.22714593e-02 8.77122521e-03 1.15596422e-02 
Al -0.00098599 1.90088900 1.80121522 	-0.87876328 0.68005968 1.00792639 	7.92881436e-03 6.59693384e-03 8.49156168e-03 
Al 1.70230328 -0.00129516 1.80216809 	2.01078067 -1.09549920 1.92460547 	1.10580479e-02 6.83724347e-03 1.22185372e-02 
Al 1.90126829 1.70187683 -0.00116520 	1.15033146 1.68481662 -0.98099483 	8.05096007e-03 1.02793231e-02 9.40591125e-03 

temperature: 64.03 K 
kinetic energy: 0.033105 eV 
potential energy: 15.750278 eV 
total energy: 15.783383 eV 
wall time from start: 0.83 s 

Calling Quantum Espresso...
QE run complete.
number of DFT calls: 2 
wall time from start: 1.22 s 

*-Frame: 2
Simulation Time: 0.002 ps 
El 			  Position (A) 					 DFT Force (ev/A) 						 Std. Dev (ev/A) 
Al 0.19741442 -0.00147067 0.09778189 	-2.40803459 -1.36646712 -2.05205440 	1.22714593e-02 8.77122521e-03 1.15596422e-02 
Al -0.00098599 1.90088900 1.80121522 	-0.92320977 0.86021026 1.16052321 	7.92881436e-03 6.59693384e-03 8.49156168e-03 
Al 1.70230328 -0.00129516 1.80216809 	2.16036988 -1.21909914 1.98892813 	1.10580479e-02 6.83724347e-03 1.22185372e-02 
Al 1.90126829 1.70187683 -0.00116520 	1.17087447 1.72535600 -1.09739694 	8.05096007e-03 1.02793231e-02 9.40591125e-03 

temperature: 65.59 K 
kinetic energy: 0.033912 eV 
potential energy: 15.750278 eV 
total energy: 15.784190 eV 
wall time from start: 1.22 s 

Adding atom 0 to the training set.
Uncertainty: [0.01227146 0.00877123 0.01155964].
--------------------------------------------------------------------------------
-Frame: 3
Simulation Time: 0.003 ps 
El 			  Position (A) 					 GP Force (ev/A) 						 Std. Dev (ev/A) 
Al 0.19483590 -0.00293293 0.09557544 	-2.30147018 -1.26158144 -1.96083747 	1.20664620e-02 7.06008595e-03 1.05698517e-02 
Al -0.00197876 1.90177142 1.80243079 	-0.79433314 0.61048749 0.95180255 	9.38667464e-03 6.10285544e-03 9.01169114e-03 
Al 1.70460389 -0.00258538 1.80432065 	1.99697590 -1.01994487 1.94800876 	1.16524848e-02 7.39969886e-03 1.27121903e-02 
Al 1.90253897 1.70374689 -0.00232688 	1.09882743 1.67103881 -0.93897384 	8.96423531e-03 1.12300781e-02 1.00312436e-02 

temperature: 126.10 K 
kinetic energy: 0.065197 eV 
potential energy: 17.732535 eV 
total energy: 17.797732 eV 
wall time from start: 1.27 s 

Calling Quantum Espresso...
QE run complete.
number of DFT calls: 3 
wall time from start: 1.64 s 

*-Frame: 3
Simulation Time: 0.003 ps 
El 			  Position (A) 					 DFT Force (ev/A) 						 Std. Dev (ev/A) 
Al 0.19483590 -0.00293293 0.09557544 	-2.38940128 -1.34241007 -2.02034728 	1.20664620e-02 7.06008595e-03 1.05698517e-02 
Al -0.00197876 1.90177142 1.80243079 	-0.94170038 0.84068375 1.16107651 	9.38667464e-03 6.10285544e-03 9.01169114e-03 
Al 1.70460389 -0.00258538 1.80432065 	2.15374697 -1.20429600 1.94661624 	1.16524848e-02 7.39969886e-03 1.27121903e-02 
Al 1.90253897 1.70374689 -0.00232688 	1.17735469 1.70602233 -1.08734521 	8.96423531e-03 1.12300781e-02 1.00312436e-02 

temperature: 128.35 K 
kinetic energy: 0.066362 eV 
potential energy: 17.732535 eV 
total energy: 17.798897 eV 
wall time from start: 1.65 s 

Adding atom 2 to the training set.
Uncertainty: [0.01165248 0.0073997  0.01271219].
--------------------------------------------------------------------------------
-Frame: 4
Simulation Time: 0.004 ps 
El 			  Position (A) 					 GP Force (ev/A) 						 Std. Dev (ev/A) 
Al 0.19140293 -0.00487523 0.09264652 	-2.30906864 -1.20745883 -1.93951012 	1.16679083e-02 7.03661078e-03 1.05396337e-02 
Al -0.00330828 1.90295447 1.80406155 	-0.75003758 0.53537979 0.91695727 	1.06190905e-02 5.88623610e-03 9.26566939e-03 
Al 1.70767468 -0.00430626 1.80716932 	2.00910408 -1.01743940 1.94256860 	1.05679138e-02 6.43356888e-03 1.04288135e-02 
Al 1.90423067 1.70622702 -0.00387739 	1.05000214 1.68951844 -0.92001575 	9.81083158e-03 1.10402945e-02 8.81362630e-03 

temperature: 208.21 K 
kinetic energy: 0.107650 eV 
potential energy: 11.988308 eV 
total energy: 12.095959 eV 
wall time from start: 1.71 s 

Calling Quantum Espresso...
QE run complete.
number of DFT calls: 4 
wall time from start: 2.09 s 

*-Frame: 4
Simulation Time: 0.004 ps 
El 			  Position (A) 					 DFT Force (ev/A) 						 Std. Dev (ev/A) 
Al 0.19140293 -0.00487523 0.09264652 	-2.36585588 -1.30936161 -1.97923661 	1.16679083e-02 7.03661078e-03 1.05396337e-02 
Al -0.00330828 1.90295447 1.80406155 	-0.96544016 0.81262631 1.16099758 	1.06190905e-02 5.88623610e-03 9.26566939e-03 
Al 1.70767468 -0.00430626 1.80716932 	2.14593030 -1.18272598 1.89176919 	1.05679138e-02 6.43356888e-03 1.04288135e-02 
Al 1.90423067 1.70622702 -0.00387739 	1.18536599 1.67946102 -1.07353015 	9.81083158e-03 1.10402945e-02 8.81362630e-03 

temperature: 210.93 K 
kinetic energy: 0.109057 eV 
potential energy: 11.988308 eV 
total energy: 12.097365 eV 
wall time from start: 2.09 s 

Adding atom 0 to the training set.
Uncertainty: [0.01166791 0.00703661 0.01053963].

Adding atom 1 to the training set.
Uncertainty: [0.0104694  0.00587298 0.00849475].
--------------------------------------------------------------------------------
-Frame: 5
Simulation Time: 0.005 ps 
El 			  Position (A) 					 GP Force (ev/A) 						 Std. Dev (ev/A) 
Al 0.18712394 -0.00728575 0.08900983 	-2.32630142 -1.19620556 -1.94691398 	9.44541030e-03 5.25527211e-03 8.17068692e-03 
Al -0.00498304 1.90442811 1.80610749 	-0.83751269 0.52616067 0.94687021 	8.56349708e-03 4.97110965e-03 7.27114771e-03 
Al 1.71151284 -0.00645007 1.81069447 	2.03363702 -1.01876017 1.95123621 	8.79756783e-03 6.36222506e-03 9.13897985e-03 
Al 1.90634625 1.70930772 -0.00581179 	1.13017709 1.68880506 -0.95119244 	8.05531256e-03 9.58970857e-03 7.56763018e-03 

temperature: 310.50 K 
kinetic energy: 0.160541 eV 
potential energy: 6.973656 eV 
total energy: 7.134197 eV 
wall time from start: 2.23 s 
--------------------------------------------------------------------------------
-Frame: 6
Simulation Time: 0.006 ps 
El 			  Position (A) 					 GP Force (ev/A) 						 Std. Dev (ev/A) 
Al 0.18201307 -0.01012404 0.08467693 	-2.24944542 -1.11324457 -1.87096989 	1.25699048e-02 6.08068409e-03 1.03724116e-02 
Al -0.00695729 1.90608990 1.80849203 	-0.73558642 0.43775506 0.84930351 	1.08239825e-02 5.61954211e-03 9.27603017e-03 
Al 1.71607823 -0.00895819 1.81491739 	1.94487198 -0.93787237 1.88769203 	1.18371266e-02 7.34612732e-03 1.12670439e-02 
Al 1.90886598 1.71299233 -0.00808634 	1.04015987 1.61336189 -0.86602564 	9.72260029e-03 1.15485205e-02 8.79172928e-03 

temperature: 422.96 K 
kinetic energy: 0.218687 eV 
potential energy: 6.915359 eV 
total energy: 7.134046 eV 
wall time from start: 2.26 s 

Calling Quantum Espresso...
QE run complete.
number of DFT calls: 5 
wall time from start: 2.63 s 

*-Frame: 6
Simulation Time: 0.006 ps 
El 			  Position (A) 					 DFT Force (ev/A) 						 Std. Dev (ev/A) 
Al 0.18201307 -0.01012404 0.08467693 	-2.30585633 -1.21494963 -1.87232032 	1.25699048e-02 6.08068409e-03 1.03724116e-02 
Al -0.00695729 1.90608990 1.80849203 	-1.02268502 0.72679771 1.15659379 	1.08239825e-02 5.61954211e-03 9.27603017e-03 
Al 1.71607823 -0.00895819 1.81491739 	2.12719081 -1.11488251 1.74926496 	1.18371266e-02 7.34612732e-03 1.12670439e-02 
Al 1.90886598 1.71299233 -0.00808634 	1.20135055 1.60303443 -1.03353817 	9.72260029e-03 1.15485205e-02 8.79172928e-03 

temperature: 426.92 K 
kinetic energy: 0.220732 eV 
potential energy: 6.915359 eV 
total energy: 7.136091 eV 
wall time from start: 2.64 s 

Adding atom 0 to the training set.
Uncertainty: [0.0125699  0.00608068 0.01037241].

Adding atom 1 to the training set.
Uncertainty: [0.01055726 0.00561508 0.00853076].
--------------------------------------------------------------------------------
-Frame: 8
Simulation Time: 0.008 ps 
El 			  Position (A) 					 GP Force (ev/A) 						 Std. Dev (ev/A) 
Al 0.16934068 -0.01706100 0.07401939 	-2.13656104 -1.00727386 -1.72322516 	1.03607555e-02 4.72888766e-03 8.04650727e-03 
Al -0.01196416 1.91009531 1.81442723 	-0.84534164 0.38018669 0.87887984 	1.00478474e-02 5.98059444e-03 8.95191104e-03 
Al 1.72744127 -0.01512450 1.82526882 	1.89488028 -0.90830185 1.72335827 	1.07765346e-02 6.89270007e-03 8.76325604e-03 
Al 1.91518221 1.72209019 -0.01371544 	1.08702240 1.53538901 -0.87901295 	8.84310577e-03 1.05440238e-02 7.60560684e-03 

temperature: 701.18 K 
kinetic energy: 0.362537 eV 
potential energy: -2.381396 eV 
total energy: -2.018859 eV 
wall time from start: 2.86 s 

Calling Quantum Espresso...
QE run complete.
number of DFT calls: 6 
wall time from start: 3.23 s 

*-Frame: 8
Simulation Time: 0.008 ps 
El 			  Position (A) 					 DFT Force (ev/A) 						 Std. Dev (ev/A) 
Al 0.16934068 -0.01706100 0.07401939 	-2.22004547 -1.08189293 -1.73422657 	1.03607555e-02 4.72888766e-03 8.04650727e-03 
Al -0.01196416 1.91009531 1.81442723 	-1.06837920 0.59477459 1.13739510 	1.00478474e-02 5.98059444e-03 8.95191104e-03 
Al 1.72744127 -0.01512450 1.82526882 	2.09285860 -1.00509867 1.56871944 	1.07765346e-02 6.89270007e-03 8.76325604e-03 
Al 1.91518221 1.72209019 -0.01371544 	1.19556582 1.49221700 -0.97188771 	8.84310577e-03 1.05440238e-02 7.60560684e-03 

temperature: 705.11 K 
kinetic energy: 0.364569 eV 
potential energy: -2.381396 eV 
total energy: -2.016827 eV 
wall time from start: 3.23 s 

Adding atom 2 to the training set.
Uncertainty: [0.01077653 0.0068927  0.00876326].
--------------------------------------------------------------------------------
-Frame: 9
Simulation Time: 0.009 ps 
El 			  Position (A) 					 GP Force (ev/A) 						 Std. Dev (ev/A) 
Al 0.16180984 -0.02111210 0.06774414 	-2.07966902 -0.94381617 -1.60191833 	8.13733416e-03 3.97046393e-03 6.70753933e-03 
Al -0.01501313 1.91239172 1.81797104 	-0.84275151 0.29929491 0.91590110 	1.06569401e-02 6.79924947e-03 8.52491952e-03 
Al 1.73422664 -0.01874343 1.83133277 	1.90092543 -0.87831641 1.55723274 	8.90899831e-03 5.79290889e-03 6.58525937e-03 
Al 1.91897665 1.72746380 -0.01704795 	1.02149510 1.52283766 -0.87121551 	9.39721647e-03 9.02713590e-03 6.75882612e-03 

temperature: 859.79 K 
kinetic energy: 0.444544 eV 
potential energy: -0.658055 eV 
total energy: -0.213512 eV 
wall time from start: 3.37 s 

Calling Quantum Espresso...
QE run complete.
number of DFT calls: 7 
wall time from start: 3.74 s 

*-Frame: 9
Simulation Time: 0.009 ps 
El 			  Position (A) 					 DFT Force (ev/A) 						 Std. Dev (ev/A) 
Al 0.16180984 -0.02111210 0.06774414 	-2.16069564 -1.00290500 -1.65341959 	8.13733416e-03 3.97046393e-03 6.70753933e-03 
Al -0.01501313 1.91239172 1.81797104 	-1.07383637 0.51205676 1.11822726 	1.06569401e-02 6.79924947e-03 8.52491952e-03 
Al 1.73422664 -0.01874343 1.83133277 	2.06154923 -0.93336743 1.46594186 	8.90899831e-03 5.79290889e-03 6.58525937e-03 
Al 1.91897665 1.72746380 -0.01704795 	1.17298278 1.42421567 -0.93074953 	9.39721647e-03 9.02713590e-03 6.75882612e-03 

temperature: 863.91 K 
kinetic energy: 0.446676 eV 
potential energy: -0.658055 eV 
total energy: -0.211380 eV 
wall time from start: 3.74 s 

Adding atom 1 to the training set.
Uncertainty: [0.01065694 0.00679925 0.00852492].
--------------------------------------------------------------------------------
-Frame: 10
Simulation Time: 0.010 ps 
El 			  Position (A) 					 GP Force (ev/A) 						 Std. Dev (ev/A) 
Al 0.15350634 -0.02552184 0.06087763 	-1.99292753 -0.89802550 -1.50615150 	8.94062062e-03 3.60352341e-03 6.98456144e-03 
Al -0.01844609 1.91487125 1.82191472 	-0.98114402 0.33674670 0.98122426 	7.37955677e-03 5.49026798e-03 6.87175398e-03 
Al 1.74174921 -0.02269613 1.83792094 	1.87327873 -0.87847139 1.43099438 	9.42326036e-03 4.84534971e-03 6.61311363e-03 
Al 1.92319054 1.73334672 -0.02071330 	1.10079281 1.43975019 -0.90606714 	6.88457039e-03 8.84778855e-03 5.19083520e-03 

temperature: 1029.02 K 
kinetic energy: 0.532045 eV 
potential energy: -8.167094 eV 
total energy: -7.635048 eV 
wall time from start: 3.89 s 
--------------------------------------------------------------------------------
-Frame: 11
Simulation Time: 0.011 ps 
El 			  Position (A) 					 GP Force (ev/A) 						 Std. Dev (ev/A) 
Al 0.14449018 -0.03025271 0.05347253 	-1.86789908 -0.80789623 -1.38298355 	1.04437086e-02 3.91804065e-03 7.39696236e-03 
Al -0.02222992 1.91747119 1.82620929 	-0.92739189 0.27930076 0.92781954 	8.24272772e-03 6.24231923e-03 7.77292946e-03 
Al 1.74994167 -0.02696296 1.84502083 	1.77618893 -0.79919061 1.28776390 	1.13352013e-02 5.06368432e-03 6.52159662e-03 
Al 1.92779807 1.73974449 -0.02470265 	1.01910203 1.32778608 -0.83259990 	7.64382985e-03 9.81956317e-03 5.67263170e-03 

temperature: 1195.18 K 
kinetic energy: 0.617956 eV 
potential energy: -8.253145 eV 
total energy: -7.635189 eV 
wall time from start: 3.94 s 

Calling Quantum Espresso...
QE run complete.
number of DFT calls: 8 
wall time from start: 4.29 s 

*-Frame: 11
Simulation Time: 0.011 ps 
El 			  Position (A) 					 DFT Force (ev/A) 						 Std. Dev (ev/A) 
Al 0.14449018 -0.03025271 0.05347253 	-1.97215013 -0.82629533 -1.45309354 	1.04437086e-02 3.91804065e-03 7.39696236e-03 
Al -0.02222992 1.91747119 1.82620929 	-1.00143536 0.32525704 1.04062567 	8.24272772e-03 6.24231923e-03 7.77292946e-03 
Al 1.74994167 -0.02696296 1.84502083 	1.92754045 -0.76291761 1.22623189 	1.13352013e-02 5.06368432e-03 6.52159662e-03 
Al 1.92779807 1.73974449 -0.02470265 	1.04604479 1.26395616 -0.81376403 	7.64382985e-03 9.81956317e-03 5.67263170e-03 

temperature: 1197.92 K 
kinetic energy: 0.619371 eV 
potential energy: -8.253145 eV 
total energy: -7.633774 eV 
wall time from start: 4.29 s 

Adding atom 2 to the training set.
Uncertainty: [0.0113352  0.00506368 0.0065216 ].
--------------------------------------------------------------------------------
-Frame: 13
Simulation Time: 0.013 ps 
El 			  Position (A) 					 GP Force (ev/A) 						 Std. Dev (ev/A) 
Al 0.12440294 -0.04056683 0.03716705 	-1.66505225 -0.63548025 -1.14255831 	9.09270168e-03 3.29636796e-03 6.00747120e-03 
Al -0.03082130 1.92297265 1.83586827 	-0.78391228 0.12997123 0.84230192 	8.92978813e-03 7.20470043e-03 6.90931242e-03 
Al 1.76833121 -0.03630292 1.86050338 	1.63963415 -0.64214688 0.98096750 	1.01810871e-02 4.32699998e-03 4.75663697e-03 
Al 1.93808715 1.75389711 -0.03353869 	0.80933039 1.14765591 -0.68071110 	8.50509848e-03 8.69858209e-03 5.33856477e-03 

temperature: 1530.92 K 
kinetic energy: 0.791547 eV 
potential energy: -5.814033 eV 
total energy: -5.022486 eV 
wall time from start: 4.51 s 

Calling Quantum Espresso...
QE run complete.
number of DFT calls: 9 
wall time from start: 4.87 s 

*-Frame: 13
Simulation Time: 0.013 ps 
El 			  Position (A) 					 DFT Force (ev/A) 						 Std. Dev (ev/A) 
Al 0.12440294 -0.04056683 0.03716705 	-1.66697908 -0.63512499 -1.18041533 	9.09270168e-03 3.29636796e-03 6.00747120e-03 
Al -0.03082130 1.92297265 1.83586827 	-0.79773371 0.14013598 0.89037162 	8.92978813e-03 7.20470043e-03 6.90931242e-03 
Al 1.76833121 -0.03630292 1.86050338 	1.66719839 -0.57959736 0.92774674 	1.01810871e-02 4.32699998e-03 4.75663697e-03 
Al 1.93808715 1.75389711 -0.03353869 	0.79751439 1.07458610 -0.63770303 	8.50509848e-03 8.69858209e-03 5.33856477e-03 

temperature: 1530.34 K 
kinetic energy: 0.791248 eV 
potential energy: -5.814033 eV 
total energy: -5.022785 eV 
wall time from start: 4.87 s 

Adding atom 2 to the training set.
Uncertainty: [0.01018109 0.004327   0.00475664].
--------------------------------------------------------------------------------
-Frame: 15
Simulation Time: 0.015 ps 
El 			  Position (A) 					 GP Force (ev/A) 						 Std. Dev (ev/A) 
Al 0.10193523 -0.05178741 0.01920366 	-1.36387469 -0.43399011 -0.85628173 	7.89821888e-03 2.64380096e-03 4.73202370e-03 
Al -0.04053224 1.92866107 1.84676175 	-0.57622416 -0.01574474 0.67264339 	8.66147894e-03 7.49226612e-03 5.37536444e-03 
Al 1.78908267 -0.04651311 1.87734655 	1.38302150 -0.45236055 0.65742101 	8.83706082e-03 3.39466656e-03 3.60080102e-03 
Al 1.94951434 1.76963945 -0.04331195 	0.55707735 0.90209541 -0.47378267 	8.64241038e-03 7.55738177e-03 4.74525154e-03 

temperature: 1825.93 K 
kinetic energy: 0.944079 eV 
potential energy: -4.421326 eV 
total energy: -3.477247 eV 
wall time from start: 5.10 s 
--------------------------------------------------------------------------------
-Frame: 20
Simulation Time: 0.020 ps 
El 			  Position (A) 					 GP Force (ev/A) 						 Std. Dev (ev/A) 
Al 0.03831843 -0.08191631 -0.03011879 	-0.46371887 0.07975393 -0.09552880 	6.91958938e-03 7.63255281e-04 2.35301210e-03 
Al -0.06766693 1.94235461 1.87753889 	0.06054564 -0.36804849 0.10776741 	6.14591410e-03 7.66658913e-03 2.62562603e-03 
Al 1.84861076 -0.07426111 1.92259928 	0.53473737 0.03877890 -0.10483882 	8.32359903e-03 5.03139576e-04 2.65295372e-03 
Al 1.98073775 1.81382281 -0.07001937 	-0.13156414 0.24951566 0.09260021 	7.53005896e-03 7.47397294e-03 2.37649362e-03 

temperature: 2244.61 K 
kinetic energy: 1.160554 eV 
potential energy: -4.638138 eV 
total energy: -3.477584 eV 
wall time from start: 5.36 s 
--------------------------------------------------------------------------------
-Frame: 25
Simulation Time: 0.025 ps 
El 			  Position (A) 					 GP Force (ev/A) 						 Std. Dev (ev/A) 
Al -0.02940145 -0.11133879 -0.08032183 	0.49048936 0.58334484 0.62990910 	5.82165035e-03 4.65759677e-03 5.49171911e-03 
Al -0.09420259 1.95273914 1.90922492 	0.77482621 -0.74384670 -0.53477861 	6.90768477e-03 7.67715013e-03 5.11250839e-03 
Al 1.91284634 -0.10166596 1.96697715 	-0.41261256 0.52611526 -0.77854802 	6.59367172e-03 4.27046658e-03 7.47123085e-03 
Al 2.01075770 1.86026562 -0.09588024 	-0.85270302 -0.36561340 0.68341753 	8.47990315e-03 6.07162024e-03 5.58630160e-03 

temperature: 2052.64 K 
kinetic energy: 1.061298 eV 
potential energy: -4.538672 eV 
total energy: -3.477373 eV 
wall time from start: 5.63 s 
--------------------------------------------------------------------------------
-Frame: 30
Simulation Time: 0.030 ps 
El 			  Position (A) 					 GP Force (ev/A) 						 Std. Dev (ev/A) 
Al -0.09285419 -0.13558289 -0.12498793 	1.28882617 1.03677319 1.22732423 	4.72999851e-03 4.24445188e-03 4.69079080e-03 
Al -0.11392736 1.95649019 1.93618585 	1.33332176 -1.09597474 -1.09943120 	5.43595513e-03 5.14606671e-03 4.37103704e-03 
Al 1.97350175 -0.12439321 2.00449061 	-1.21533972 0.97744709 -1.32332328 	4.69080253e-03 3.62458288e-03 6.27052003e-03 
Al 2.03327980 1.90348590 -0.11568852 	-1.40680821 -0.91824554 1.19543026 	6.42443080e-03 4.07555660e-03 4.27516099e-03 

temperature: 1392.41 K 
kinetic energy: 0.719930 eV 
potential energy: -4.196745 eV 
total energy: -3.476815 eV 
wall time from start: 5.91 s 
--------------------------------------------------------------------------------
-Frame: 35
Simulation Time: 0.035 ps 
El 			  Position (A) 					 GP Force (ev/A) 						 Std. Dev (ev/A) 
Al -0.14497780 -0.15063219 -0.15880856 	1.81865873 1.37821287 1.64347786 	5.84891515e-03 7.19422168e-03 6.22944463e-03 
Al -0.12194436 1.95051681 1.95347910 	1.60287532 -1.33941297 -1.44066382 	4.81495349e-03 7.27809624e-03 5.88134714e-03 
Al 2.02350465 -0.13844765 2.03027050 	-1.72512512 1.32729407 -1.72486839 	5.13388496e-03 7.14699728e-03 6.95001193e-03 
Al 2.04341751 1.93856303 -0.12494103 	-1.69640893 -1.36609397 1.52205434 	5.48715833e-03 7.16751325e-03 6.05762863e-03 

temperature: 672.69 K 
kinetic energy: 0.347808 eV 
potential energy: -3.824030 eV 
total energy: -3.476223 eV 
wall time from start: 6.17 s 
--------------------------------------------------------------------------------
-Frame: 40
Simulation Time: 0.040 ps 
El 			  Position (A) 					 GP Force (ev/A) 						 Std. Dev (ev/A) 
Al -0.18105633 -0.15354676 -0.17811515 	2.06427936 1.46979360 1.82073026 	7.49515461e-03 8.33700432e-03 7.23059251e-03 
Al -0.11583291 1.93275282 1.95812024 	1.59870086 -1.33364020 -1.47540262 	5.64931307e-03 8.70520859e-03 7.54510131e-03 
Al 2.05831742 -0.14083008 2.04078559 	-1.92479792 1.41856799 -1.91967162 	6.63408923e-03 9.10478313e-03 7.58644631e-03 
Al 2.03857182 1.96162402 -0.12079066 	-1.73818230 -1.55472139 1.57434398 	5.99922649e-03 8.80254606e-03 7.88568011e-03 

temperature: 313.20 K 
kinetic energy: 0.161939 eV 
potential energy: -3.637947 eV 
total energy: -3.476008 eV 
wall time from start: 6.44 s 
--------------------------------------------------------------------------------
-Frame: 45
Simulation Time: 0.045 ps 
El 			  Position (A) 					 GP Force (ev/A) 						 Std. Dev (ev/A) 
Al -0.19877556 -0.14351951 -0.18127745 	2.16241152 1.28288250 1.80302474 	6.92863133e-03 6.19834183e-03 6.47687251e-03 
Al -0.09553747 1.90328671 1.94974123 	1.43598081 -1.02102638 -1.26978997 	4.79401400e-03 6.09732113e-03 6.20336038e-03 
Al 2.07602358 -0.13073085 2.03426572 	-1.97143393 1.22975751 -1.92637123 	6.01208214e-03 7.60347528e-03 6.94358585e-03 
Al 2.01828945 1.97096365 -0.10272949 	-1.62695839 -1.49161363 1.39313646 	4.90448386e-03 7.87567673e-03 7.07197189e-03 

temperature: 479.53 K 
kinetic energy: 0.247936 eV 
potential energy: -3.724112 eV 
total energy: -3.476176 eV 
wall time from start: 6.70 s 
--------------------------------------------------------------------------------
-Frame: 50
Simulation Time: 0.050 ps 
El 			  Position (A) 					 GP Force (ev/A) 						 Std. Dev (ev/A) 
Al -0.19728679 -0.12221938 -0.16848879 	2.08205813 0.83089069 1.55295813 	6.69984478e-03 2.85945178e-03 6.30723156e-03 
Al -0.06248830 1.86489644 1.93013296 	1.15472267 -0.43865718 -0.89435745 	7.62024323e-03 3.32483621e-03 4.66231547e-03 
Al 2.07619132 -0.10981629 2.01072717 	-1.89287080 0.79639051 -1.64977916 	5.88187786e-03 4.83995950e-03 6.26808983e-03 
Al 1.98358376 1.96713922 -0.07237133 	-1.34391000 -1.18862402 0.99117849 	6.81422801e-03 6.40859194e-03 5.77181372e-03 

temperature: 1050.59 K 
kinetic energy: 0.543199 eV 
potential energy: -4.019820 eV 
total energy: -3.476622 eV 
wall time from start: 6.96 s 
--------------------------------------------------------------------------------
-Frame: 55
Simulation Time: 0.055 ps 
El 			  Position (A) 					 GP Force (ev/A) 						 Std. Dev (ev/A) 
Al -0.17740443 -0.09358537 -0.14200000 	1.70510633 0.24952213 1.05254957 	8.40098988e-03 1.83445717e-03 6.11822109e-03 
Al -0.01921409 1.82261061 1.90260563 	0.72959832 0.18601343 -0.40557073 	9.66616763e-03 5.95596123e-03 3.60919786e-03 
Al 2.05958384 -0.08188085 1.97270443 	-1.60844057 0.22700400 -1.02147790 	7.69934720e-03 2.54292396e-03 5.04008598e-03 
Al 1.93703468 1.95285561 -0.03331004 	-0.82626408 -0.66253956 0.37449906 	9.16005161e-03 6.10561132e-03 4.75095318e-03 

temperature: 1700.91 K 
kinetic energy: 0.879438 eV 
potential energy: -4.356582 eV 
total energy: -3.477144 eV 
wall time from start: 7.22 s 
--------------------------------------------------------------------------------
-Frame: 60
Simulation Time: 0.060 ps 
El 			  Position (A) 					 GP Force (ev/A) 						 Std. Dev (ev/A) 
Al -0.14247683 -0.06268433 -0.10622496 	1.05325258 -0.28930939 0.38266488 	9.13085475e-03 2.93689016e-03 4.47997718e-03 
Al 0.03040975 1.78189208 1.87153909 	0.07233723 0.68611221 0.19682111 	7.45443866e-03 7.66855326e-03 2.56780371e-03 
Al 2.02880750 -0.05190997 1.92566930 	-1.03536872 -0.33934153 -0.22517017 	8.03201052e-03 2.64482191e-03 2.15557456e-03 
Al 1.88325957 1.93270220 0.00901659 	-0.09022110 -0.05746129 -0.35431582 	6.86573010e-03 7.72311857e-03 4.92587094e-03 

temperature: 2048.78 K 
kinetic energy: 1.059301 eV 
potential energy: -4.536774 eV 
total energy: -3.477472 eV 
wall time from start: 7.48 s 
--------------------------------------------------------------------------------
-Frame: 65
Simulation Time: 0.065 ps 
El 			  Position (A) 					 GP Force (ev/A) 						 Std. Dev (ev/A) 
Al -0.09825654 -0.03429625 -0.06704590 	0.23523413 -0.72827658 -0.31000337 	6.47575041e-03 5.91389099e-03 5.04942995e-03 
Al 0.08054247 1.74720647 1.84225758 	-0.76726945 1.04695575 0.83497895 	6.90746775e-03 9.04066541e-03 5.82864240e-03 
Al 1.98896816 -0.02492410 1.87658130 	-0.20454180 -0.83976237 0.51893700 	6.41796295e-03 5.39423140e-03 4.33856895e-03 
Al 1.82874590 1.91201387 0.04820704 	0.73657713 0.52108320 -1.04391259 	6.01188543e-03 9.83399032e-03 6.94032991e-03 

temperature: 1864.83 K 
kinetic energy: 0.964192 eV 
potential energy: -4.441546 eV 
total energy: -3.477354 eV 
wall time from start: 7.75 s 
--------------------------------------------------------------------------------
-Frame: 66
Simulation Time: 0.066 ps 
El 			  Position (A) 					 GP Force (ev/A) 						 Std. Dev (ev/A) 
Al -0.08892085 -0.02928186 -0.05934973 	0.06815041 -0.80411167 -0.43651938 	6.18839743e-03 5.89294446e-03 5.26723909e-03 
Al 0.08999167 1.74129862 1.83711665 	-0.93794036 1.10483728 0.95698937 	6.80453674e-03 9.01160381e-03 6.36359030e-03 
Al 1.98053146 -0.02029040 1.86711799 	-0.02511414 -0.92976529 0.64687407 	6.15232333e-03 5.37997270e-03 4.87105886e-03 
Al 1.81839772 1.90827363 0.05511511 	0.89490409 0.62903968 -1.16734406 	5.90641316e-03 1.01893338e-02 7.06331235e-03 

temperature: 1765.96 K 
kinetic energy: 0.913074 eV 
potential energy: -4.390347 eV 
total energy: -3.477273 eV 
wall time from start: 7.80 s 

Calling Quantum Espresso...
QE run complete.
number of DFT calls: 10 
wall time from start: 8.15 s 

*-Frame: 66
Simulation Time: 0.066 ps 
El 			  Position (A) 					 DFT Force (ev/A) 						 Std. Dev (ev/A) 
Al -0.08892085 -0.02928186 -0.05934973 	0.06264264 -0.75545215 -0.43921764 	6.18839743e-03 5.89294446e-03 5.26723909e-03 
Al 0.08999167 1.74129862 1.83711665 	-0.97227621 1.25315290 0.96198562 	6.80453674e-03 9.01160381e-03 6.36359030e-03 
Al 1.98053146 -0.02029040 1.86711799 	0.01393101 -0.86705891 0.67610479 	6.15232333e-03 5.37997270e-03 4.87105886e-03 
Al 1.81839772 1.90827363 0.05511511 	0.89570255 0.36935816 -1.19887303 	5.90641316e-03 1.01893338e-02 7.06331235e-03 

temperature: 1765.37 K 
kinetic energy: 0.912765 eV 
potential energy: -4.390347 eV 
total energy: -3.477581 eV 
wall time from start: 8.15 s 

Adding atom 3 to the training set.
Uncertainty: [0.00590641 0.01018933 0.00706331].
--------------------------------------------------------------------------------
-Frame: 70
Simulation Time: 0.070 ps 
El 			  Position (A) 					 GP Force (ev/A) 						 Std. Dev (ev/A) 
Al -0.05178821 -0.01218950 -0.03049190 	-0.48644116 -1.03736296 -0.86177638 	4.36378516e-03 3.37810470e-03 4.15847836e-03 
Al 0.12369562 1.72211289 1.82042586 	-1.59939683 1.36373694 1.43005432 	5.83757916e-03 8.03424397e-03 7.47116039e-03 
Al 1.94728495 -0.00519286 1.83199413 	0.60912939 -1.20543019 1.05162935 	4.25600583e-03 4.20336372e-03 4.49242104e-03 
Al 1.78080763 1.89526946 0.07807194 	1.47670860 0.87905622 -1.61990728 	4.55015222e-03 9.16261838e-03 6.50520365e-03 

temperature: 1244.08 K 
kinetic energy: 0.643240 eV 
potential energy: -0.341978 eV 
total energy: 0.301262 eV 
wall time from start: 8.51 s 
--------------------------------------------------------------------------------
-Frame: 71
Simulation Time: 0.071 ps 
El 			  Position (A) 					 GP Force (ev/A) 						 Std. Dev (ev/A) 
Al -0.04280834 -0.00878357 -0.02395109 	-0.62421055 -1.09965542 -0.96045636 	4.44186059e-03 3.13639698e-03 3.80782586e-03 
Al 0.13081919 1.71848751 1.81743117 	-1.72164423 1.41309492 1.53037471 	6.27260962e-03 8.82985718e-03 7.66738751e-03 
Al 1.93937157 -0.00242781 1.82406742 	0.76208126 -1.27277412 1.13384569 	4.20078561e-03 4.46141831e-03 4.49556982e-03 
Al 1.77261758 1.89272387 0.08245252 	1.58377352 0.95933462 -1.70376403 	4.94734045e-03 1.01181138e-02 6.88533600e-03 

temperature: 1098.19 K 
kinetic energy: 0.567810 eV 
potential energy: -0.266418 eV 
total energy: 0.301392 eV 
wall time from start: 8.57 s 

Calling Quantum Espresso...
QE run complete.
number of DFT calls: 11 
wall time from start: 8.93 s 

*-Frame: 71
Simulation Time: 0.071 ps 
El 			  Position (A) 					 DFT Force (ev/A) 						 Std. Dev (ev/A) 
Al -0.04280834 -0.00878357 -0.02395109 	-0.72167170 -1.12461825 -1.00864396 	4.44186059e-03 3.13639698e-03 3.80782586e-03 
Al 0.13081919 1.71848751 1.81743117 	-1.78023108 1.60053609 1.58067765 	6.27260962e-03 8.82985718e-03 7.66738751e-03 
Al 1.93937157 -0.00242781 1.82406742 	0.82835736 -1.28042897 1.20372805 	4.20078561e-03 4.46141831e-03 4.49556982e-03 
Al 1.77261758 1.89272387 0.08245252 	1.67354516 0.80451114 -1.77576147 	4.94734045e-03 1.01181138e-02 6.88533600e-03 

temperature: 1094.21 K 
kinetic energy: 0.565749 eV 
potential energy: -0.266418 eV 
total energy: 0.299332 eV 
wall time from start: 8.93 s 

Adding atom 3 to the training set.
Uncertainty: [0.00494734 0.01011811 0.00688534].
--------------------------------------------------------------------------------
-Frame: 75
Simulation Time: 0.075 ps 
El 			  Position (A) 					 GP Force (ev/A) 						 Std. Dev (ev/A) 
Al -0.00963311 0.00070240 -0.00161400 	-1.05047833 -1.27452684 -1.27557945 	4.23512302e-03 4.00322011e-03 3.27829518e-03 
Al 0.15262256 1.70963639 1.81138862 	-2.09385387 1.65347008 1.84483264 	5.77191429e-03 9.40191367e-03 6.50678914e-03 
Al 1.91097296 0.00388924 1.79679622 	1.22901622 -1.44689823 1.39759641 	4.17889233e-03 5.46450315e-03 5.38694757e-03 
Al 1.74603758 1.88577197 0.09342918 	1.91531598 1.06795498 -1.96684959 	5.41618105e-03 1.01641687e-02 5.71672511e-03 

temperature: 557.67 K 
kinetic energy: 0.288339 eV 
potential energy: 1.829681 eV 
total energy: 2.118020 eV 
wall time from start: 9.33 s 

Calling Quantum Espresso...
QE run complete.
number of DFT calls: 12 
wall time from start: 9.71 s 

*-Frame: 75
Simulation Time: 0.075 ps 
El 			  Position (A) 					 DFT Force (ev/A) 						 Std. Dev (ev/A) 
Al -0.00963311 0.00070240 -0.00161400 	-1.06271892 -1.27836283 -1.19793715 	4.23512302e-03 4.00322011e-03 3.27829518e-03 
Al 0.15262256 1.70963639 1.81138862 	-2.08287294 1.68206940 1.76793323 	5.77191429e-03 9.40191367e-03 6.50678914e-03 
Al 1.91097296 0.00388924 1.79679622 	1.19858558 -1.43460319 1.32741462 	4.17889233e-03 5.46450315e-03 5.38694757e-03 
Al 1.74603758 1.88577197 0.09342918 	1.94700602 1.03089661 -1.89741070 	5.41618105e-03 1.01641687e-02 5.71672511e-03 

temperature: 558.52 K 
kinetic energy: 0.288778 eV 
potential energy: 1.829681 eV 
total energy: 2.118459 eV 
wall time from start: 9.71 s 

Adding atom 3 to the training set.
Uncertainty: [0.00541618 0.01016417 0.00571673].
--------------------------------------------------------------------------------
-Frame: 76
Simulation Time: 0.076 ps 
El 			  Position (A) 					 GP Force (ev/A) 						 Std. Dev (ev/A) 
Al -0.00218826 0.00196797 0.00291853 	-1.13690139 -1.29442784 -1.32586913 	3.93583635e-03 3.91799356e-03 3.40374281e-03 
Al 0.15626324 1.70888058 1.81145294 	-2.13115901 1.67408903 1.86867042 	4.95273050e-03 8.05592914e-03 6.25533692e-03 
Al 1.90486300 0.00421125 1.79115390 	1.31373603 -1.45726605 1.43839290 	3.98051197e-03 5.04602380e-03 5.38910796e-03 
Al 1.74106201 1.88494020 0.09447465 	1.95432436 1.07760485 -1.98119420 	4.65089177e-03 7.59925871e-03 4.49759653e-03 

temperature: 456.38 K 
kinetic energy: 0.235964 eV 
potential energy: 1.529696 eV 
total energy: 1.765660 eV 
wall time from start: 9.95 s 
--------------------------------------------------------------------------------
-Frame: 81
Simulation Time: 0.081 ps 
El 			  Position (A) 					 GP Force (ev/A) 						 Std. Dev (ev/A) 
Al 0.02839549 0.00126722 0.01819718 	-1.46431628 -1.30153218 -1.46308660 	4.70093028e-03 5.54208274e-03 4.52362436e-03 
Al 0.16288741 1.71413955 1.82185696 	-2.17930545 1.66298517 1.83782005 	5.72117513e-03 9.09781558e-03 6.82797091e-03 
Al 1.88186019 -0.00201674 1.77089443 	1.59533094 -1.41270095 1.57305748 	4.61274844e-03 5.96653888e-03 6.90733169e-03 
Al 1.72685691 1.88660997 0.08905145 	2.04829080 1.05124795 -1.94779094 	5.87398476e-03 9.01735285e-03 4.80652440e-03 

temperature: 229.04 K 
kinetic energy: 0.118421 eV 
potential energy: 1.647369 eV 
total energy: 1.765790 eV 
wall time from start: 10.28 s 
--------------------------------------------------------------------------------
-Frame: 86
Simulation Time: 0.086 ps 
El 			  Position (A) 					 GP Force (ev/A) 						 Std. Dev (ev/A) 
Al 0.04602486 -0.01090944 0.02054090 	-1.59671726 -1.08426282 -1.39338114 	4.31718335e-03 5.60441061e-03 4.23860543e-03 
Al 0.15013843 1.73410932 1.84849889 	-2.06009788 1.43110958 1.52964065 	6.09906481e-03 7.76157417e-03 6.86680075e-03 
Al 1.87294476 -0.02069333 1.76461156 	1.62744372 -1.11300069 1.57992557 	4.50395442e-03 4.76342053e-03 6.38110675e-03 
Al 1.73089193 1.89749345 0.06634866 	2.02937142 0.76615393 -1.71618508 	6.08470581e-03 7.03904013e-03 5.78553483e-03 

temperature: 511.50 K 
kinetic energy: 0.264467 eV 
potential energy: 1.501102 eV 
total energy: 1.765569 eV 
wall time from start: 10.61 s 
--------------------------------------------------------------------------------
-Frame: 91
Simulation Time: 0.091 ps 
El 			  Position (A) 					 GP Force (ev/A) 						 Std. Dev (ev/A) 
Al 0.04953025 -0.03261224 0.01059211 	-1.52007527 -0.64347352 -1.09852250 	4.79044309e-03 3.92397997e-03 3.17819888e-03 
Al 0.11910303 1.76670105 1.88859473 	-1.76283790 0.96910393 0.92436811 	5.41205278e-03 4.95646505e-03 5.06370083e-03 
Al 1.87840215 -0.04913364 1.77231771 	1.41681581 -0.56791453 1.40141626 	5.40273516e-03 1.75316722e-03 5.14022932e-03 
Al 1.75296457 1.91504482 0.02849548 	1.86609736 0.24228412 -1.22726187 	5.53807910e-03 3.93549935e-03 4.65315068e-03 

temperature: 1139.39 K 
kinetic energy: 0.589110 eV 
potential energy: 1.175985 eV 
total energy: 1.765095 eV 
wall time from start: 10.96 s 
--------------------------------------------------------------------------------
-Frame: 96
Simulation Time: 0.096 ps 
El 			  Position (A) 					 GP Force (ev/A) 						 Std. Dev (ev/A) 
Al 0.03960205 -0.06000129 -0.00904067 	-1.22571832 -0.10820142 -0.61568190 	6.76501099e-03 1.82086123e-03 3.10866408e-03 
Al 0.07242772 1.80787832 1.93683060 	-1.29773387 0.39587367 0.15054108 	8.62264592e-03 4.08308253e-03 4.51716673e-03 
Al 1.89638313 -0.08261908 1.79240359 	1.00698203 0.02710200 1.01641111 	7.75828120e-03 9.57775947e-04 6.14169617e-03 
Al 1.79158709 1.93474205 -0.02019349 	1.51647016 -0.31477425 -0.55127030 	8.73323573e-03 3.63419198e-03 2.77503614e-03 

temperature: 1773.55 K 
kinetic energy: 0.916998 eV 
potential energy: 0.847700 eV 
total energy: 1.764698 eV 
wall time from start: 11.28 s 
▬▬▬▬▬▬▬▬▬▬▬▬▬▬▬▬▬▬▬▬
Run complete. 
