2019-03-19 09:17:35.360788
Cutoffs: [5]
Kernel: two_body
# Hyperparameters: 3
Hyperparameters: [1 1 1]
Hyperparameter Optimization Algorithm: L-BFGS-B
Timestep (ps): 0.0001
Number of Frames: 20
Number of Atoms: 2
System Species: {'H'}
Periodic cell: 
[[5. 0. 0.]
 [0. 5. 0.]
 [0. 0. 5.]]
Previous Positions (A): 
H 2.30000000 2.50000000 2.50000000 
H 2.80000000 2.50000000 2.50000000 
====================
Calling Quantum Espresso...
QE run complete.
number of DFT calls: 1 
wall time from start: 0.48 s 
-------------------- 
*-Frame: 0 Simulation Time: 0.000 ps 
El 			  Position (A) 					 DFT Force (ev/A) 						 Std. Dev (ev/A) 
H 2.30000000 2.50000000 2.50000000 	-22.29815461 0.00000000 0.00000000 	0.00000000e+00 0.00000000e+00 0.00000000e+00 
H 2.80000000 2.50000000 2.50000000 	22.29815461 0.00000000 0.00000000 	0.00000000e+00 0.00000000e+00 0.00000000e+00 
temperature: 46.39 K 
kinetic energy: 0.011993 eV 
potential energy: 0.000000 eV 
total energy: 0.011993 eV 
wall time from start: 0.48 s 
====================
Updating GP model...
Training atoms: [0].
Uncertainty: [0. 0. 0.].
New GP Hyperparameters: 
Hyp0 : Signal Std = 1.003045609360523
Hyp1 : Length Scale = 0.9975383300189093
Hyp2 : Noise Std = 1e-06
wall time from start: 0.48 s 
-------------------- 
-Frame: 1 Simulation Time: 0.000 ps 
El 			  Position (A) 					 GP Force (ev/A) 						 Std. Dev (ev/A) 
H 2.29784856 2.50000000 2.50000000 	-22.25905884 0.00000000 0.00000000 	1.62346655e-01 0.00000000e+00 0.00000000e+00 
H 2.80215144 2.50000000 2.50000000 	22.25905884 0.00000000 0.00000000 	1.62346655e-01 0.00000000e+00 0.00000000e+00 
temperature: 417.04 K 
kinetic energy: 0.107814 eV 
potential energy: 8.114370 eV 
total energy: 8.222184 eV 
wall time from start: 0.48 s 
====================
Calling Quantum Espresso...
QE run complete.
number of DFT calls: 2 
wall time from start: 0.78 s 
-------------------- 
*-Frame: 1 Simulation Time: 0.000 ps 
El 			  Position (A) 					 DFT Force (ev/A) 						 Std. Dev (ev/A) 
H 2.29784856 2.50000000 2.50000000 	-21.50849288 0.00000000 0.00000000 	1.62346655e-01 0.00000000e+00 0.00000000e+00 
H 2.80215144 2.50000000 2.50000000 	21.50849288 0.00000000 0.00000000 	1.62346655e-01 0.00000000e+00 0.00000000e+00 
temperature: 407.73 K 
kinetic energy: 0.105406 eV 
potential energy: 8.114370 eV 
total energy: 8.219777 eV 
wall time from start: 0.78 s 
====================
Updating GP model...
Training atoms: [0].
Uncertainty: [0.16234665 0.         0.        ].
New GP Hyperparameters: 
Hyp0 : Signal Std = 0.2346192387097103
Hyp1 : Length Scale = 0.21777953786979576
Hyp2 : Noise Std = 1e-06
wall time from start: 0.79 s 
-------------------- 
-Frame: 2 Simulation Time: 0.000 ps 
El 			  Position (A) 					 GP Force (ev/A) 						 Std. Dev (ev/A) 
H 2.29362186 2.50000000 2.50000000 	-19.89495491 0.00000000 0.00000000 	6.06330720e-02 0.00000000e+00 0.00000000e+00 
H 2.80637814 2.50000000 2.50000000 	19.89495491 0.00000000 0.00000000 	6.06330720e-02 0.00000000e+00 0.00000000e+00 
temperature: 1078.43 K 
kinetic energy: 0.278795 eV 
potential energy: -2.508449 eV 
total energy: -2.229654 eV 
wall time from start: 0.79 s 
-------------------- 
-Frame: 3 Simulation Time: 0.000 ps 
El 			  Position (A) 					 GP Force (ev/A) 						 Std. Dev (ev/A) 
H 2.28747559 2.50000000 2.50000000 	-17.42382815 0.00000000 0.00000000 	2.89212327e-01 0.00000000e+00 0.00000000e+00 
H 2.81252441 2.50000000 2.50000000 	17.42382815 0.00000000 0.00000000 	2.89212327e-01 0.00000000e+00 0.00000000e+00 
temperature: 1957.07 K 
kinetic energy: 0.505942 eV 
potential energy: -2.737955 eV 
total energy: -2.232014 eV 
wall time from start: 0.80 s 
====================
Calling Quantum Espresso...
QE run complete.
number of DFT calls: 3 
wall time from start: 1.09 s 
-------------------- 
*-Frame: 3 Simulation Time: 0.000 ps 
El 			  Position (A) 					 DFT Force (ev/A) 						 Std. Dev (ev/A) 
H 2.28747559 2.50000000 2.50000000 	-18.03172916 0.00000000 0.00000000 	2.89212327e-01 0.00000000e+00 0.00000000e+00 
H 2.81252441 2.50000000 2.50000000 	18.03172916 0.00000000 0.00000000 	2.89212327e-01 0.00000000e+00 0.00000000e+00 
temperature: 1973.53 K 
kinetic energy: 0.510198 eV 
potential energy: -2.737955 eV 
total energy: -2.227757 eV 
wall time from start: 1.09 s 
====================
Updating GP model...
Training atoms: [0].
Uncertainty: [0.28921233 0.         0.        ].
New GP Hyperparameters: 
Hyp0 : Signal Std = 0.5022193369677515
Hyp1 : Length Scale = 0.26639409557176
Hyp2 : Noise Std = 1e-06
wall time from start: 1.11 s 
-------------------- 
-Frame: 4 Simulation Time: 0.000 ps 
El 			  Position (A) 					 GP Force (ev/A) 						 Std. Dev (ev/A) 
H 2.27958952 2.50000000 2.50000000 	-15.78693728 0.00000000 0.00000000 	4.24690501e-02 0.00000000e+00 0.00000000e+00 
H 2.82041048 2.50000000 2.50000000 	15.78693728 0.00000000 0.00000000 	4.24690501e-02 0.00000000e+00 0.00000000e+00 
temperature: 2998.08 K 
kinetic energy: 0.775063 eV 
potential energy: -2.366793 eV 
total energy: -1.591729 eV 
wall time from start: 1.11 s 
-------------------- 
-Frame: 5 Simulation Time: 0.001 ps 
El 			  Position (A) 					 GP Force (ev/A) 						 Std. Dev (ev/A) 
H 2.27018024 2.50000000 2.50000000 	-13.58630435 0.00000000 0.00000000 	2.01991514e-01 0.00000000e+00 0.00000000e+00 
H 2.82981976 2.50000000 2.50000000 	13.58630435 0.00000000 0.00000000 	2.01991514e-01 0.00000000e+00 0.00000000e+00 
temperature: 4061.14 K 
kinetic energy: 1.049885 eV 
potential energy: -2.642350 eV 
total energy: -1.592465 eV 
wall time from start: 1.11 s 
====================
Calling Quantum Espresso...
QE run complete.
number of DFT calls: 4 
wall time from start: 1.41 s 
-------------------- 
*-Frame: 5 Simulation Time: 0.001 ps 
El 			  Position (A) 					 DFT Force (ev/A) 						 Std. Dev (ev/A) 
H 2.27018024 2.50000000 2.50000000 	-13.26095564 0.00000000 0.00000000 	2.01991514e-01 0.00000000e+00 0.00000000e+00 
H 2.82981976 2.50000000 2.50000000 	13.26095564 0.00000000 0.00000000 	2.01991514e-01 0.00000000e+00 0.00000000e+00 
temperature: 4048.48 K 
kinetic energy: 1.046613 eV 
potential energy: -2.642350 eV 
total energy: -1.595737 eV 
wall time from start: 1.41 s 
====================
Updating GP model...
Training atoms: [0].
Uncertainty: [0.20199151 0.         0.        ].
New GP Hyperparameters: 
Hyp0 : Signal Std = 0.5932251240836687
Hyp1 : Length Scale = 0.26626547208741974
Hyp2 : Noise Std = 1e-06
wall time from start: 1.44 s 
-------------------- 
-Frame: 6 Simulation Time: 0.001 ps 
El 			  Position (A) 					 GP Force (ev/A) 						 Std. Dev (ev/A) 
H 2.25949148 2.50000000 2.50000000 	-10.75629550 0.00000000 0.00000000 	2.88936481e-02 0.00000000e+00 0.00000000e+00 
H 2.84050852 2.50000000 2.50000000 	10.75629550 0.00000000 0.00000000 	2.88936481e-02 0.00000000e+00 0.00000000e+00 
temperature: 5035.89 K 
kinetic energy: 1.301877 eV 
potential energy: -8.970773 eV 
total energy: -7.668896 eV 
wall time from start: 1.44 s 
-------------------- 
-Frame: 7 Simulation Time: 0.001 ps 
El 			  Position (A) 					 GP Force (ev/A) 						 Std. Dev (ev/A) 
H 2.24776489 2.50000000 2.50000000 	-8.19461805 0.00000000 0.00000000 	1.39539302e-01 0.00000000e+00 0.00000000e+00 
H 2.85223511 2.50000000 2.50000000 	8.19461805 0.00000000 0.00000000 	1.39539302e-01 0.00000000e+00 0.00000000e+00 
temperature: 5890.98 K 
kinetic energy: 1.522935 eV 
potential energy: -9.192796 eV 
total energy: -7.669861 eV 
wall time from start: 1.44 s 
====================
Calling Quantum Espresso...
QE run complete.
number of DFT calls: 5 
wall time from start: 1.73 s 
-------------------- 
*-Frame: 7 Simulation Time: 0.001 ps 
El 			  Position (A) 					 DFT Force (ev/A) 						 Std. Dev (ev/A) 
H 2.24776489 2.50000000 2.50000000 	-8.55628393 0.00000000 0.00000000 	1.39539302e-01 0.00000000e+00 0.00000000e+00 
H 2.85223511 2.50000000 2.50000000 	8.55628393 0.00000000 0.00000000 	1.39539302e-01 0.00000000e+00 0.00000000e+00 
temperature: 5907.95 K 
kinetic energy: 1.527322 eV 
potential energy: -9.192796 eV 
total energy: -7.665474 eV 
wall time from start: 1.73 s 
====================
Updating GP model...
Training atoms: [0].
Uncertainty: [0.1395393 0.        0.       ].
New GP Hyperparameters: 
Hyp0 : Signal Std = 0.7488694022424885
Hyp1 : Length Scale = 0.2534629707520455
Hyp2 : Noise Std = 1e-06
wall time from start: 1.77 s 
-------------------- 
-Frame: 8 Simulation Time: 0.001 ps 
El 			  Position (A) 					 GP Force (ev/A) 						 Std. Dev (ev/A) 
H 2.23521275 2.50000000 2.50000000 	-6.56778058 0.00000000 0.00000000 	3.57589437e-02 0.00000000e+00 0.00000000e+00 
H 2.86478725 2.50000000 2.50000000 	6.56778058 0.00000000 0.00000000 	3.57589437e-02 0.00000000e+00 0.00000000e+00 
temperature: 6639.47 K 
kinetic energy: 1.716436 eV 
potential energy: -5.109334 eV 
total energy: -3.392898 eV 
wall time from start: 1.78 s 
-------------------- 
-Frame: 9 Simulation Time: 0.001 ps 
El 			  Position (A) 					 GP Force (ev/A) 						 Std. Dev (ev/A) 
H 2.22202691 2.50000000 2.50000000 	-5.01528334 0.00000000 0.00000000 	1.76774576e-01 0.00000000e+00 0.00000000e+00 
H 2.87797309 2.50000000 2.50000000 	5.01528334 0.00000000 0.00000000 	1.76774576e-01 0.00000000e+00 0.00000000e+00 
temperature: 7228.59 K 
kinetic energy: 1.868735 eV 
potential energy: -5.260788 eV 
total energy: -3.392053 eV 
wall time from start: 1.78 s 
====================
Calling Quantum Espresso...
QE run complete.
number of DFT calls: 6 
wall time from start: 2.07 s 
-------------------- 
*-Frame: 9 Simulation Time: 0.001 ps 
El 			  Position (A) 					 DFT Force (ev/A) 						 Std. Dev (ev/A) 
H 2.22202691 2.50000000 2.50000000 	-4.65786373 0.00000000 0.00000000 	1.76774576e-01 0.00000000e+00 0.00000000e+00 
H 2.87797309 2.50000000 2.50000000 	4.65786373 0.00000000 0.00000000 	1.76774576e-01 0.00000000e+00 0.00000000e+00 
temperature: 7210.04 K 
kinetic energy: 1.863939 eV 
potential energy: -5.260788 eV 
total energy: -3.396849 eV 
wall time from start: 2.08 s 
====================
Updating GP model...
Training atoms: [0].
Uncertainty: [0.17677458 0.         0.        ].
New GP Hyperparameters: 
Hyp0 : Signal Std = 0.6903395905888203
Hyp1 : Length Scale = 0.23366385415636054
Hyp2 : Noise Std = 1e-06
wall time from start: 2.13 s 
-------------------- 
-Frame: 10 Simulation Time: 0.001 ps 
El 			  Position (A) 					 GP Force (ev/A) 						 Std. Dev (ev/A) 
H 2.20839165 2.50000000 2.50000000 	-2.95872797 0.00000000 0.00000000 	3.99493538e-02 0.00000000e+00 0.00000000e+00 
H 2.89160835 2.50000000 2.50000000 	2.95872797 0.00000000 0.00000000 	3.99493538e-02 0.00000000e+00 0.00000000e+00 
temperature: 7610.56 K 
kinetic energy: 1.967481 eV 
potential energy: -10.911757 eV 
total energy: -8.944276 eV 
wall time from start: 2.14 s 
-------------------- 
-Frame: 11 Simulation Time: 0.001 ps 
El 			  Position (A) 					 GP Force (ev/A) 						 Std. Dev (ev/A) 
H 2.19447093 2.50000000 2.50000000 	-1.20828990 0.00000000 0.00000000 	1.91435760e-01 0.00000000e+00 0.00000000e+00 
H 2.90552907 2.50000000 2.50000000 	1.20828990 0.00000000 0.00000000 	1.91435760e-01 0.00000000e+00 0.00000000e+00 
temperature: 7834.26 K 
kinetic energy: 2.025313 eV 
potential energy: -10.970111 eV 
total energy: -8.944799 eV 
wall time from start: 2.14 s 
====================
Calling Quantum Espresso...
QE run complete.
number of DFT calls: 7 
wall time from start: 2.45 s 
-------------------- 
*-Frame: 11 Simulation Time: 0.001 ps 
El 			  Position (A) 					 DFT Force (ev/A) 						 Std. Dev (ev/A) 
H 2.19447093 2.50000000 2.50000000 	-1.72731595 0.00000000 0.00000000 	1.91435760e-01 0.00000000e+00 0.00000000e+00 
H 2.90552907 2.50000000 2.50000000 	1.72731595 0.00000000 0.00000000 	1.91435760e-01 0.00000000e+00 0.00000000e+00 
temperature: 7862.35 K 
kinetic energy: 2.032575 eV 
potential energy: -10.970111 eV 
total energy: -8.937537 eV 
wall time from start: 2.45 s 
====================
Updating GP model...
Training atoms: [0].
Uncertainty: [0.19143576 0.         0.        ].
New GP Hyperparameters: 
Hyp0 : Signal Std = 0.6915997309495541
Hyp1 : Length Scale = 0.21570260044051914
Hyp2 : Noise Std = 1e-06
wall time from start: 2.49 s 
-------------------- 
-Frame: 12 Simulation Time: 0.001 ps 
El 			  Position (A) 					 GP Force (ev/A) 						 Std. Dev (ev/A) 
H 2.18038354 2.50000000 2.50000000 	-0.71166841 0.00000000 0.00000000 	5.83572992e-02 0.00000000e+00 0.00000000e+00 
H 2.91961646 2.50000000 2.50000000 	0.71166841 0.00000000 0.00000000 	5.83572992e-02 0.00000000e+00 0.00000000e+00 
temperature: 7995.03 K 
kinetic energy: 2.066874 eV 
potential energy: -5.466834 eV 
total energy: -3.399960 eV 
wall time from start: 2.49 s 
-------------------- 
-Frame: 13 Simulation Time: 0.001 ps 
El 			  Position (A) 					 GP Force (ev/A) 						 Std. Dev (ev/A) 
H 2.16622748 2.50000000 2.50000000 	-0.15865703 0.00000000 0.00000000 	2.75842949e-01 0.00000000e+00 0.00000000e+00 
H 2.93377252 2.50000000 2.50000000 	0.15865703 0.00000000 0.00000000 	2.75842949e-01 0.00000000e+00 0.00000000e+00 
temperature: 8042.64 K 
kinetic energy: 2.079183 eV 
potential energy: -5.477852 eV 
total energy: -3.398669 eV 
wall time from start: 2.49 s 
====================
Calling Quantum Espresso...
QE run complete.
number of DFT calls: 8 
wall time from start: 2.79 s 
-------------------- 
*-Frame: 13 Simulation Time: 0.001 ps 
El 			  Position (A) 					 DFT Force (ev/A) 						 Std. Dev (ev/A) 
H 2.16622748 2.50000000 2.50000000 	0.35889377 0.00000000 0.00000000 	2.75842949e-01 0.00000000e+00 0.00000000e+00 
H 2.93377252 2.50000000 2.50000000 	-0.35889377 0.00000000 0.00000000 	2.75842949e-01 0.00000000e+00 0.00000000e+00 
temperature: 8014.31 K 
kinetic energy: 2.071859 eV 
potential energy: -5.477852 eV 
total energy: -3.405993 eV 
wall time from start: 2.79 s 
====================
Updating GP model...
Training atoms: [0].
Uncertainty: [0.27584295 0.         0.        ].
New GP Hyperparameters: 
Hyp0 : Signal Std = 0.6133525351493617
Hyp1 : Length Scale = 0.20365935964360024
Hyp2 : Noise Std = 1e-06
wall time from start: 3.31 s 
-------------------- 
-Frame: 14 Simulation Time: 0.001 ps 
El 			  Position (A) 					 GP Force (ev/A) 						 Std. Dev (ev/A) 
H 2.15210606 2.50000000 2.50000000 	1.29783349 0.00000000 0.00000000 	6.62676817e-02 0.00000000e+00 0.00000000e+00 
H 2.94789394 2.50000000 2.50000000 	-1.29783349 0.00000000 0.00000000 	6.62676817e-02 0.00000000e+00 0.00000000e+00 
temperature: 7923.96 K 
kinetic energy: 2.048501 eV 
potential energy: -9.298126 eV 
total energy: -7.249626 eV 
wall time from start: 3.31 s 
-------------------- 
-Frame: 15 Simulation Time: 0.002 ps 
El 			  Position (A) 					 GP Force (ev/A) 						 Std. Dev (ev/A) 
H 2.13810985 2.50000000 2.50000000 	2.44748992 0.00000000 0.00000000 	2.80064240e-01 0.00000000e+00 0.00000000e+00 
H 2.96189015 2.50000000 2.50000000 	-2.44748992 0.00000000 0.00000000 	2.80064240e-01 0.00000000e+00 0.00000000e+00 
temperature: 7721.59 K 
kinetic energy: 1.996184 eV 
potential energy: -9.246560 eV 
total energy: -7.250375 eV 
wall time from start: 3.31 s 
====================
Calling Quantum Espresso...
QE run complete.
number of DFT calls: 9 
wall time from start: 3.61 s 
-------------------- 
*-Frame: 15 Simulation Time: 0.002 ps 
El 			  Position (A) 					 DFT Force (ev/A) 						 Std. Dev (ev/A) 
H 2.13810985 2.50000000 2.50000000 	1.79967583 0.00000000 0.00000000 	2.80064240e-01 0.00000000e+00 0.00000000e+00 
H 2.96189015 2.50000000 2.50000000 	-1.79967583 0.00000000 0.00000000 	2.80064240e-01 0.00000000e+00 0.00000000e+00 
temperature: 7756.40 K 
kinetic energy: 2.005185 eV 
potential energy: -9.246560 eV 
total energy: -7.241375 eV 
wall time from start: 3.61 s 
====================
Updating GP model...
Training atoms: [0].
Uncertainty: [0.28006424 0.         0.        ].
New GP Hyperparameters: 
Hyp0 : Signal Std = 0.613831934820011
Hyp1 : Length Scale = 0.19538223519114933
Hyp2 : Noise Std = 1e-06
wall time from start: 3.94 s 
-------------------- 
-Frame: 16 Simulation Time: 0.002 ps 
El 			  Position (A) 					 GP Force (ev/A) 						 Std. Dev (ev/A) 
H 2.12428729 2.50000000 2.50000000 	2.22012858 0.00000000 0.00000000 	8.03314985e-02 0.00000000e+00 0.00000000e+00 
H 2.97571271 2.50000000 2.50000000 	-2.22012858 0.00000000 0.00000000 	8.03314985e-02 0.00000000e+00 0.00000000e+00 
temperature: 7541.63 K 
kinetic energy: 1.949662 eV 
potential energy: -5.111243 eV 
total energy: -3.161581 eV 
wall time from start: 3.94 s 
-------------------- 
-Frame: 17 Simulation Time: 0.002 ps 
El 			  Position (A) 					 GP Force (ev/A) 						 Std. Dev (ev/A) 
H 2.11067894 2.50000000 2.50000000 	2.29128121 0.00000000 0.00000000 	3.05437266e-01 0.00000000e+00 0.00000000e+00 
H 2.98932106 2.50000000 2.50000000 	-2.29128121 0.00000000 0.00000000 	3.05437266e-01 0.00000000e+00 0.00000000e+00 
temperature: 7304.18 K 
kinetic energy: 1.888277 eV 
potential energy: -5.048884 eV 
total energy: -3.160607 eV 
wall time from start: 3.95 s 
====================
Calling Quantum Espresso...
QE run complete.
number of DFT calls: 10 
wall time from start: 4.24 s 
-------------------- 
*-Frame: 17 Simulation Time: 0.002 ps 
El 			  Position (A) 					 DFT Force (ev/A) 						 Std. Dev (ev/A) 
H 2.11067894 2.50000000 2.50000000 	2.77308409 0.00000000 0.00000000 	3.05437266e-01 0.00000000e+00 0.00000000e+00 
H 2.98932106 2.50000000 2.50000000 	-2.77308409 0.00000000 0.00000000 	3.05437266e-01 0.00000000e+00 0.00000000e+00 
temperature: 7279.05 K 
kinetic energy: 1.881779 eV 
potential energy: -5.048884 eV 
total energy: -3.167105 eV 
wall time from start: 4.24 s 
====================
Updating GP model...
Training atoms: [0].
Uncertainty: [0.30543727 0.         0.        ].
New GP Hyperparameters: 
Hyp0 : Signal Std = 0.6139600303012513
Hyp1 : Length Scale = 0.1927129046329859
Hyp2 : Noise Std = 1e-06
wall time from start: 4.60 s 
-------------------- 
-Frame: 18 Simulation Time: 0.002 ps 
El 			  Position (A) 					 GP Force (ev/A) 						 Std. Dev (ev/A) 
H 2.09733815 2.50000000 2.50000000 	3.23611749 0.00000000 0.00000000 	1.08816244e-01 0.00000000e+00 0.00000000e+00 
H 3.00266185 2.50000000 2.50000000 	-3.23611749 0.00000000 0.00000000 	1.08816244e-01 0.00000000e+00 0.00000000e+00 
temperature: 6969.21 K 
kinetic energy: 1.801679 eV 
potential energy: -8.268944 eV 
total energy: -6.467266 eV 
wall time from start: 4.60 s 
====================
Calling Quantum Espresso...
QE run complete.
number of DFT calls: 11 
wall time from start: 4.90 s 
-------------------- 
*-Frame: 18 Simulation Time: 0.002 ps 
El 			  Position (A) 					 DFT Force (ev/A) 						 Std. Dev (ev/A) 
H 2.09733815 2.50000000 2.50000000 	3.12550330 0.00000000 0.00000000 	1.08816244e-01 0.00000000e+00 0.00000000e+00 
H 3.00266185 2.50000000 2.50000000 	-3.12550330 0.00000000 0.00000000 	1.08816244e-01 0.00000000e+00 0.00000000e+00 
temperature: 6974.85 K 
kinetic energy: 1.803137 eV 
potential energy: -8.268944 eV 
total energy: -6.465807 eV 
wall time from start: 4.90 s 
====================
Updating GP model...
Training atoms: [0].
Uncertainty: [0.10881624 0.         0.        ].
New GP Hyperparameters: 
Hyp0 : Signal Std = 0.6141926940894079
Hyp1 : Length Scale = 0.18842265325366406
Hyp2 : Noise Std = 1e-06
wall time from start: 5.33 s 
-------------------- 
-Frame: 19 Simulation Time: 0.002 ps 
El 			  Position (A) 					 GP Force (ev/A) 						 Std. Dev (ev/A) 
H 2.08429893 2.50000000 2.50000000 	3.37948989 0.00000000 0.00000000 	8.99900867e-02 0.00000000e+00 0.00000000e+00 
H 3.01570107 2.50000000 2.50000000 	-3.37948989 0.00000000 0.00000000 	8.99900867e-02 0.00000000e+00 0.00000000e+00 
temperature: 6646.90 K 
kinetic energy: 1.718357 eV 
potential energy: -4.989134 eV 
total energy: -3.270777 eV 
wall time from start: 5.33 s 
▬▬▬▬▬▬▬▬▬▬▬▬▬▬▬▬▬▬▬▬
Run complete. 
Uncertainty: [0. 0. 0.].
Uncertainty: [0.16234665 0.         0.        ].
Uncertainty: [0.28921233 0.         0.        ].
Uncertainty: [0.20199165 0.         0.        ].
Uncertainty: [0.1395473 0.        0.       ].
Uncertainty: [0.17718511 0.         0.        ].
Uncertainty: [0.19157132 0.         0.        ].
Uncertainty: [0.28085172 0.         0.        ].
Uncertainty: [0.27943193 0.         0.        ].
Uncertainty: [0.30718343 0.         0.        ].
Uncertainty: [0.23509275 0.         0.        ].
Uncertainty: [0. 0. 0.].
Uncertainty: [0.54680426 0.61336905 1.16799317].
Uncertainty: [0.56411605 0.30909984 0.32510209].
Uncertainty: [0.19107837 0.66107722 0.55995839].
Uncertainty: [0.32197438 0.41054891 0.33860041].
Uncertainty: [0. 0. 0.].
Uncertainty: [0.16234665 0.         0.        ].
Uncertainty: [0.28921233 0.         0.        ].
Uncertainty: [0.20199165 0.         0.        ].
Uncertainty: [0.1395473 0.        0.       ].
Uncertainty: [0.17718511 0.         0.        ].
Uncertainty: [0.19157132 0.         0.        ].
Uncertainty: [0.28085172 0.         0.        ].
Uncertainty: [0.27976095 0.         0.        ].
Uncertainty: [0.30252927 0.         0.        ].
Uncertainty: [0.24691362 0.         0.        ].
Uncertainty: [0. 0. 0.].
Uncertainty: [0.54680426 0.61336905 1.16799317].
Uncertainty: [0.56411605 0.30909984 0.32510209].
Uncertainty: [0.19107837 0.66107722 0.55995839].
Uncertainty: [0.32197438 0.41054891 0.33860041].
Uncertainty: [0. 0. 0.].
Uncertainty: [0.16234665 0.         0.        ].
Uncertainty: [0.28921233 0.         0.        ].
Uncertainty: [0.20199151 0.         0.        ].
Uncertainty: [0.13954692 0.         0.        ].
Uncertainty: [0.17680622 0.         0.        ].
Uncertainty: [0.19141383 0.         0.        ].
Uncertainty: [0.27684941 0.         0.        ].
Uncertainty: [0.27910668 0.         0.        ].
Uncertainty: [0.31186064 0.         0.        ].
Uncertainty: [0.24883253 0.         0.        ].
Uncertainty: [0. 0. 0.].
Uncertainty: [0.54680426 0.61336905 1.16799317].
Uncertainty: [0.56411605 0.30909984 0.32510209].
Uncertainty: [0.19107837 0.66107722 0.55995839].
Uncertainty: [0.32197438 0.41054891 0.33860041].
