
     Program PWSCF v.6.0 (svn rev. 13079) starts on 19Mar2019 at  9:12: 3 

     This program is part of the open-source Quantum ESPRESSO suite
     for quantum simulation of materials; please cite
         "P. Giannozzi et al., J. Phys.:Condens. Matter 21 395502 (2009);
          URL http://www.quantum-espresso.org", 
     in publications or presentations arising from this work. More details at
     http://www.quantum-espresso.org/quote

     Parallel version (MPI), running on     2 processors
     R & G space division:  proc/nbgrp/npool/nimage =       2
     Waiting for input...
     Reading input from standard input
Warning: card &IONS ignored
Warning: card / ignored
Warning: card &CELL ignored
Warning: card / ignored

     Current dimensions of program PWSCF are:
     Max number of different atomic species (ntypx) = 10
     Max number of k-points (npk) =  40000
     Max angular momentum in pseudopotentials (lmaxx) =  3
               file H.pbe-kjpaw.UPF: wavefunction(s)  1S renormalized

     gamma-point specific algorithms are used

     Subspace diagonalization in iterative solution of the eigenvalue problem:
     a serial algorithm will be used


     Parallelization info
     --------------------
     sticks:   dense  smooth     PW     G-vecs:    dense   smooth      PW
     Min         358     358    178                 7121     7121    2519
     Max         359     359    179                 7122     7122    2522
     Sum         717     717    357                14243    14243    5041



     bravais-lattice index     =            0
     lattice parameter (alat)  =       9.4486  a.u.
     unit-cell volume          =     843.5418 (a.u.)^3
     number of atoms/cell      =            2
     number of atomic types    =            1
     number of electrons       =         2.00
     number of Kohn-Sham states=            1
     kinetic-energy cutoff     =      50.0000  Ry
     charge density cutoff     =     100.0000  Ry
     convergence threshold     =      1.0E-07
     mixing beta               =       0.5000
     number of iterations used =            8  plain     mixing
     Exchange-correlation      =  SLA  PW   PBX  PBC ( 1  4  3  4 0 0)

     celldm(1)=   9.448631  celldm(2)=   0.000000  celldm(3)=   0.000000
     celldm(4)=   0.000000  celldm(5)=   0.000000  celldm(6)=   0.000000

     crystal axes: (cart. coord. in units of alat)
               a(1) = (   1.000000   0.000000   0.000000 )  
               a(2) = (   0.000000   1.000000   0.000000 )  
               a(3) = (   0.000000   0.000000   1.000000 )  

     reciprocal axes: (cart. coord. in units 2 pi/alat)
               b(1) = (  1.000000  0.000000  0.000000 )  
               b(2) = (  0.000000  1.000000  0.000000 )  
               b(3) = (  0.000000  0.000000  1.000000 )  


     PseudoPot. # 1 for  H read from file:
     ./test_files/pseudos/H.pbe-kjpaw.UPF
     MD5 check sum: f0c5446d8b45f1c04d25babcc032f843
     Pseudo is Projector augmented-wave, Zval =  1.0
     Generated using "atomic" code by A. Dal Corso  (Quantum ESPRESSO distribution)
     Shape of augmentation charge: PSQ
     Using radial grid of  929 points,  2 beta functions with: 
                l(1) =   0
                l(2) =   0
     Q(r) pseudized with 0 coefficients 


     atomic species   valence    mass     pseudopotential
        H              1.00     1.00000      H( 1.00)

      8 Sym. Ops. (no inversion) found
          (note:  8 additional sym.ops. were found but ignored
           their fractional translations are incommensurate with FFT grid)


   Cartesian axes

     site n.     atom                  positions (alat units)
         1           H   tau(   1) = (   0.4600000   0.5000000   0.5000000  )
         2           H   tau(   2) = (   0.5600000   0.5000000   0.5000000  )

     number of k points=     1
                       cart. coord. in units 2pi/alat
        k(    1) = (   0.0000000   0.0000000   0.0000000), wk =   2.0000000

     Dense  grid:     7122 G-vectors     FFT dimensions: (  32,  32,  32)

     Estimated max dynamical RAM per process >       2.80Mb

     Estimated total allocated dynamical RAM >       5.60Mb

     Initial potential from superposition of free atoms
     Check: negative starting charge=   -0.000715

     starting charge    1.99998, renormalised to    2.00000

     negative rho (up, down):  7.151E-04 0.000E+00
     Starting wfc are    2 randomized atomic wfcs
     Checking if some PAW data can be deallocated... 

     total cpu time spent up to now is        0.1 secs

     Self-consistent Calculation

     iteration #  1     ecut=    50.00 Ry     beta=0.50
     Davidson diagonalization with overlap
     ethr =  1.00E-02,  avg # of iterations =  2.0

     negative rho (up, down):  4.611E-03 0.000E+00

     total cpu time spent up to now is        0.1 secs

     total energy              =      -2.19373741 Ry
     Harris-Foulkes estimate   =      -2.29932762 Ry
     estimated scf accuracy    <       0.24871533 Ry

     iteration #  2     ecut=    50.00 Ry     beta=0.50
     Davidson diagonalization with overlap
     ethr =  1.00E-02,  avg # of iterations =  1.0

     negative rho (up, down):  1.122E-02 0.000E+00

     total cpu time spent up to now is        0.1 secs

     total energy              =      -2.18266989 Ry
     Harris-Foulkes estimate   =      -2.20293666 Ry
     estimated scf accuracy    <       0.03234861 Ry

     iteration #  3     ecut=    50.00 Ry     beta=0.50
     Davidson diagonalization with overlap
     ethr =  1.62E-03,  avg # of iterations =  2.0

     negative rho (up, down):  1.038E-02 0.000E+00

     total cpu time spent up to now is        0.1 secs

     total energy              =      -2.18779265 Ry
     Harris-Foulkes estimate   =      -2.18797609 Ry
     estimated scf accuracy    <       0.00030131 Ry

     iteration #  4     ecut=    50.00 Ry     beta=0.50
     Davidson diagonalization with overlap
     ethr =  1.51E-05,  avg # of iterations =  2.0

     negative rho (up, down):  1.079E-02 0.000E+00

     total cpu time spent up to now is        0.1 secs

     total energy              =      -2.18784229 Ry
     Harris-Foulkes estimate   =      -2.18786434 Ry
     estimated scf accuracy    <       0.00003419 Ry

     iteration #  5     ecut=    50.00 Ry     beta=0.50
     Davidson diagonalization with overlap
     ethr =  1.71E-06,  avg # of iterations =  2.0

     negative rho (up, down):  1.075E-02 0.000E+00

     total cpu time spent up to now is        0.1 secs

     total energy              =      -2.18784854 Ry
     Harris-Foulkes estimate   =      -2.18784894 Ry
     estimated scf accuracy    <       0.00000081 Ry

     iteration #  6     ecut=    50.00 Ry     beta=0.50
     Davidson diagonalization with overlap
     ethr =  4.03E-08,  avg # of iterations =  2.0

     negative rho (up, down):  1.074E-02 0.000E+00

     total cpu time spent up to now is        0.1 secs

     End of self-consistent calculation

          k = 0.0000 0.0000 0.0000 (  2521 PWs)   bands (ev):

   -11.6676

     highest occupied level (ev):   -11.6676

!    total energy              =      -2.18784860 Ry
     Harris-Foulkes estimate   =      -2.18784859 Ry
     estimated scf accuracy    <       0.00000002 Ry

     total all-electron energy =        -2.187840 Ry

     The total energy is the sum of the following terms:

     one-electron contribution =      -3.38483130 Ry
     hartree contribution      =       1.83282348 Ry
     xc contribution           =      -1.55576265 Ry
     ewald contribution        =       0.92006143 Ry
     one-center paw contrib.   =      -0.00013956 Ry

     convergence has been achieved in   6 iterations

     Forces acting on atoms (Ry/au):

     atom    1 type  1   force =    -0.86725982    0.00000000    0.00000000
     atom    2 type  1   force =     0.86725982    0.00000000    0.00000000

     Total force =     1.226491     Total SCF correction =     0.000036

     Writing output data file pwscf.save

     init_run     :      0.03s CPU      0.03s WALL (       1 calls)
     electrons    :      0.05s CPU      0.06s WALL (       1 calls)
     forces       :      0.00s CPU      0.00s WALL (       1 calls)

     Called by init_run:
     wfcinit      :      0.00s CPU      0.00s WALL (       1 calls)
     potinit      :      0.01s CPU      0.01s WALL (       1 calls)

     Called by electrons:
     c_bands      :      0.01s CPU      0.01s WALL (       6 calls)
     sum_band     :      0.00s CPU      0.01s WALL (       6 calls)
     v_of_rho     :      0.04s CPU      0.04s WALL (       7 calls)
     newd         :      0.00s CPU      0.00s WALL (       7 calls)
     PAW_pot      :      0.00s CPU      0.00s WALL (       7 calls)
     mix_rho      :      0.00s CPU      0.00s WALL (       6 calls)

     Called by c_bands:
     init_us_2    :      0.00s CPU      0.00s WALL (      13 calls)
     regterg      :      0.01s CPU      0.01s WALL (       6 calls)

     Called by sum_band:
     sum_band:bec :      0.00s CPU      0.00s WALL (       6 calls)
     addusdens    :      0.00s CPU      0.00s WALL (       6 calls)

     Called by *egterg:
     h_psi        :      0.00s CPU      0.01s WALL (      18 calls)
     s_psi        :      0.00s CPU      0.00s WALL (      18 calls)
     g_psi        :      0.00s CPU      0.00s WALL (      11 calls)
     rdiaghg      :      0.00s CPU      0.00s WALL (      17 calls)

     Called by h_psi:
     h_psi:pot    :      0.00s CPU      0.01s WALL (      18 calls)
     h_psi:calbec :      0.00s CPU      0.00s WALL (      18 calls)
     vloc_psi     :      0.00s CPU      0.00s WALL (      18 calls)
     add_vuspsi   :      0.00s CPU      0.00s WALL (      18 calls)

     General routines
     calbec       :      0.00s CPU      0.00s WALL (      28 calls)
     fft          :      0.01s CPU      0.01s WALL (      92 calls)
     fftw         :      0.00s CPU      0.00s WALL (      42 calls)
     davcio       :      0.00s CPU      0.00s WALL (       1 calls)

     Parallel routines
     fft_scatter  :      0.01s CPU      0.01s WALL (     134 calls)

     PWSCF        :     0.15s CPU         0.17s WALL


   This run was terminated on:   9:12: 3  19Mar2019            

=------------------------------------------------------------------------------=
   JOB DONE.
=------------------------------------------------------------------------------=
