2019-06-15 20:00:26.176872
number of cpu cores: 4
cutoffs: [3.9 3.9]
kernel: three_body
number of hyperparameters: 3
hyperparameters: [0.1  1.   0.01]
hyperparameter optimization algorithm: L-BFGS-B
uncertainty tolerance: 1 times noise 
timestep (ps): 0.001
number of frames: 100
number of atoms: 4
system species: {'Al'}
periodic cell: 
[[3.9 0.  0. ]
 [0.  3.9 0. ]
 [0.  0.  3.9]]
previous positions (A):
Al 0.20000000 0.00000000 0.10000000 
Al 0.00000000 1.90000000 1.80000000 
Al 1.70000000 0.00000000 1.80000000 
Al 1.90000000 1.70000000 0.00000000 
--------------------------------------------------------------------------------

Calling Quantum Espresso...
QE run complete.
number of DFT calls: 1 
wall time from start: 0.37 s 

*-Frame: 0
Simulation Time: 0.000 ps 
El  Position (A) 				 DFT Force (ev/A) 				 Std. Dev (ev/A) 					 Velocities (A/ps) 
Al 0.20000000 0.00000000 0.10000000 	-2.42775907 -1.38997601 -2.08468428 	0.00000000e+00 0.00000000e+00 0.00000000e+00 	-4.34080404e-01 -2.48526040e-01 -3.72739044e-01 
Al 0.00000000 1.90000000 1.80000000 	-0.90425019 0.87859237 1.15957781 	0.00000000e+00 0.00000000e+00 0.00000000e+00 	-1.61678846e-01 1.57091259e-01 2.07331119e-01 
Al 1.70000000 0.00000000 1.80000000 	2.16780654 -1.23289645 2.03236308 	0.00000000e+00 0.00000000e+00 0.00000000e+00 	3.87601204e-01 -2.20440403e-01 3.63384076e-01 
Al 1.90000000 1.70000000 0.00000000 	1.16420272 1.74428036 -1.10725636 	0.00000000e+00 0.00000000e+00 0.00000000e+00 	2.08158046e-01 3.11875231e-01 -1.97976105e-01 

temperature: 3.58 K 
kinetic energy: 0.001389 eV 
potential energy: 0.000000 eV 
total energy: 0.001389 eV 
wall time from start: 0.37 s 

Adding atom [0] to the training set.
Uncertainty: [0. 0. 0.].

GP hyperparameters: 
Hyp0 : Signal Std = 0.022444354283951272
Hyp1 : Length Scale = 1.2223766369243712
Hyp2 : Noise Std = 1e-06
likelihood: -0.3042649118084051
likelihood gradient: [-4.16106150e-06 -1.28685568e-06 -5.43757971e-05]
wall time from start: 2.39 s 
--------------------------------------------------------------------------------
-Frame: 1
Simulation Time: 0.001 ps 
El  Position (A) 				 GP Force (ev/A) 				 Std. Dev (ev/A) 					 Velocities (A/ps) 
Al 0.19913184 -0.00049705 0.09925452 	-2.40972548 -1.37552605 -2.06640709 	1.84206233e-03 1.42591176e-03 1.47178707e-03 	-1.29901683e+00 -7.42994484e-01 -1.11494919e+00 
Al -0.00032336 1.90031418 1.80041466 	-1.53364546 0.84422051 1.50444822 	1.53026601e-01 1.22559833e-01 5.41498421e-02 	-5.97571657e-01 4.65128130e-01 6.83655771e-01 
Al 1.70077520 -0.00044088 1.80072677 	2.25412476 -1.32968158 2.04721373 	2.87097232e-02 2.01126932e-02 5.02718015e-02 	1.17823721e+00 -6.78626276e-01 1.09280751e+00 
Al 1.90041632 1.70062375 -0.00039595 	1.68924618 1.86098712 -1.48525486 	1.45900270e-01 1.38756062e-01 6.54180484e-02 	7.18351277e-01 9.56492721e-01 -6.61513994e-01 

temperature: 34.02 K 
kinetic energy: 0.013192 eV 
potential energy: 0.247126 eV 
total energy: 0.260318 eV 
wall time from start: 3.39 s 

Calling Quantum Espresso...
QE run complete.
number of DFT calls: 2 
wall time from start: 3.78 s 

*-Frame: 1
Simulation Time: 0.001 ps 
El  Position (A) 				 DFT Force (ev/A) 				 Std. Dev (ev/A) 					 Velocities (A/ps) 
Al 0.19913184 -0.00049705 0.09925452 	-2.42104669 -1.38210252 -2.07359485 	1.84206233e-03 1.42591176e-03 1.47178707e-03 	-1.30104104e+00 -7.44170349e-01 -1.11623435e+00 
Al -0.00032336 1.90031418 1.80041466 	-0.91067435 0.87243123 1.15989226 	1.53026601e-01 1.22559833e-01 5.41498421e-02 	-4.86185171e-01 4.70172172e-01 6.22049580e-01 
Al 1.70077520 -0.00044088 1.80072677 	2.16519096 -1.22832786 2.01763785 	2.87097232e-02 2.01126932e-02 5.02718015e-02 	1.16233595e+00 -6.60504351e-01 1.08751937e+00 
Al 1.90041632 1.70062375 -0.00039595 	1.16653008 1.73799889 -1.10393526 	1.45900270e-01 1.38756062e-01 6.54180484e-02 	6.24890268e-01 9.34502575e-01 -5.93334508e-01 

temperature: 32.17 K 
kinetic energy: 0.012476 eV 
potential energy: 0.247126 eV 
total energy: 0.259602 eV 
wall time from start: 3.78 s 

Adding atom [3, 1] to the training set.
Uncertainty: [0.14590027 0.13875606 0.06541805].

GP hyperparameters: 
Hyp0 : Signal Std = 0.0146499225369421
Hyp1 : Length Scale = 0.6778939823714455
Hyp2 : Noise Std = 0.16761171669631608
likelihood: -2.9539096713783337
likelihood gradient: [-6.64141294e-04  2.14845280e-05 -7.35865376e-05]
wall time from start: 4.15 s 
--------------------------------------------------------------------------------
-Frame: 5
Simulation Time: 0.005 ps 
El  Position (A) 				 GP Force (ev/A) 				 Std. Dev (ev/A) 					 Velocities (A/ps) 
Al 0.18733249 -0.00699527 0.08909511 	-2.08657524 -1.04856673 -1.78453315 	1.46626573e-01 4.43407939e-02 9.41168435e-02 	-4.51543052e+00 -2.42788935e+00 -3.88857158e+00 
Al -0.00503181 1.90391913 1.80607219 	-0.86291704 0.40999187 0.98059804 	1.10464119e-01 7.55951739e-02 1.28901967e-01 	-1.84345564e+00 1.23584366e+00 2.16014626e+00 
Al 1.71131078 -0.00624462 1.81073758 	1.86815118 -0.94211640 1.76459901 	1.75504874e-01 6.12640405e-02 1.16265619e-01 	4.03236473e+00 -2.17405524e+00 3.84645308e+00 
Al 1.90638854 1.70932076 -0.00590487 	1.08134110 1.58069127 -0.96066391 	9.02644518e-02 1.16872432e-01 6.96869889e-02 	2.32652143e+00 3.36610092e+00 -2.11802767e+00 

temperature: 389.44 K 
kinetic energy: 0.151018 eV 
potential energy: -0.366856 eV 
total energy: -0.215837 eV 
wall time from start: 4.22 s 

Calling Quantum Espresso...
QE run complete.
number of DFT calls: 3 
wall time from start: 4.59 s 

*-Frame: 5
Simulation Time: 0.005 ps 
El  Position (A) 				 DFT Force (ev/A) 				 Std. Dev (ev/A) 					 Velocities (A/ps) 
Al 0.18733249 -0.00699527 0.08909511 	-2.33907526 -1.27054230 -1.93179254 	1.46626573e-01 4.43407939e-02 9.41168435e-02 	-4.56057722e+00 -2.46757831e+00 -3.91490138e+00 
Al -0.00503181 1.90391913 1.80607219 	-0.99213336 0.78006559 1.16025196 	1.10464119e-01 7.55951739e-02 1.28901967e-01 	-1.86655936e+00 1.30201240e+00 2.19226816e+00 
Al 1.71131078 -0.00624462 1.81073758 	2.13784315 -1.15601349 1.82752089 	1.75504874e-01 6.12640405e-02 1.16265619e-01 	4.08058533e+00 -2.21229978e+00 3.85770344e+00 
Al 1.90638854 1.70932076 -0.00590487 	1.19336547 1.64649021 -1.05598031 	9.02644518e-02 1.16872432e-01 6.96869889e-02 	2.34655125e+00 3.37786569e+00 -2.13507013e+00 

temperature: 396.99 K 
kinetic energy: 0.153946 eV 
potential energy: -0.366856 eV 
total energy: -0.212909 eV 
wall time from start: 4.59 s 

Adding atom [0, 2] to the training set.
Uncertainty: [0.14662657 0.04434079 0.09411684].

GP hyperparameters: 
Hyp0 : Signal Std = 0.008732205079787704
Hyp1 : Length Scale = 0.45408503719575755
Hyp2 : Noise Std = 0.14883825533267592
likelihood: -0.6423388015032092
likelihood gradient: [-3.35157799e-05  3.16160740e-07  5.83754488e-06]
wall time from start: 5.11 s 
--------------------------------------------------------------------------------
-Frame: 6
Simulation Time: 0.006 ps 
El  Position (A) 				 GP Force (ev/A) 				 Std. Dev (ev/A) 					 Velocities (A/ps) 
Al 0.18235369 -0.00969002 0.08483481 	-2.22143600 -1.06905104 -1.85012300 	9.24399280e-02 4.34818308e-02 7.74423405e-02 	-5.37599115e+00 -2.88589479e+00 -4.59110333e+00 
Al -0.00707576 1.90536061 1.80847191 	-0.81928258 0.34009044 1.00504706 	9.84592700e-02 6.66913442e-02 9.84297958e-02 	-2.19043836e+00 1.50229495e+00 2.57942102e+00 
Al 1.71577361 -0.00866361 1.81492204 	2.00080592 -0.92301506 1.77629907 	1.05551099e-01 5.25085942e-02 8.57500870e-02 	4.82057081e+00 -2.58402759e+00 4.50206211e+00 
Al 1.90894847 1.71299302 -0.00822875 	1.03991266 1.65197567 -0.93122313 	8.47215707e-02 1.03691112e-01 6.91464541e-02 	2.74585870e+00 3.96762743e+00 -2.49037971e+00 

temperature: 546.93 K 
kinetic energy: 0.212087 eV 
potential energy: -0.443336 eV 
total energy: -0.231249 eV 
wall time from start: 5.15 s 
--------------------------------------------------------------------------------
-Frame: 9
Simulation Time: 0.009 ps 
El  Position (A) 				 GP Force (ev/A) 				 Std. Dev (ev/A) 					 Velocities (A/ps) 
Al 0.16277660 -0.01995854 0.06821630 	-1.92126968 -0.82260332 -1.54019608 	1.41284827e-01 5.41103759e-02 9.96653735e-02 	-7.60979155e+00 -3.90586829e+00 -6.42013665e+00 
Al -0.01485086 1.91031811 1.81773040 	-0.56820676 0.13121781 0.79212323 	1.14083633e-01 7.38010635e-02 1.15450501e-01 	-2.93800171e+00 1.75697231e+00 3.54629993e+00 
Al 1.73334577 -0.01780044 1.83113807 	1.74310891 -0.69949700 1.42693189 	1.53339833e-01 6.05708462e-02 9.05619916e-02 	6.83787144e+00 -3.45827556e+00 6.23223640e+00 
Al 1.91872848 1.72744088 -0.01708477 	0.74636753 1.39088251 -0.67885904 	9.71729856e-02 1.22249034e-01 8.28629918e-02 	3.70992182e+00 5.60717153e+00 -3.35839958e+00 

temperature: 1055.45 K 
kinetic energy: 0.409284 eV 
potential energy: -0.640891 eV 
total energy: -0.231608 eV 
wall time from start: 5.21 s 

Calling Quantum Espresso...
QE run complete.
number of DFT calls: 4 
wall time from start: 5.56 s 

*-Frame: 9
Simulation Time: 0.009 ps 
El  Position (A) 				 DFT Force (ev/A) 				 Std. Dev (ev/A) 					 Velocities (A/ps) 
Al 0.16277660 -0.01995854 0.06821630 	-2.16899054 -1.02229139 -1.66115681 	1.41284827e-01 5.41103759e-02 9.96653735e-02 	-7.65408374e+00 -3.94157227e+00 -6.44176429e+00 
Al -0.01485086 1.91031811 1.81773040 	-1.07576444 0.53954727 1.12031654 	1.14083633e-01 7.38010635e-02 1.15450501e-01 	-3.02875241e+00 1.82998113e+00 3.60498050e+00 
Al 1.73334577 -0.01780044 1.83113807 	2.06722391 -0.95172049 1.47447870 	1.53339833e-01 6.05708462e-02 9.05619916e-02 	6.89582281e+00 -3.50337281e+00 6.24073771e+00 
Al 1.91872848 1.72744088 -0.01708477 	1.17753106 1.43446460 -0.93363868 	9.71729856e-02 1.22249034e-01 8.28629918e-02 	3.78701334e+00 5.61496395e+00 -3.40395387e+00 

temperature: 1072.21 K 
kinetic energy: 0.415781 eV 
potential energy: -0.640891 eV 
total energy: -0.225111 eV 
wall time from start: 5.57 s 

Adding atom [0, 2] to the training set.
Uncertainty: [0.14128483 0.05411038 0.09966537].
--------------------------------------------------------------------------------
-Frame: 11
Simulation Time: 0.011 ps 
El  Position (A) 				 GP Force (ev/A) 				 Std. Dev (ev/A) 					 Velocities (A/ps) 
Al 0.14596952 -0.02849886 0.05418556 	-1.90356269 -0.72549588 -1.42329578 	9.80235587e-02 4.00216971e-02 6.66242776e-02 	-9.10553932e+00 -4.54567744e+00 -7.54645520e+00 
Al -0.02150154 1.91419435 1.82565674 	-0.49297936 -0.00871492 0.81182206 	1.11758774e-01 7.96751094e-02 9.22493872e-02 	-3.51772430e+00 1.94823343e+00 4.26620336e+00 
Al 1.74855272 -0.02540076 1.84463098 	1.79370527 -0.63130517 1.20981043 	1.10166003e-01 5.21879695e-02 6.48177390e-02 	8.26221893e+00 -4.03965040e+00 7.20485527e+00 
Al 1.92697930 1.73970526 -0.02447328 	0.60283678 1.36551598 -0.59833671 	9.71356599e-02 9.83436636e-02 7.51552150e-02 	4.36104469e+00 6.63709441e+00 -3.92460343e+00 

temperature: 1477.83 K 
kinetic energy: 0.573073 eV 
potential energy: -0.946971 eV 
total energy: -0.373899 eV 
wall time from start: 5.68 s 
--------------------------------------------------------------------------------
-Frame: 15
Simulation Time: 0.015 ps 
El  Position (A) 				 GP Force (ev/A) 				 Std. Dev (ev/A) 					 Velocities (A/ps) 
Al 0.10460152 -0.04842271 0.02042988 	-1.31043647 -0.35602312 -0.83917958 	1.38496321e-01 5.02640227e-02 7.39450478e-02 	-1.14186563e+01 -5.31674543e+00 -9.17399411e+00 
Al -0.03666307 1.92171588 1.84478694 	-0.14723899 -0.26036806 0.52905882 	1.09636424e-01 8.06704849e-02 9.59326403e-02 	-3.97005022e+00 1.74477195e+00 5.22289712e+00 
Al 1.78632669 -0.04308821 1.87633496 	1.30961432 -0.33063606 0.54721556 	1.54151998e-01 6.03980774e-02 5.12567027e-02 	1.04944150e+01 -4.72313474e+00 8.46851177e+00 
Al 1.94573486 1.76979504 -0.04155178 	0.14806114 0.94702725 -0.23709481 	1.00683576e-01 1.09796095e-01 7.41913249e-02 	4.89429153e+00 8.29510822e+00 -4.51741478e+00 

temperature: 2185.87 K 
kinetic energy: 0.847637 eV 
potential energy: -1.221850 eV 
total energy: -0.374212 eV 
wall time from start: 5.79 s 

Calling Quantum Espresso...
QE run complete.
number of DFT calls: 5 
wall time from start: 6.15 s 

*-Frame: 15
Simulation Time: 0.015 ps 
El  Position (A) 				 DFT Force (ev/A) 				 Std. Dev (ev/A) 					 Velocities (A/ps) 
Al 0.10460152 -0.04842271 0.02042988 	-1.37070610 -0.49520703 -0.89709146 	1.38496321e-01 5.02640227e-02 7.39450478e-02 	-1.14294325e+01 -5.34163135e+00 -9.18434868e+00 
Al -0.03666307 1.92171588 1.84478694 	-0.59936992 0.05150153 0.71931940 	1.09636424e-01 8.06704849e-02 9.59326403e-02 	-4.05089069e+00 1.80053385e+00 5.25691549e+00 
Al 1.78632669 -0.04308821 1.87633496 	1.40157941 -0.45926865 0.63436291 	1.54151998e-01 6.03980774e-02 5.12567027e-02 	1.05108583e+01 -4.74613409e+00 8.48409361e+00 
Al 1.94573486 1.76979504 -0.04155178 	0.56849662 0.90297415 -0.45659084 	1.00683576e-01 1.09796095e-01 7.41913249e-02 	4.96946489e+00 8.28723158e+00 -4.55666041e+00 

temperature: 2199.21 K 
kinetic energy: 0.852809 eV 
potential energy: -1.221850 eV 
total energy: -0.369041 eV 
wall time from start: 6.15 s 

Adding atom [0, 2] to the training set.
Uncertainty: [0.13849632 0.05026402 0.07394505].
--------------------------------------------------------------------------------
-Frame: 16
Simulation Time: 0.016 ps 
El  Position (A) 				 GP Force (ev/A) 				 Std. Dev (ev/A) 					 Velocities (A/ps) 
Al 0.09292701 -0.05385288 0.01108514 	-1.23001588 -0.30061161 -0.73053990 	7.75732755e-02 3.04459713e-02 4.02160525e-02 	-1.18944384e+01 -5.48392277e+00 -9.47536721e+00 
Al -0.04082112 1.92352562 1.85017247 	-0.11830970 -0.29253473 0.51443203 	9.02740534e-02 7.50385329e-02 5.41840188e-02 	-4.17921094e+00 1.75743741e+00 5.47750876e+00 
Al 1.79708815 -0.04791646 1.88493248 	1.26355362 -0.29822708 0.40957327 	8.68987259e-02 3.72284039e-02 3.57234340e-02 	1.09873809e+01 -4.88157342e+00 8.67074814e+00 
Al 1.95080597 1.77824373 -0.04619008 	0.08477196 0.89137342 -0.19346541 	8.85068917e-02 7.00371563e-02 5.27990106e-02 	5.08626853e+00 8.60805877e+00 -4.67288969e+00 

temperature: 2356.08 K 
kinetic energy: 0.913639 eV 
potential energy: -1.295712 eV 
total energy: -0.382073 eV 
wall time from start: 6.27 s 
--------------------------------------------------------------------------------
-Frame: 21
Simulation Time: 0.021 ps 
El  Position (A) 				 GP Force (ev/A) 				 Std. Dev (ev/A) 					 Velocities (A/ps) 
Al 0.02905695 -0.08205521 -0.03855170 	-0.48067850 0.06693965 -0.06998151 	4.81634966e-02 7.11828102e-03 1.49919498e-02 	-1.34124319e+01 -5.67916838e+00 -1.01667008e+01 
Al -0.06169368 1.93071974 1.87935034 	0.25194129 -0.46164556 0.14905669 	4.06063760e-02 5.00709909e-02 2.22982752e-02 	-4.05103177e+00 1.06646193e+00 6.07650692e+00 
Al 1.85672155 -0.07321297 1.92906176 	0.59609353 -0.00082387 -0.25507887 	6.03326089e-02 5.16331181e-03 2.47403600e-02 	1.26512506e+01 -5.14191444e+00 8.76699790e+00 
Al 1.97591519 1.82454844 -0.06986040 	-0.36735632 0.39552978 0.17600369 	5.27354097e-02 4.78763690e-02 1.77151726e-02 	4.81221313e+00 9.75462090e+00 -4.67680399e+00 

temperature: 2789.07 K 
kinetic energy: 1.081546 eV 
potential energy: -1.463622 eV 
total energy: -0.382076 eV 
wall time from start: 6.44 s 
--------------------------------------------------------------------------------
-Frame: 26
Simulation Time: 0.026 ps 
El  Position (A) 				 GP Force (ev/A) 				 Std. Dev (ev/A) 					 Velocities (A/ps) 
Al -0.03910711 -0.10966270 -0.08888277 	0.28924959 0.43274159 0.51313948 	5.58315344e-02 4.67716186e-02 6.73312984e-02 	-1.36065584e+01 -5.24677820e+00 -9.77932806e+00 
Al -0.08031349 1.93379776 1.90978961 	0.62210106 -0.61413821 -0.31036512 	6.05899110e-02 5.70688617e-02 6.27269215e-02 	-3.27808777e+00 1.16248985e-01 5.95138416e+00 
Al 1.92162851 -0.09848385 1.97104985 	-0.15826493 0.34135822 -0.74980186 	5.88844891e-02 4.47877520e-02 7.89715714e-02 	1.30694865e+01 -4.85680692e+00 7.87076852e+00 
Al 1.99779209 1.87434879 -0.09195668 	-0.75308572 -0.15996159 0.54702749 	6.97160879e-02 4.68055078e-02 6.44803045e-02 	3.81515971e+00 9.98733614e+00 -4.04282461e+00 

temperature: 2673.55 K 
kinetic energy: 1.036747 eV 
potential energy: -1.418926 eV 
total energy: -0.382179 eV 
wall time from start: 6.61 s 
--------------------------------------------------------------------------------
-Frame: 31
Simulation Time: 0.031 ps 
El  Position (A) 				 GP Force (ev/A) 				 Std. Dev (ev/A) 					 Velocities (A/ps) 
Al -0.10452928 -0.13330818 -0.13451785 	1.23544923 0.90513373 1.21293960 	5.72158414e-02 4.52478449e-02 5.74047030e-02 	-1.22559068e+01 -4.05830904e+00 -8.24819789e+00 
Al -0.09332504 1.93130807 1.93738432 	1.04305933 -0.85625263 -0.85241569 	6.43002641e-02 4.59891315e-02 6.13434638e-02 	-1.79030534e+00 -1.19083666e+00 4.91097072e+00 
Al 1.98497612 -0.12060051 2.00622010 	-1.07925025 0.80503350 -1.36522756 	5.75439594e-02 4.29593144e-02 6.26364139e-02 	1.19713140e+01 -3.83951351e+00 5.99813300e+00 
Al 2.01287820 1.92260061 -0.10908656 	-1.19925832 -0.85391460 1.00470365 	6.36014186e-02 4.30002044e-02 5.84656640e-02 	2.07489815e+00 9.08865922e+00 -2.66090582e+00 

temperature: 1988.45 K 
kinetic energy: 0.771079 eV 
potential energy: -1.153029 eV 
total energy: -0.381950 eV 
wall time from start: 6.78 s 
--------------------------------------------------------------------------------
-Frame: 36
Simulation Time: 0.036 ps 
El  Position (A) 				 GP Force (ev/A) 				 Std. Dev (ev/A) 					 Velocities (A/ps) 
Al -0.15903796 -0.14893417 -0.16939376 	2.00695886 1.27974549 1.79699800 	6.03901058e-02 6.10894413e-02 5.92735258e-02 	-9.29800504e+00 -2.07067881e+00 -5.51304521e+00 
Al -0.09708460 1.92121014 1.95746229 	1.36237388 -1.03352378 -1.25441217 	6.39261341e-02 5.67724155e-02 6.33259191e-02 	3.89984680e-01 -2.90617706e+00 2.99013119e+00 
Al 2.03881561 -0.13559292 2.02923604 	-1.81414220 1.17108165 -1.90785163 	5.56033261e-02 6.11747716e-02 6.30820046e-02 	9.32684695e+00 -2.03880624e+00 3.03229645e+00 
Al 2.01730695 1.96331695 -0.11730458 	-1.55519054 -1.41730335 1.36526580 	5.58208672e-02 6.92323777e-02 6.09870731e-02 	-4.18826591e-01 7.01566211e+00 -5.09382440e-01 

temperature: 1040.86 K 
kinetic energy: 0.403623 eV 
potential energy: -0.784856 eV 
total energy: -0.381233 eV 
wall time from start: 6.95 s 
--------------------------------------------------------------------------------
-Frame: 41
Simulation Time: 0.041 ps 
El  Position (A) 				 GP Force (ev/A) 				 Std. Dev (ev/A) 					 Velocities (A/ps) 
Al -0.19594512 -0.15333402 -0.18847731 	2.33155776 1.36863056 2.02282677 	5.49405096e-02 6.54010709e-02 5.58514125e-02 	-5.36131333e+00 3.39109054e-01 -2.04826126e+00 
Al -0.08886285 1.90205313 1.96655208 	1.41313092 -0.96766916 -1.35133606 	7.08112682e-02 5.94801711e-02 7.15438896e-02 	2.91514432e+00 -4.73552209e+00 6.14729858e-01 
Al 2.07676525 -0.14033091 2.03545978 	-2.11602092 1.25013354 -2.10537376 	4.67734471e-02 7.08074180e-02 6.10851467e-02 	5.75669215e+00 1.68870888e-01 -6.05923208e-01 
Al 2.00804272 1.99161180 -0.11353455 	-1.62866776 -1.65109494 1.43388305 	5.44602105e-02 8.73349593e-02 6.42095823e-02 	-3.31052314e+00 4.22754215e+00 2.03945461e+00 

temperature: 471.92 K 
kinetic energy: 0.183001 eV 
potential energy: -0.563912 eV 
total energy: -0.380911 eV 
wall time from start: 7.12 s 
--------------------------------------------------------------------------------
-Frame: 46
Simulation Time: 0.046 ps 
El  Position (A) 				 GP Force (ev/A) 				 Std. Dev (ev/A) 					 Velocities (A/ps) 
Al -0.21221844 -0.14568506 -0.18967476 	2.35334617 1.19567821 1.96649225 	5.71008072e-02 4.86146578e-02 5.98964307e-02 	-1.14129209e+00 2.66460980e+00 1.55097026e+00 
Al -0.06822638 1.87444675 1.96376956 	1.16307346 -0.62425019 -1.16057546 	7.90570067e-02 4.74703231e-02 6.86157429e-02 	5.25867021e+00 -6.19624381e+00 -1.66589073e+00 
Al 2.09600473 -0.13408714 2.02307299 	-2.12273337 1.05840023 -2.00092299 	5.12259038e-02 5.66124713e-02 6.42077676e-02 	1.93738234e+00 2.26664496e+00 -4.31517034e+00 
Al 1.98444009 2.00532545 -0.09716779 	-1.39368626 -1.62982825 1.19500620 	6.16737453e-02 8.68622454e-02 5.70925306e-02 	-6.05476046e+00 1.26498906e+00 4.43009081e+00 

temperature: 595.04 K 
kinetic energy: 0.230746 eV 
potential energy: -0.611858 eV 
total energy: -0.381112 eV 
wall time from start: 7.28 s 
--------------------------------------------------------------------------------
-Frame: 51
Simulation Time: 0.051 ps 
El  Position (A) 				 GP Force (ev/A) 				 Std. Dev (ev/A) 					 Velocities (A/ps) 
Al -0.20760987 -0.12749255 -0.17345629 	2.14728666 0.82225250 1.67456601 	6.50211159e-02 2.70966309e-02 6.49404458e-02 	2.91874024e+00 4.49175608e+00 4.84269947e+00 
Al -0.03735544 1.84140948 1.95073780 	0.69144894 -0.08071349 -0.79734059 	1.00605090e-01 6.81669049e-02 6.10500436e-02 	6.93712406e+00 -6.84277457e+00 -3.42916664e+00 
Al 2.09639485 -0.11852051 1.99300595 	-1.94392160 0.67689747 -1.60121745 	6.04023462e-02 3.72658783e-02 6.75932795e-02 	-1.72386525e+00 3.83658129e+00 -7.58332312e+00 
Al 1.94857046 2.00460358 -0.07028746 	-0.89481400 -1.41843648 0.72399203 	8.55958282e-02 8.28253527e-02 5.57087421e-02 	-8.13199905e+00 -1.48556279e+00 6.16979029e+00 

temperature: 1227.58 K 
kinetic energy: 0.476029 eV 
potential energy: -0.857583 eV 
total energy: -0.381554 eV 
wall time from start: 7.45 s 
--------------------------------------------------------------------------------
-Frame: 56
Simulation Time: 0.056 ps 
El  Position (A) 				 GP Force (ev/A) 				 Std. Dev (ev/A) 					 Velocities (A/ps) 
Al -0.18400296 -0.10201205 -0.14245927 	1.67689961 0.36543529 1.12517760 	7.63195987e-02 2.30133200e-02 5.36940787e-02 	6.37202322e+00 5.55264283e+00 7.37871576e+00 
Al -0.00033371 1.80763652 1.93058082 	0.17238824 0.44344433 -0.42278674 	1.05800120e-01 9.37486677e-02 4.59056141e-02 	7.70405953e+00 -6.49679255e+00 -4.51288555e+00 
Al 2.07953744 -0.09692881 1.94886913 	-1.58693733 0.25992696 -0.87666028 	7.64991515e-02 3.22621178e-02 5.18791387e-02 	-4.90391787e+00 4.66517103e+00 -9.83721111e+00 
Al 1.90479923 1.99130434 -0.03699068 	-0.26235052 -1.06880658 0.17426942 	9.82385483e-02 8.40578935e-02 5.25390068e-02 	-9.17216488e+00 -3.72102131e+00 6.97138090e+00 

temperature: 1936.14 K 
kinetic energy: 0.750795 eV 
potential energy: -1.132717 eV 
total energy: -0.381923 eV 
wall time from start: 7.61 s 
--------------------------------------------------------------------------------
-Frame: 61
Simulation Time: 0.061 ps 
El  Position (A) 				 GP Force (ev/A) 				 Std. Dev (ev/A) 					 Velocities (A/ps) 
Al -0.14550109 -0.07320242 -0.10149630 	1.07508618 -0.01555147 0.45080222 	7.99337144e-02 6.02897082e-03 3.74864485e-02 	8.83419127e+00 5.84864552e+00 8.78848962e+00 
Al 0.03827234 1.77766525 1.90661710 	-0.29857527 0.75829597 -0.07369685 	7.26805831e-02 7.94708381e-02 9.67986619e-03 	7.58723986e+00 -5.39082003e+00 -4.96097108e+00 
Al 2.04857658 -0.07292355 1.89697027 	-1.11307719 -0.04581626 -0.05320736 	8.23849906e-02 3.82089020e-03 1.66294049e-02 	-7.32764024e+00 4.83888018e+00 -1.06558654e+01 
Al 1.85865217 1.96846072 -0.00209107 	0.33656628 -0.69692824 -0.32389801 	7.67634431e-02 7.75426644e-02 3.43303149e-02 	-9.09379089e+00 -5.29670567e+00 6.82834690e+00 

temperature: 2339.24 K 
kinetic energy: 0.907110 eV 
potential energy: -1.289119 eV 
total energy: -0.382010 eV 
wall time from start: 7.78 s 
--------------------------------------------------------------------------------
-Frame: 66
Simulation Time: 0.066 ps 
El  Position (A) 				 GP Force (ev/A) 				 Std. Dev (ev/A) 					 Velocities (A/ps) 
Al -0.09735604 -0.04447827 -0.05644762 	0.49685641 -0.33143351 -0.16248621 	7.01568836e-02 4.45760704e-02 5.88870569e-02 	1.02384334e+01 5.54012783e+00 9.03387239e+00 
Al 0.07418567 1.75437809 1.88207877 	-0.79808393 0.94680998 0.38587138 	6.13885974e-02 8.06030295e-02 5.04131339e-02 	6.61746886e+00 -3.86429892e+00 -4.70661976e+00 
Al 2.00770938 -0.04929270 1.84444012 	-0.56582947 -0.30875337 0.57766311 	7.85117600e-02 4.03634688e-02 5.82820355e-02 	-8.84364096e+00 4.52964603e+00 -1.01535477e+01 
Al 1.81546099 1.93939289 0.02992872 	0.86705699 -0.30662311 -0.80104828 	6.89870450e-02 7.42689900e-02 5.81644903e-02 	-8.01226128e+00 -6.20547495e+00 5.82629511e+00 

temperature: 2294.95 K 
kinetic energy: 0.889935 eV 
potential energy: -1.271928 eV 
total energy: -0.381993 eV 
wall time from start: 7.95 s 
--------------------------------------------------------------------------------
-Frame: 71
Simulation Time: 0.071 ps 
El  Position (A) 				 GP Force (ev/A) 				 Std. Dev (ev/A) 					 Velocities (A/ps) 
Al -0.04483877 -0.01878180 -0.01282881 	-0.17343786 -0.72481615 -0.74328566 	7.25035205e-02 4.59153179e-02 6.98142168e-02 	1.05530491e+01 4.61166402e+00 8.22694891e+00 
Al 0.10292310 1.73960651 1.86109626 	-1.34272201 1.19164555 0.97712132 	5.70941857e-02 6.87556455e-02 6.70463115e-02 	4.70144296e+00 -1.96532636e+00 -3.49502086e+00 
Al 1.96190396 -0.02851264 1.79696993 	0.13999475 -0.68236506 1.06692909 	7.35403396e-02 4.01342997e-02 8.21781213e-02 	-9.25117213e+00 3.66176481e+00 -8.67778553e+00 
Al 1.78001171 1.90768793 0.05476263 	1.37616512 0.21553565 -1.30076474 	6.47180138e-02 6.85964759e-02 5.83911191e-02 	-6.00331994e+00 -6.30810246e+00 3.94585749e+00 

temperature: 1817.98 K 
kinetic energy: 0.704978 eV 
potential energy: -1.086872 eV 
total energy: -0.381895 eV 
wall time from start: 8.11 s 
--------------------------------------------------------------------------------
-Frame: 76
Simulation Time: 0.076 ps 
El  Position (A) 				 GP Force (ev/A) 				 Std. Dev (ev/A) 					 Velocities (A/ps) 
Al 0.00602175 0.00040261 0.02414160 	-0.96834464 -1.15203450 -1.31346565 	6.93432919e-02 5.86342915e-02 5.86814463e-02 	9.53387322e+00 2.92357609e+00 6.37680059e+00 
Al 0.11974013 1.73550873 1.84877972 	-1.77381504 1.45715524 1.47364539 	5.89075252e-02 7.12693640e-02 7.72599639e-02 	1.88607446e+00 4.12483782e-01 -1.27087791e+00 
Al 1.91742783 -0.01386333 1.75904210 	0.93698451 -1.08965980 1.54354277 	7.03114639e-02 4.96686563e-02 7.19594292e-02 	-8.28129264e+00 2.06583870e+00 -6.33932809e+00 
Al 1.75681029 1.87795199 0.06803658 	1.80517517 0.78453906 -1.70372251 	6.59551346e-02 7.15176183e-02 5.69553810e-02 	-3.13865505e+00 -5.40189857e+00 1.23340541e+00 

temperature: 1078.23 K 
kinetic energy: 0.418118 eV 
potential energy: -0.799579 eV 
total energy: -0.381462 eV 
wall time from start: 8.29 s 
--------------------------------------------------------------------------------
-Frame: 81
Simulation Time: 0.081 ps 
El  Position (A) 				 GP Force (ev/A) 				 Std. Dev (ev/A) 					 Velocities (A/ps) 
Al 0.04834813 0.00942083 0.04950828 	-1.60105740 -1.40235798 -1.69599273 	7.97332307e-02 8.28462505e-02 6.60536561e-02 	7.19226363e+00 6.02769257e-01 3.64628193e+00 
Al 0.12087915 1.74432557 1.84941027 	-1.95978791 1.57256601 1.66190404 	6.34136715e-02 8.80465093e-02 8.15113120e-02 	-1.49041022e+00 3.15172161e+00 1.58390128e+00 
Al 1.88116711 -0.00881660 1.73482595 	1.51967231 -1.31213347 1.90035398 	8.02730313e-02 7.26606998e-02 8.26495320e-02 	-6.03478142e+00 -1.19103781e-01 -3.23182971e+00 
Al 1.74960562 1.85507020 0.06625550 	2.04117300 1.14192545 -1.86626529 	7.51324591e-02 8.55686698e-02 6.68981076e-02 	3.32928012e-01 -3.63538708e+00 -1.99835351e+00 

temperature: 520.12 K 
kinetic energy: 0.201691 eV 
potential energy: -0.582689 eV 
total energy: -0.380998 eV 
wall time from start: 8.46 s 
--------------------------------------------------------------------------------
-Frame: 86
Simulation Time: 0.086 ps 
El  Position (A) 				 GP Force (ev/A) 				 Std. Dev (ev/A) 					 Velocities (A/ps) 
Al 0.07662269 0.00610795 0.05993742 	-1.88068236 -1.36945267 -1.77191783 	7.40069319e-02 8.47699400e-02 6.45440622e-02 	4.02774192e+00 -1.91733607e+00 5.01020673e-01 
Al 0.10470273 1.76702406 1.86462276 	-1.85624301 1.44139399 1.46511057 	6.52518333e-02 8.83022085e-02 8.20653828e-02 	-4.94711401e+00 5.88569246e+00 4.43793808e+00 
Al 1.85820671 -0.01529145 1.72742971 	1.71420711 -1.24640651 2.02646929 	7.52111086e-02 7.35152327e-02 8.16451790e-02 	-3.08692415e+00 -2.44972996e+00 3.13952332e-01 
Al 1.76046787 1.84215943 0.04801011 	2.02271825 1.17446519 -1.71966203 	7.55477684e-02 8.03560105e-02 7.47541081e-02 	4.00629624e+00 -1.51862643e+00 -5.25291109e+00 

temperature: 578.86 K 
kinetic energy: 0.224469 eV 
potential energy: -0.605467 eV 
total energy: -0.380998 eV 
wall time from start: 8.63 s 
--------------------------------------------------------------------------------
-Frame: 91
Simulation Time: 0.091 ps 
El  Position (A) 				 GP Force (ev/A) 				 Std. Dev (ev/A) 					 Velocities (A/ps) 
Al 0.08832628 -0.00924070 0.05474010 	-1.82136989 -1.05198886 -1.55043274 	6.56675414e-02 6.10596270e-02 5.50626031e-02 	6.72967019e-01 -4.11956653e+00 -2.50838516e+00 
Al 0.07217520 1.80239540 1.89263923 	-1.42247903 1.01965726 0.87183344 	6.94657544e-02 6.15591799e-02 6.98327997e-02 	-7.92379116e+00 8.12676930e+00 6.57677416e+00 
Al 1.85030722 -0.03269442 1.73796841 	1.54337239 -0.88728529 1.89715942 	6.70336174e-02 4.82400468e-02 7.54519830e-02 	-1.28319767e-01 -4.39539955e+00 3.86003367e+00 
Al 1.78919130 1.83953972 0.01465226 	1.70047654 0.91961689 -1.21856012 	6.76970748e-02 5.38595214e-02 6.33521678e-02 	7.37914391e+00 3.88196788e-01 -7.92842266e+00 

temperature: 1252.98 K 
kinetic energy: 0.485880 eV 
potential energy: -0.867374 eV 
total energy: -0.381495 eV 
wall time from start: 8.80 s 
--------------------------------------------------------------------------------
-Frame: 96
Simulation Time: 0.096 ps 
El  Position (A) 				 GP Force (ev/A) 				 Std. Dev (ev/A) 					 Velocities (A/ps) 
Al 0.08395004 -0.03386107 0.03584235 	-1.48367280 -0.55775447 -1.11035678 	7.10476222e-02 2.89149363e-02 5.06702205e-02 	-2.31418635e+00 -5.56847433e+00 -4.90839950e+00 
Al 0.02708113 1.84673680 1.92832373 	-0.78952582 0.40662802 0.11486614 	1.09762142e-01 2.99421765e-02 7.97536745e-02 	-9.90884154e+00 9.41126082e+00 7.45157427e+00 
Al 1.85602880 -0.05790575 1.76527137 	1.13230258 -0.36509133 1.49958782 	7.77337031e-02 2.62033806e-02 7.67501195e-02 	2.28370537e+00 -5.51985794e+00 6.93287241e+00 
Al 1.83294004 1.84503003 -0.02943745 	1.14089604 0.51621778 -0.50409718 	9.31575818e-02 2.60915473e-02 5.63035030e-02 	9.93932252e+00 1.67707145e+00 -9.47604719e+00 

temperature: 2083.69 K 
kinetic energy: 0.808011 eV 
potential energy: -1.189962 eV 
total energy: -0.381951 eV 
wall time from start: 8.96 s 
--------------------
Run complete. 
