2020-05-07 20:29:29.195333 
number of cpu cores: 4
cutoffs: [4. 4.]
kernel_name: two_plus_three_body_mc
number of hyperparameters: 5
hyperparameters: [1. 1. 1. 1. 1.]
hyperparameter optimization algorithm: L-BFGS-B
uncertainty tolerance: 0.1 eV/A
timestep (ps): 0.0001
number of frames: 5
number of atoms: 2
system species: {'H'}
periodic cell: 
[[5. 0. 0.]
 [0. 5. 0.]
 [0. 0. 5.]]

previous positions (A):
H        2.3000    2.5000    2.5000
H        2.8000    2.5000    2.5000
--------------------------------------------------------------------------------

Calling DFT...
DFT run complete.
number of DFT calls: 1 
wall time from start: 0.41 s 

*-Frame: 0 
Simulation Time: 0.0 ps 
El            Position (A)                    DFT Force (ev/A)                  Std. Dev (ev/A)                  Velocities (A/ps)       
H        2.3000    2.5000    2.5000      -22.2982    0.0000    0.0000        0.0000    0.0000    0.0000      -10.7572    0.0000    0.0000
H        2.8000    2.5000    2.5000       22.2982    0.0000    0.0000        0.0000    0.0000    0.0000       10.7572    0.0000    0.0000

temperature: 92.78 K 
kinetic energy: 0.011993 eV 
potential energy: 0.000000 eV 
total energy: 0.011993 eV 
wall time from start: 0.41 s 

Adding atom [0] to the training set.
Uncertainty: [0. 0. 0.].

GP hyperparameters: 
Hyp0 : Signal Std 2b = 2.8573
Hyp1 : Length Scale 2b = 3.5504
Hyp2 : Signal Std 3b = 1.0000
Hyp3 : Length Scale 3b = 1.0000
Hyp4 : Noise Std = 0.0010
likelihood: 7.4542
likelihood gradient: [-9.64981039e-06  1.51792541e-06  0.00000000e+00  0.00000000e+00
 -2.00000000e+03]
wall time from start: 0.65 s 
--------------------------------------------------------------------------------
-Frame: 1 
Simulation Time: 0.0001 ps 
El            Position (A)                    GP Force (ev/A)                   Std. Dev (ev/A)                  Velocities (A/ps)       
H        2.2978    2.5000    2.5000      -22.2982    0.0000    0.0000        0.0000    0.0000    0.0000      -32.2717    0.0000    0.0000
H        2.8022    2.5000    2.5000       22.2982    0.0000    0.0000        0.0000    0.0000    0.0000       32.2717    0.0000    0.0000

temperature: 835.06 K 
kinetic energy: 0.107940 eV 
potential energy: 0.000000 eV 
total energy: 0.107940 eV 
wall time from start: 0.74 s 
--------------------------------------------------------------------------------
-Frame: 2 
Simulation Time: 0.0002 ps 
El            Position (A)                    GP Force (ev/A)                   Std. Dev (ev/A)                  Velocities (A/ps)       
H        2.2935    2.5000    2.5000      -22.2982    0.0000    0.0000        0.0000    0.0000    0.0000      -53.7861    0.0000    0.0000
H        2.8065    2.5000    2.5000       22.2982    0.0000    0.0000        0.0000    0.0000    0.0000       53.7861    0.0000    0.0000

temperature: 2319.61 K 
kinetic energy: 0.299833 eV 
potential energy: 0.000000 eV 
total energy: 0.299833 eV 
wall time from start: 0.83 s 
--------------------------------------------------------------------------------
-Frame: 3 
Simulation Time: 0.0003 ps 
El            Position (A)                    GP Force (ev/A)                   Std. Dev (ev/A)                  Velocities (A/ps)       
H        2.2871    2.5000    2.5000      -22.2982    0.0000    0.0000        0.0000    0.0000    0.0000      -75.3006    0.0000    0.0000
H        2.8129    2.5000    2.5000       22.2982    0.0000    0.0000        0.0000    0.0000    0.0000       75.3006    0.0000    0.0000

temperature: 4546.44 K 
kinetic energy: 0.587672 eV 
potential energy: 0.000000 eV 
total energy: 0.587672 eV 
wall time from start: 0.91 s 
--------------------------------------------------------------------------------
-Frame: 4 
Simulation Time: 0.0004 ps 
El            Position (A)                    GP Force (ev/A)                   Std. Dev (ev/A)                  Velocities (A/ps)       
H        2.2785    2.5000    2.5000      -22.2982    0.0000    0.0000        0.0000    0.0000    0.0000      -96.8150    0.0000    0.0000
H        2.8215    2.5000    2.5000       22.2982    0.0000    0.0000        0.0000    0.0000    0.0000       96.8150    0.0000    0.0000

temperature: 7515.54 K 
kinetic energy: 0.971458 eV 
potential energy: 0.000000 eV 
total energy: 0.971458 eV 
wall time from start: 0.99 s 
--------------------
Run complete.
